 win32_handmade

 Timestamp is 57328c86 (Tue May 10 21:36:06 2016)

 Preferred load address is 00400000

 Start         Length     Name                   Class
 0001:00000000 0000025fH .text                   CODE
 0001:00000260 0000c8d7H .text$mn                CODE
 0002:00000000 0000015cH .idata$5                DATA
 0002:0000015c 00000004H .00cfg                  DATA
 0002:00000160 00000004H .CRT$XCA                DATA
 0002:00000164 00000004H .CRT$XCAA               DATA
 0002:00000168 00000004H .CRT$XCZ                DATA
 0002:0000016c 00000004H .CRT$XIA                DATA
 0002:00000170 00000004H .CRT$XIAA               DATA
 0002:00000174 00000004H .CRT$XIAC               DATA
 0002:00000178 0000000cH .CRT$XIC                DATA
 0002:00000184 00000004H .CRT$XIZ                DATA
 0002:00000188 00000004H .CRT$XPA                DATA
 0002:0000018c 00000008H .CRT$XPX                DATA
 0002:00000194 00000004H .CRT$XPXA               DATA
 0002:00000198 00000004H .CRT$XPZ                DATA
 0002:0000019c 00000004H .CRT$XTA                DATA
 0002:000001a0 00000004H .CRT$XTZ                DATA
 0002:000001a4 00000000H .gfids$x                DATA
 0002:000001b0 00005414H .rdata                  DATA
 0002:000055c4 00000000H .rdata$r                DATA
 0002:000055d0 0000000cH .rdata$sxdata           DATA
 0002:000055e0 00000010H .rdata$zETW0            DATA
 0002:000055f0 00000077H .rdata$zETW1            DATA
 0002:00005667 0000002cH .rdata$zETW2            DATA
 0002:00005693 00000001H .rdata$zETW9            DATA
 0002:00005694 00000320H .rdata$zzzdbg           DATA
 0002:000059b4 00000004H .rtc$IAA                DATA
 0002:000059b8 00000004H .rtc$IZZ                DATA
 0002:000059bc 00000004H .rtc$TAA                DATA
 0002:000059c0 00000004H .rtc$TZZ                DATA
 0002:000059c8 0000036cH .xdata$x                DATA
 0002:00005d34 00000000H .edata                  DATA
 0002:00005d34 00000064H .idata$2                DATA
 0002:00005d98 00000014H .idata$3                DATA
 0002:00005dac 0000015cH .idata$4                DATA
 0002:00005f08 00000602H .idata$6                DATA
 0003:00000000 000007d0H .data                   DATA
 0003:000007d0 00000000H .data$r                 DATA
 0003:000007d0 00000a80H .bss                    DATA

  Address         Publics by Value              Rva+Base       Lib:Object

 0000:00000000       ___guard_fids_count        00000000     <absolute>
 0000:00000000       __except_list              00000000     <absolute>
 0000:00000000       ___guard_fids_table        00000000     <absolute>
 0000:00000003       ___safe_se_handler_count   00000003     <absolute>
 0000:00000100       ___guard_flags             00000100     <absolute>
 0000:00000000       ___ImageBase               00400000     <linker-defined>
 0001:00000000       ?TraceLoggingRegister@__vcrt_trace_logging_provider@@YAJPBU_TlgProvider_t@1@PBU_GUID@@P6GX1KE_K2PAU_EVENT_FILTER_DESCRIPTOR@@PAX@Z4@Z 00401000 f i libvcruntime:telemetry.obj
 0001:0000005d       ?TraceLoggingSetInformation@__vcrt_trace_logging_provider@@YAJPBU_TlgProvider_t@1@W4_EVENT_INFO_CLASS@@PAXK@Z 0040105d f i libvcruntime:telemetry.obj
 0001:00000088       ?TraceLoggingUnregister@__vcrt_trace_logging_provider@@YAXPBU_TlgProvider_t@1@@Z 00401088 f i libvcruntime:telemetry.obj
 0001:000000a7       ?_TlgCreateSz@__vcrt_trace_logging_provider@@YAXPAU_EVENT_DATA_DESCRIPTOR@@PBD@Z 004010a7 f i libvcruntime:telemetry.obj
 0001:000000df       ?_TlgCreateWsz@__vcrt_trace_logging_provider@@YAXPAU_EVENT_DATA_DESCRIPTOR@@PB_W@Z 004010df f i libvcruntime:telemetry.obj
 0001:00000123       ?_TlgEnableCallback@__vcrt_trace_logging_provider@@YGXPBU_GUID@@KE_K1PAU_EVENT_FILTER_DESCRIPTOR@@PAX@Z 00401123 f i libvcruntime:telemetry.obj
 0001:0000019b       ?_TlgKeywordOn@__vcrt_trace_logging_provider@@YAEPBU_TlgProvider_t@1@_K@Z 0040119b f i libvcruntime:telemetry.obj
 0001:000001d7       ?_TlgWrite@__vcrt_trace_logging_provider@@YAJPBU_TlgProvider_t@1@PBXPBU_GUID@@2IPAU_EVENT_DATA_DESCRIPTOR@@@Z 004011d7 f i libvcruntime:telemetry.obj
 0001:00000260       _WinMain@16                00401260 f   win32_handmade.obj
 0001:00001220       ?XInputGetStateStub@@YGKKPAU_XINPUT_STATE@@@Z 00402220 f   win32_handmade.obj
 0001:00001230       ?XInputSetStateStub@@YGKKPAU_XINPUT_VIBRATION@@@Z 00402230 f   win32_handmade.obj
 0001:00001690       ?Win32FillSoundBuffer@@YAXPAUwin32_sound_output@@KKPAUgame_sound_output_buffer@@@Z 00402690 f   win32_handmade.obj
 0001:00001c70       ?Win32GetSecondsElapsed@@YAMT_LARGE_INTEGER@@0@Z 00402c70 f i win32_handmade.obj
 0001:00001cc0       ?Win32GetWallClock@@YA?AT_LARGE_INTEGER@@XZ 00402cc0 f i win32_handmade.obj
 0001:00001ce0       _sinf                      00402ce0 f i win32_handmade.obj
 0001:00001cfe       @__security_check_cookie@4 00402cfe f   LIBCMT:_secchk_.obj
 0001:00001d10       __ftoui3                   00402d10 f   LIBCMT:_ftol3_.obj
 0001:00001d1f       __ftoul3                   00402d1f f   LIBCMT:_ftol3_.obj
 0001:00001d2e       __ftol3                    00402d2e f   LIBCMT:_ftol3_.obj
 0001:00001d3b       __ftol3_NaN                00402d3b f   LIBCMT:_ftol3_.obj
 0001:00001d53       __ftol3_work               00402d53 f   LIBCMT:_ftol3_.obj
 0001:00001dd9       __ftol3_common             00402dd9 f   LIBCMT:_ftol3_.obj
 0001:00001e9b       __ftol3_arg_error          00402e9b f   LIBCMT:_ftol3_.obj
 0001:00001ead       __ftol3_except             00402ead f   LIBCMT:_ftol3_.obj
 0001:00001ef1       __dtoui3                   00402ef1 f   LIBCMT:_ftol3_.obj
 0001:00001f00       __dtoul3                   00402f00 f   LIBCMT:_ftol3_.obj
 0001:00001f0f       __dtol3                    00402f0f f   LIBCMT:_ftol3_.obj
 0001:00001f1c       __dtol3_NaN                00402f1c f   LIBCMT:_ftol3_.obj
 0001:00001f39       __dtol3_work               00402f39 f   LIBCMT:_ftol3_.obj
 0001:00002020       __ultod3                   00403020 f   LIBCMT:_ftol3_.obj
 0001:00002060       __ltod3                    00403060 f   LIBCMT:_ftol3_.obj
 0001:000022b2       _WinMainCRTStartup         004032b2 f   LIBCMT:exe_winmain.obj
 0001:000022bc       ___raise_securityfailure   004032bc f   LIBCMT:gs_report.obj
 0001:000022e4       ___report_gsfailure        004032e4 f   LIBCMT:gs_report.obj
 0001:00002423       ___scrt_acquire_startup_lock 00403423 f   LIBCMT:utility.obj
 0001:00002458       ___scrt_initialize_crt     00403458 f   LIBCMT:utility.obj
 0001:00002491       ___scrt_initialize_onexit_tables 00403491 f   LIBCMT:utility.obj
 0001:00002528       ___scrt_is_nonwritable_in_current_image 00403528 f   LIBCMT:utility.obj
 0001:000025b5       ___scrt_release_startup_lock 004035b5 f   LIBCMT:utility.obj
 0001:000025d2       ___scrt_uninitialize_crt   004035d2 f   LIBCMT:utility.obj
 0001:000025fa       __onexit                   004035fa f   LIBCMT:utility.obj
 0001:00002635       _atexit                    00403635 f   LIBCMT:utility.obj
 0001:0000264a       ___security_init_cookie    0040364a f   LIBCMT:gs_support.obj
 0001:000026e6       __get_startup_argv_mode    004036e6 f   LIBCMT:argv_mode.obj
 0001:000026ea       __matherr                  004036ea f   LIBCMT:matherr.obj
 0001:000026ea       ___scrt_initialize_winrt   004036ea f   LIBCMT:utility_desktop.obj
 0001:000026ea       __get_startup_thread_locale_mode 004036ea f   LIBCMT:thread_locale.obj
 0001:000026ea       __get_startup_new_mode     004036ea f   LIBCMT:new_mode.obj
 0001:000026ea       __get_startup_commit_mode  004036ea f   LIBCMT:commit_mode.obj
 0001:000026ed       __get_startup_file_mode    004036ed f   LIBCMT:file_mode.obj
 0001:000026f3       ?__scrt_initialize_type_info@@YAXXZ 004036f3 f   LIBCMT:tncleanup.obj
 0001:000026ff       __initialize_default_precision 004036ff f   LIBCMT:default_precision.obj
 0001:00002720       __initialize_invalid_parameter_handler 00403720 f   LIBCMT:invalid_parameter_handler.obj
 0001:00002720       __initialize_denormal_control 00403720 f   LIBCMT:denormal_control.obj
 0001:00002720       ___except_validate_context_record 00403720 f   libvcruntime:jbcxrval.obj
 0001:00002720       ___except_validate_jump_buffer 00403720 f   libvcruntime:jbcxrval.obj
 0001:00002720       @_guard_check_icall_nop@4  00403720 f   LIBCMT:guard_support.obj
 0001:00002721       ___local_stdio_printf_options 00403721 f i LIBCMT:default_local_stdio_options.obj
 0001:00002727       ___local_stdio_scanf_options 00403727 f i LIBCMT:default_local_stdio_options.obj
 0001:0000272d       ___scrt_initialize_default_local_stdio_options 0040372d f   LIBCMT:default_local_stdio_options.obj
 0001:0000274a       ___scrt_is_user_matherr_present 0040374a f   LIBCMT:matherr_detection.obj
 0001:00002756       ___scrt_get_dyn_tls_init_callback 00403756 f   LIBCMT:dyn_tls_init.obj
 0001:0000275c       ___scrt_get_dyn_tls_dtor_callback 0040375c f   LIBCMT:dyn_tls_dtor.obj
 0001:00002762       ___scrt_fastfail           00403762 f   LIBCMT:utility_desktop.obj
 0001:0000287d       ___scrt_get_show_window_mode 0040387d f   LIBCMT:utility_desktop.obj
 0001:000028b0       ___scrt_is_managed_app     004038b0 f   LIBCMT:utility_desktop.obj
 0001:000028f4       ___scrt_set_unhandled_exception_filter 004038f4 f   LIBCMT:utility_desktop.obj
 0001:00002900       ___scrt_unhandled_exception_filter@4 00403900 f   LIBCMT:utility_desktop.obj
 0001:00002941       __crt_debugger_hook        00403941 f   LIBCMT:utility_desktop.obj
 0001:00002949       __RTC_Initialize           00403949 f   LIBCMT:_initsect_.obj
 0001:00002974       __RTC_Terminate            00403974 f   LIBCMT:_initsect_.obj
 0001:0000299f       @_guard_check_icall@4      0040399f f i LIBCMT:checkcfg.obj
 0001:000029b0       __SEH_prolog4              004039b0 f   LIBCMT:_sehprolg4_.obj
 0001:000029f6       __SEH_epilog4              004039f6 f   LIBCMT:_sehprolg4_.obj
 0001:00002a0b       ___isa_available_init      00403a0b f   LIBCMT:_cpu_disp_.obj
 0001:00002bac       ___scrt_is_ucrt_dll_in_use 00403bac f   LIBCMT:ucrt_detection.obj
 0001:00002bb8       _IsProcessorFeaturePresent@4 00403bb8 f   kernel32:KERNEL32.dll
 0001:00002bc0       _memset                    00403bc0 f   libvcruntime:memset.obj
 0001:00002d54       ___telemetry_main_invoke_trigger 00403d54 f   libvcruntime:telemetry.obj
 0001:00002df0       ___telemetry_main_return_trigger 00403df0 f   libvcruntime:telemetry.obj
 0001:00002e8c       ___vcrt_initialize_telemetry_provider 00403e8c f   libvcruntime:telemetry.obj
 0001:00002e9f       ___vcrt_uninitialize_telemetry_provider 00403e9f f   libvcruntime:telemetry.obj
 0001:00002ef0       __except_handler4          00403ef0 f   libvcruntime:_chandler4_.obj
 0001:0000304a       ___vcrt_initialize         0040404a f   libvcruntime:initialization.obj
 0001:00003078       ___vcrt_uninitialize       00404078 f   libvcruntime:initialization.obj
 0001:0000309c       ??$__crt_fast_encode_pointer@PAP6AXXZ@@YAPAP6AXXZQAP6AXXZ@Z 0040409c f i LIBCMT:utility.obj
 0001:0000309c       ??$__crt_fast_encode_pointer@PAX@@YAPAXQAX@Z 0040409c f i libvcruntime:winapi_downlevel.obj
 0001:000031da       ___vcrt_EventRegister      004041da f   libvcruntime:winapi_downlevel.obj
 0001:0000321a       ___vcrt_EventSetInformation 0040421a f   libvcruntime:winapi_downlevel.obj
 0001:0000325d       ___vcrt_EventUnregister    0040425d f   libvcruntime:winapi_downlevel.obj
 0001:00003297       ___vcrt_EventWriteTransfer 00404297 f   libvcruntime:winapi_downlevel.obj
 0001:000032e0       ___vcrt_FlsAlloc           004042e0 f   libvcruntime:winapi_downlevel.obj
 0001:0000331a       ___vcrt_FlsFree            0040431a f   libvcruntime:winapi_downlevel.obj
 0001:00003354       ___vcrt_FlsSetValue        00404354 f   libvcruntime:winapi_downlevel.obj
 0001:00003391       ___vcrt_InitializeCriticalSectionEx 00404391 f   libvcruntime:winapi_downlevel.obj
 0001:000033d7       ___vcrt_initialize_winapi_thunks 004043d7 f   libvcruntime:winapi_downlevel.obj
 0001:000033fb       ___vcrt_uninitialize_winapi_thunks 004043fb f   libvcruntime:winapi_downlevel.obj
 0001:00003430       __local_unwind4            00404430 f   libvcruntime:_exsup4_.obj
 0001:00003506       __seh_longjmp_unwind4@4    00404506 f   libvcruntime:_exsup4_.obj
 0001:0000352e       @_EH4_CallFilterFunc@8     0040452e f   libvcruntime:_exsup4_.obj
 0001:00003545       @_EH4_TransferToHandler@8  00404545 f   libvcruntime:_exsup4_.obj
 0001:0000355e       @_EH4_GlobalUnwind2@8      0040455e f   libvcruntime:_exsup4_.obj
 0001:00003577       @_EH4_LocalUnwind@16       00404577 f   libvcruntime:_exsup4_.obj
 0001:0000358e       ___vcrt_freefls@4          0040458e f   libvcruntime:per_thread_data.obj
 0001:000035aa       ___vcrt_initialize_ptd     004045aa f   libvcruntime:per_thread_data.obj
 0001:000035dd       ___vcrt_uninitialize_ptd   004045dd f   libvcruntime:per_thread_data.obj
 0001:000035f8       ___vcrt_initialize_locks   004045f8 f   libvcruntime:locks.obj
 0001:00003634       ___vcrt_uninitialize_locks 00404634 f   libvcruntime:locks.obj
 0001:00003663       ___vcrt_initialize_pure_virtual_call_handler 00404663 f   libvcruntime:purevirt_data.obj
 0001:00003680       __global_unwind2           00404680 f   libvcruntime:_exsup_.obj
 0001:000036e5       __local_unwind2            004046e5 f   libvcruntime:_exsup_.obj
 0001:00003769       __abnormal_termination     00404769 f   libvcruntime:_exsup_.obj
 0001:0000378c       __NLG_Notify1              0040478c f   libvcruntime:_exsup_.obj
 0001:00003795       __NLG_Notify               00404795 f   libvcruntime:_exsup_.obj
 0001:000037ac       __NLG_Dispatch2            004047ac     libvcruntime:_exsup_.obj
 0001:000037ac       __NLG_Dispatch             004047ac     libvcruntime:_exsup_.obj
 0001:000037b4       __NLG_Call                 004047b4 f   libvcruntime:_exsup_.obj
 0001:000037b6       __NLG_Return2              004047b6     libvcruntime:_exsup_.obj
 0001:000037c0       __libm_sse2_sin_precise    004047c0 f   libucrt:sin_sse2_precise.obj
 0001:00003988       __errcode                  00404988 f   libucrt:fpexcept.obj
 0001:000039bc       __except1                  004049bc f   libucrt:fpexcept.obj
 0001:00003a8a       __handle_exc               00404a8a f   libucrt:fpexcept.obj
 0001:00003c6a       __raise_exc                00404c6a f   libucrt:fpexcept.obj
 0001:00003c8d       __raise_exc_ex             00404c8d f   libucrt:fpexcept.obj
 0001:00003f7e       __set_errno_from_matherr   00404f7e f   libucrt:fpexcept.obj
 0001:00003fad       __umatherr                 00404fad f   libucrt:fpexcept.obj
 0001:0000404f       __seh_filter_exe           0040504f f   libucrt:exception_filter.obj
 0001:000041c2       __query_app_type           004051c2 f   libucrt:report_runtime_error.obj
 0001:000041c8       __set_app_type             004051c8 f   libucrt:report_runtime_error.obj
 0001:000041d7       ??$__crt_fast_encode_pointer@P6GXPAXK0@Z@@YAP6GXPAXK0@ZQ6GX0K0@Z@Z 004051d7 f i libucrt:exit.obj
 0001:000041d7       ??$__crt_fast_encode_pointer@P6AHPAU_exception@@@Z@@YAP6AHPAU_exception@@@ZQ6AH0@Z@Z 004051d7 f i libucrt:matherr.obj
 0001:000041d7       ??$__crt_fast_encode_pointer@P6AHXZ@@YAP6AHXZQ6AHXZ@Z 004051d7 f i libucrt:onexit.obj
 0001:000041f6       ___acrt_has_user_matherr   004051f6 f   libucrt:matherr.obj
 0001:0000420f       ___acrt_initialize_user_matherr 0040520f f   libucrt:matherr.obj
 0001:00004223       ___acrt_invoke_user_matherr 00405223 f   libucrt:matherr.obj
 0001:0000426c       ___setusermatherr          0040526c f   libucrt:matherr.obj
 0001:0000451a       ___acrt_allocate_buffer_for_argv 0040551a f   libucrt:argv_parsing.obj
 0001:0000456f       __configure_narrow_argv    0040556f f   libucrt:argv_parsing.obj
 0001:000046d3       ??$uninitialize@A6AXAAPAPAD@Z@?$dual_state_global@PAPAD@__crt_state_management@@QAEXA6AXAAPAPAD@Z@Z 004056d3 f i libucrt:environment_initialization.obj
 0001:000046d3       ??$uninitialize@A6AXAAPAPA_W@Z@?$dual_state_global@PAPA_W@__crt_state_management@@QAEXA6AXAAPAPA_W@Z@Z 004056d3 f i libucrt:environment_initialization.obj
 0001:00004749       ___dcrt_uninitialize_environments_nolock 00405749 f   libucrt:environment_initialization.obj
 0001:00004780       __initialize_narrow_environment 00405780 f   libucrt:environment_initialization.obj
 0001:00004785       __get_narrow_winmain_command_line 00405785 f   libucrt:argv_winmain.obj
 0001:000047d8       __initterm                 004057d8 f   libucrt:initterm.obj
 0001:00004834       __initterm_e               00405834 f   libucrt:initterm.obj
 0001:00004a50       ___acrt_initialize_thread_local_exit_callback 00405a50 f   libucrt:exit.obj
 0001:00004a5f       __c_exit                   00405a5f f   libucrt:exit.obj
 0001:00004a6e       __cexit                    00405a6e f   libucrt:exit.obj
 0001:00004a7d       __exit                     00405a7d f   libucrt:exit.obj
 0001:00004a93       __register_thread_local_exe_atexit_callback 00405a93 f   libucrt:exit.obj
 0001:00004acb       _exit                      00405acb f   libucrt:exit.obj
 0001:00004ae1       __set_fmode                00405ae1 f   libucrt:setmode.obj
 0001:00004b1e       ___acrt_set_locale_changed 00405b1e f   libucrt:wsetlocale.obj
 0001:00004b29       ___acrt_uninitialize_locale 00405b29 f   libucrt:wsetlocale.obj
 0001:00004b7b       __configthreadlocale       00405b7b f   libucrt:wsetlocale.obj
 0001:00004bdd       __query_new_mode           00405bdd f   libucrt:new_mode.obj
 0001:00004be3       __set_new_mode             00405be3 f   libucrt:new_mode.obj
 0001:00004c12       ___p__commode              00405c12 f   libucrt:ncommode.obj
 0001:00004c18       ??$?RV<lambda_800076c951b434888f4765a74a194fcc>@@AAV<lambda_4e60a939b0d047cfe11ddc22648dfba9>@@V<lambda_6dbb1268764f43b569ce7b67e331d33a>@@@?$__crt_seh_guarded_call@H@@QAEH$$QAV<lambda_800076c951b434888f4765a74a194fcc>@@AAV<lambda_4e60a939b0d047cfe11ddc22648dfba9>@@$$QAV<lambda_6dbb1268764f43b569ce7b67e331d33a>@@@Z 00405c18 f i libucrt:onexit.obj
 0001:00004c69       ??$?RV<lambda_995298e7d72eb4c2aab26c0585b3abe5>@@AAV<lambda_275893d493268fdec8709772e3fcec0e>@@V<lambda_293819299cbf9a7022e18b56a874bb5c>@@@?$__crt_seh_guarded_call@H@@QAEH$$QAV<lambda_995298e7d72eb4c2aab26c0585b3abe5>@@AAV<lambda_275893d493268fdec8709772e3fcec0e>@@$$QAV<lambda_293819299cbf9a7022e18b56a874bb5c>@@@Z 00405c69 f i libucrt:onexit.obj
 0001:00004cba       ??$__acrt_lock_and_call@V<lambda_275893d493268fdec8709772e3fcec0e>@@@@YAHW4__acrt_lock_id@@$$QAV<lambda_275893d493268fdec8709772e3fcec0e>@@@Z 00405cba f i libucrt:onexit.obj
 0001:00004ce2       ??$__acrt_lock_and_call@V<lambda_4e60a939b0d047cfe11ddc22648dfba9>@@@@YAHW4__acrt_lock_id@@$$QAV<lambda_4e60a939b0d047cfe11ddc22648dfba9>@@@Z 00405ce2 f i libucrt:onexit.obj
 0001:00004f6b       __crt_atexit               00405f6b f   libucrt:onexit.obj
 0001:00004f81       __execute_onexit_table     00405f81 f   libucrt:onexit.obj
 0001:00004f9e       __initialize_onexit_table  00405f9e f   libucrt:onexit.obj
 0001:00004fdb       __register_onexit_function 00405fdb f   libucrt:onexit.obj
 0001:000050f0       ___acrt_initialize         004060f0 f   libucrt:initialization.obj
 0001:00005102       ___acrt_uninitialize       00406102 f   libucrt:initialization.obj
 0001:00005114       __controlfp_s              00406114 f   libucrt:contrlfp.obj
 0001:00005173       _terminate                 00406173 f   libucrt:terminate.obj
 0001:000051af       __free_base                004061af f   libucrt:free_base.obj
 0001:000051e9       __malloc_base              004061e9 f   libucrt:malloc_base.obj
 0001:00005237       _strcpy_s                  00406237 f   libucrt:strcpy_s.obj
 0001:00005291       _abort                     00406291 f   libucrt:abort.obj
 0001:000052d4       __calloc_base              004062d4 f   libucrt:calloc_base.obj
 0001:00005331       ??0_LocaleUpdate@@QAE@QAU__crt_locale_pointers@@@Z 00406331 f i libucrt:output.obj
 0001:000053c0       _sin                       004063c0 f   libucrt:sin.obj
 0001:00005400       __CIsin                    00406400 f   libucrt:sin.obj
 0001:0000543b       __CIsin_default            0040643b f   libucrt:sin.obj
 0001:0000544f       __sin_default              0040644f     libucrt:sin.obj
 0001:000054e2       ___acrt_errno_from_os_error 004064e2 f   libucrt:errno.obj
 0001:00005525       ___acrt_errno_map_os_error 00406525 f   libucrt:errno.obj
 0001:00005548       ___doserrno                00406548 f   libucrt:errno.obj
 0001:0000555b       __errno                    0040655b f   libucrt:errno.obj
 0001:0000556e       __decomp                   0040656e f   libucrt:util.obj
 0001:00005642       __set_exp                  00406642 f   libucrt:util.obj
 0001:00005671       __sptype                   00406671 f   libucrt:util.obj
 0001:000056cf       ___set_fpsr_sse2           004066cf f   libucrt:fpctrl.obj
 0001:00005745       __clrfp                    00406745 f   libucrt:fpctrl.obj
 0001:00005758       __ctrlfp                   00406758 f   libucrt:fpctrl.obj
 0001:00005784       __set_statfp               00406784 f   libucrt:fpctrl.obj
 0001:000057df       __statfp                   004067df f   libucrt:fpctrl.obj
 0001:000057f1       ??$?RV<lambda_3518db117f0e7cdb002338c5d3c47b6c>@@AAV<lambda_b2ea41f6bbb362cd97d94c6828d90b61>@@V<lambda_abdedf541bb04549bc734292b4a045d4>@@@?$__crt_seh_guarded_call@X@@QAEX$$QAV<lambda_3518db117f0e7cdb002338c5d3c47b6c>@@AAV<lambda_b2ea41f6bbb362cd97d94c6828d90b61>@@$$QAV<lambda_abdedf541bb04549bc734292b4a045d4>@@@Z 004067f1 f i libucrt:per_thread_data.obj
 0001:00005841       ??$?RV<lambda_51b6e8b1eb166f2a3faf91f424b38130>@@AAV<lambda_6250bd4b2a391816dd638c3bf72b0bcb>@@V<lambda_0b5a4a3e68152e1d9b943535f5f47bed>@@@?$__crt_seh_guarded_call@X@@QAEX$$QAV<lambda_51b6e8b1eb166f2a3faf91f424b38130>@@AAV<lambda_6250bd4b2a391816dd638c3bf72b0bcb>@@$$QAV<lambda_0b5a4a3e68152e1d9b943535f5f47bed>@@@Z 00406841 f i libucrt:per_thread_data.obj
 0001:000058a2       ??$?RV<lambda_5b71d36f03204c0beab531769a5b5694>@@AAV<lambda_be2b3da3f62db62e9dad5dc70221a656>@@V<lambda_8f9ce462984622f9bf76b59e2aaaf805>@@@?$__crt_seh_guarded_call@X@@QAEX$$QAV<lambda_5b71d36f03204c0beab531769a5b5694>@@AAV<lambda_be2b3da3f62db62e9dad5dc70221a656>@@$$QAV<lambda_8f9ce462984622f9bf76b59e2aaaf805>@@@Z 004068a2 f i libucrt:per_thread_data.obj
 0001:000058ed       ??$?RV<lambda_9df27f884b057bc3edfc946cb5b7cf47>@@AAV<lambda_e69574bed617af4e071282c136b37893>@@V<lambda_cc0d902bcbbeb830f749456577db4721>@@@?$__crt_seh_guarded_call@X@@QAEX$$QAV<lambda_9df27f884b057bc3edfc946cb5b7cf47>@@AAV<lambda_e69574bed617af4e071282c136b37893>@@$$QAV<lambda_cc0d902bcbbeb830f749456577db4721>@@@Z 004068ed f i libucrt:per_thread_data.obj
 0001:00005935       ??$__acrt_lock_and_call@V<lambda_6250bd4b2a391816dd638c3bf72b0bcb>@@@@YAXW4__acrt_lock_id@@$$QAV<lambda_6250bd4b2a391816dd638c3bf72b0bcb>@@@Z 00406935 f i libucrt:per_thread_data.obj
 0001:0000595d       ??$__acrt_lock_and_call@V<lambda_b2ea41f6bbb362cd97d94c6828d90b61>@@@@YAXW4__acrt_lock_id@@$$QAV<lambda_b2ea41f6bbb362cd97d94c6828d90b61>@@@Z 0040695d f i libucrt:per_thread_data.obj
 0001:00005985       ??$__acrt_lock_and_call@V<lambda_be2b3da3f62db62e9dad5dc70221a656>@@@@YAXW4__acrt_lock_id@@$$QAV<lambda_be2b3da3f62db62e9dad5dc70221a656>@@@Z 00406985 f i libucrt:per_thread_data.obj
 0001:000059ad       ??$__acrt_lock_and_call@V<lambda_e69574bed617af4e071282c136b37893>@@@@YAXW4__acrt_lock_id@@$$QAV<lambda_e69574bed617af4e071282c136b37893>@@@Z 004069ad f i libucrt:per_thread_data.obj
 0001:00005b63       ___acrt_getptd             00406b63 f   libucrt:per_thread_data.obj
 0001:00005be7       ___acrt_getptd_noexit      00406be7 f   libucrt:per_thread_data.obj
 0001:00005c6c       ___acrt_initialize_ptd     00406c6c f   libucrt:per_thread_data.obj
 0001:00005c98       ___acrt_uninitialize_ptd   00406c98 f   libucrt:per_thread_data.obj
 0001:00005cb2       ___acrt_call_reportfault   00406cb2 f   libucrt:invalid_parameter.obj
 0001:00005ded       ___acrt_initialize_invalid_parameter_handler 00406ded f   libucrt:invalid_parameter.obj
 0001:00005e01       __invalid_parameter        00406e01 f   libucrt:invalid_parameter.obj
 0001:00005e7c       __invalid_parameter_noinfo 00406e7c f   libucrt:invalid_parameter.obj
 0001:00005e8c       __invoke_watson            00406e8c f   libucrt:invalid_parameter.obj
 0001:00006281       ??1?$argument_list@D@?A0xfd16de3c@@QAE@XZ 00407281 f i libucrt:argv_wildcards.obj
 0001:000062a6       ?append@?$argument_list@D@?A0xfd16de3c@@QAEHQAD@Z 004072a6 f i libucrt:argv_wildcards.obj
 0001:000062db       ?expand_if_necessary@?$argument_list@D@?A0xfd16de3c@@AAEHXZ 004072db f i libucrt:argv_wildcards.obj
 0001:00006362       ___acrt_expand_narrow_argv_wildcards 00407362 f   libucrt:argv_wildcards.obj
 0001:0000636d       ??$?RV<lambda_978dc153c237d78434369da87b74ff60>@@AAV<lambda_ad1ced32f4ac17aa236e5ef05d6b3b7c>@@V<lambda_4a8533e2866a575feecb8298ce776b0d>@@@?$__crt_seh_guarded_call@X@@QAEX$$QAV<lambda_978dc153c237d78434369da87b74ff60>@@AAV<lambda_ad1ced32f4ac17aa236e5ef05d6b3b7c>@@$$QAV<lambda_4a8533e2866a575feecb8298ce776b0d>@@@Z 0040736d f i libucrt:mbctype.obj
 0001:000063b0       ??$__acrt_lock_and_call@V<lambda_ad1ced32f4ac17aa236e5ef05d6b3b7c>@@@@YAXW4__acrt_lock_id@@$$QAV<lambda_ad1ced32f4ac17aa236e5ef05d6b3b7c>@@@Z 004073b0 f i libucrt:mbctype.obj
 0001:00006847       ___acrt_initialize_multibyte 00407847 f   libucrt:mbctype.obj
 0001:00006865       ___acrt_update_thread_multibyte_data 00407865 f   libucrt:mbctype.obj
 0001:00006907       __setmbcp_nolock           00407907 f   libucrt:mbctype.obj
 0001:00006bd2       __ismbblead                00407bd2 f   libucrt:ismbbyte.obj
 0001:00006bea       ___acrt_initialize_command_line 00407bea f   libucrt:argv_data.obj
 0001:00006c03       ___acrt_uninitialize_command_line 00407c03 f   libucrt:argv_data.obj
 0001:00006c3d       ___dcrt_get_narrow_environment_from_os 00407c3d f   libucrt:get_environment_from_os.obj
 0001:00006cc0       ___acrt_initialize_locks   00407cc0 f   libucrt:locks.obj
 0001:00006d01       ___acrt_lock               00407d01 f   libucrt:locks.obj
 0001:00006d18       ___acrt_uninitialize_locks 00407d18 f   libucrt:locks.obj
 0001:00006d49       ___acrt_unlock             00407d49 f   libucrt:locks.obj
 0001:00006e77       ___acrt_FlsAlloc@4         00407e77 f   libucrt:winapi_thunks.obj
 0001:00006ecd       ___acrt_FlsFree@4          00407ecd f   libucrt:winapi_thunks.obj
 0001:00006f23       ___acrt_FlsGetValue@4      00407f23 f   libucrt:winapi_thunks.obj
 0001:00006f79       ___acrt_FlsSetValue@8      00407f79 f   libucrt:winapi_thunks.obj
 0001:00006fd2       ___acrt_InitializeCriticalSectionEx@12 00407fd2 f   libucrt:winapi_thunks.obj
 0001:00007034       ___acrt_LCMapStringEx@36   00408034 f   libucrt:winapi_thunks.obj
 0001:000070bc       ___acrt_LocaleNameToLCID@8 004080bc f   libucrt:winapi_thunks.obj
 0001:00007118       ___acrt_initialize_winapi_thunks 00408118 f   libucrt:winapi_thunks.obj
 0001:0000713e       ___acrt_is_packaged_app    0040813e f   libucrt:winapi_thunks.obj
 0001:000071c5       ___acrt_uninitialize_winapi_thunks 004081c5 f   libucrt:winapi_thunks.obj
 0001:000071fb       ___acrt_lowio_create_handle_array 004081fb f   libucrt:osfinfo.obj
 0001:00007275       ___acrt_lowio_destroy_handle_array 00408275 f   libucrt:osfinfo.obj
 0001:000072aa       ___acrt_lowio_ensure_fh_exists 004082aa f   libucrt:osfinfo.obj
 0001:00007342       ___acrt_lowio_lock_fh      00408342 f   libucrt:osfinfo.obj
 0001:00007365       ___acrt_lowio_unlock_fh    00408365 f   libucrt:osfinfo.obj
 0001:00007388       __free_osfhnd              00408388 f   libucrt:osfinfo.obj
 0001:00007419       __get_osfhandle            00408419 f   libucrt:osfinfo.obj
 0001:000075ef       ___acrt_initialize_lowio   004085ef f   libucrt:ioinit.obj
 0001:00007645       ___acrt_uninitialize_lowio 00408645 f   libucrt:ioinit.obj
 0001:00007671       ___pctype_func             00408671 f   libucrt:ctype.obj
 0001:00007697       ___acrt_locale_free_monetary 00408697 f   libucrt:initmon.obj
 0001:00007795       ___acrt_locale_free_numeric 00408795 f   libucrt:initnum.obj
 0001:0000783a       ___acrt_locale_free_time   0040883a f   libucrt:inittime.obj
 0001:0000791e       ___acrt_GetStringTypeA     0040891e f   libucrt:getstringtypea.obj
 0001:00007a3b       __freea_crt                00408a3b f i libucrt:getstringtypea.obj
 0001:00007a5b       ___acrt_add_locale_ref     00408a5b f   libucrt:locale_refcounting.obj
 0001:00007ad8       ___acrt_free_locale        00408ad8 f   libucrt:locale_refcounting.obj
 0001:00007c22       ___acrt_locale_add_lc_time_reference 00408c22 f   libucrt:locale_refcounting.obj
 0001:00007c4b       ___acrt_locale_free_lc_time_if_unreferenced 00408c4b f   libucrt:locale_refcounting.obj
 0001:00007c7b       ___acrt_locale_release_lc_time_reference 00408c7b f   libucrt:locale_refcounting.obj
 0001:00007ca4       ___acrt_release_locale_ref 00408ca4 f   libucrt:locale_refcounting.obj
 0001:00007d25       ___acrt_update_thread_locale_data 00408d25 f   libucrt:locale_refcounting.obj
 0001:00007d9c       __updatetlocinfoEx_nolock  00408d9c f   libucrt:locale_refcounting.obj
 0001:00007dec       __recalloc                 00408dec f   libucrt:recalloc.obj
 0001:00007df7       __recalloc_base            00408df7 f   libucrt:recalloc.obj
 0001:00007e64       ___acrt_initialize_heap    00408e64 f   libucrt:heap_handle.obj
 0001:00007e75       ___acrt_uninitialize_heap  00408e75 f   libucrt:heap_handle.obj
 0001:00007e7f       ___acrt_execute_initializers 00408e7f f   libucrt:shared_initialization.obj
 0001:00007f02       ___acrt_execute_uninitializers 00408f02 f   libucrt:shared_initialization.obj
 0001:00007f4f       ?initialize@?$dual_state_global@P6AXPB_W00II@Z@__crt_state_management@@QAEXQ6AXPB_W00II@Z@Z 00408f4f f i libucrt:invalid_parameter.obj
 0001:00007f4f       ?initialize@?$dual_state_global@PAU__crt_locale_data@@@__crt_state_management@@QAEXQAU__crt_locale_data@@@Z 00408f4f f i libucrt:initialization.obj
 0001:00007f4f       ?initialize@?$dual_state_global@P6AHPAU_exception@@@Z@__crt_state_management@@QAEXQ6AHPAU_exception@@@Z@Z 00408f4f f i libucrt:matherr.obj
 0001:00007f4f       ?initialize@?$dual_state_global@PAPAD@__crt_state_management@@QAEXQAPAD@Z 00408f4f f i libucrt:environment_initialization.obj
 0001:00007f4f       ?initialize@?$dual_state_global@P6AXH@Z@__crt_state_management@@QAEXQ6AXH@Z@Z 00408f4f f i libucrt:signal.obj
 0001:00007f4f       ?initialize@?$dual_state_global@P6AHI@Z@__crt_state_management@@QAEXQ6AHI@Z@Z 00408f4f f i libucrt:new_handler.obj
 0001:00007f80       ___acrt_initialize_new_handler 00408f80 f   libucrt:new_handler.obj
 0001:00007f94       __callnewh                 00408f94 f   libucrt:new_handler.obj
 0001:00007fd8       __query_new_handler        00408fd8 f   libucrt:new_handler.obj
 0001:0000802a       ??$?RV<lambda_a048d3beccc847880fc8490e18b82769>@@AAV<lambda_ec61778202f4f5fc7e7711acc23c3bca>@@V<lambda_f7496a158712204296dd6628a163878e>@@@?$__crt_seh_guarded_call@P6AXH@Z@@QAEP6AXH@Z$$QAV<lambda_a048d3beccc847880fc8490e18b82769>@@AAV<lambda_ec61778202f4f5fc7e7711acc23c3bca>@@$$QAV<lambda_f7496a158712204296dd6628a163878e>@@@Z 0040902a f i libucrt:signal.obj
 0001:00008084       ??$__acrt_lock_and_call@V<lambda_ec61778202f4f5fc7e7711acc23c3bca>@@@@YAP6AXH@ZW4__acrt_lock_id@@$$QAV<lambda_ec61778202f4f5fc7e7711acc23c3bca>@@@Z 00409084 f i libucrt:signal.obj
 0001:00008116       ___acrt_get_sigabrt_handler 00409116 f   libucrt:signal.obj
 0001:0000812d       ___acrt_initialize_signal_handlers 0040912d f   libucrt:signal.obj
 0001:00008168       ___fpecode                 00409168 f   libucrt:signal.obj
 0001:00008171       _raise                     00409171 f   libucrt:signal.obj
 0001:00008424       __control87                00409424 f   libucrt:ieee87.obj
 0001:000087bf       __mbtowc_l                 004097bf f   libucrt:mbtowc.obj
 0001:000088b9       _mbtowc                    004098b9 f   libucrt:mbtowc.obj
 0001:000088d3       ___acrt_update_locale_info 004098d3 f   libucrt:locale_update.obj
 0001:00008900       ___acrt_update_multibyte_info 00409900 f   libucrt:locale_update.obj
 0001:0000892d       __fileno                   0040992d f   libucrt:fileno.obj
 0001:00008953       ___acrt_initialize_stdio   00409953 f   libucrt:_file.obj
 0001:00008a1b       ___acrt_uninitialize_stdio 00409a1b f   libucrt:_file.obj
 0001:00008a67       __lock_file                00409a67 f   libucrt:_file.obj
 0001:00008a7b       __unlock_file              00409a7b f   libucrt:_file.obj
 0001:00008a8f       ___acrt_initialize_sse2    00409a8f f   libucrt:mathfcns.obj
 0001:00008aa0       __CIsin_pentium4           00409aa0 f   libucrt:sin_pentium4.obj
 0001:00008ab8       __sin_pentium4             00409ab8     libucrt:sin_pentium4.obj
 0001:00008c70       __trandisp1                00409c70 f   libucrt:87disp.obj
 0001:00008cd7       __trandisp2                00409cd7 f   libucrt:87disp.obj
 0001:00008d63       __rttospopde               00409d63     libucrt:87disp.obj
 0001:00008d68       __rttospop                 00409d68     libucrt:87disp.obj
 0001:00008d6a       __rtnospop                 00409d6a     libucrt:87disp.obj
 0001:00008d6c       __rttosnpop                00409d6c     libucrt:87disp.obj
 0001:00008d6d       __rtnospopde               00409d6d     libucrt:87disp.obj
 0001:00008d74       __rtzeropop                00409d74     libucrt:87disp.obj
 0001:00008d76       __rtzeronpop               00409d76     libucrt:87disp.obj
 0001:00008d7b       __rtzerospop               00409d7b     libucrt:87disp.obj
 0001:00008d88       __rtonepop                 00409d88     libucrt:87disp.obj
 0001:00008d8a       __rtonenpop                00409d8a     libucrt:87disp.obj
 0001:00008d8f       __tosnan1                  00409d8f     libucrt:87disp.obj
 0001:00008dba       __nosnan2                  00409dba     libucrt:87disp.obj
 0001:00008dbc       __tosnan2                  00409dbc     libucrt:87disp.obj
 0001:00008de4       __nan2                     00409de4     libucrt:87disp.obj
 0001:00008e23       __rtindfpop                00409e23     libucrt:87disp.obj
 0001:00008e25       __rtindfnpop               00409e25     libucrt:87disp.obj
 0001:00008e36       __rttosnpopde              00409e36     libucrt:87disp.obj
 0001:00008e40       __rtatan2inf               00409e40     libucrt:87disp.obj
 0001:00008e5d       __rtchsifneg               00409e5d     libucrt:87disp.obj
 0001:00008e70       __twoToTOS                 00409e70 f   libucrt:common.obj
 0001:00008e85       __load_CW                  00409e85 f   libucrt:common.obj
 0001:00008e9c       __convertTOStoQNaN         00409e9c f   libucrt:common.obj
 0001:00008eb5       __fload_withFB             00409eb5 f   libucrt:common.obj
 0001:00008ef8       __checkTOS_withFB          00409ef8 f   libucrt:common.obj
 0001:00008f0e       __fast_exit                00409f0e f   libucrt:common.obj
 0001:00008f1b       __math_exit                00409f1b f   libucrt:common.obj
 0001:00008f45       __check_overflow_exit      00409f45 f   libucrt:common.obj
 0001:00008f59       __check_range_exit         00409f59 f   libucrt:common.obj
 0001:00009000       __startTwoArgErrorHandling 0040a000 f   libucrt:genexcep.obj
 0001:00009017       __startOneArgErrorHandling 0040a017 f   libucrt:genexcep.obj
 0001:00009140       _qsort                     0040a140 f   libucrt:qsort.obj
 0001:0000958b       _strncpy_s                 0040a58b f   libucrt:strncpy_s.obj
 0001:000095a0       _strpbrk                   0040a5a0 f   libucrt:strpbrk.obj
 0001:000095e0       __mbsdec                   0040a5e0 f   libucrt:mbsdec.obj
 0001:000095f7       __mbsdec_l                 0040a5f7 f   libucrt:mbsdec.obj
 0001:000098b0       ___acrt_LCMapStringA       0040a8b0 f   libucrt:lcmapstringa.obj
 0001:000099b7       ___acrt_DownlevelLocaleNameToLCID 0040a9b7 f   libucrt:lcidtoname_downlevel.obj
 0001:000099e3       __msize                    0040a9e3 f   libucrt:msize.obj
 0001:00009a16       __realloc_base             0040aa16 f   libucrt:realloc_base.obj
 0001:00009a7f       __isatty                   0040aa7f f   libucrt:isatty.obj
 0001:00009ad5       ___acrt_stdio_flush_nolock 0040aad5 f   libucrt:fflush.obj
 0001:00009b3b       __fflush_nolock            0040ab3b f   libucrt:fflush.obj
 0001:00009b82       __flushall                 0040ab82 f   libucrt:fflush.obj
 0001:00009c63       __isleadbyte_l             0040ac63 f i libucrt:_wctype.obj
 0001:00009c9c       __fcloseall                0040ac9c f   libucrt:closeall.obj
 0001:00009d3c       ___acrt_stdio_free_buffer_nolock 0040ad3c f   libucrt:_freebuf.obj
 0001:00009d7a       __87except                 0040ad7a f   libucrt:87except.obj
 0001:00009e85       ___strncnt                 0040ae85 f   libucrt:strncnt.obj
 0001:00009ea1       ??$?RV<lambda_61cee617f5178ae960314fd4d05640a0>@@AAV<lambda_6978c1fb23f02e42e1d9e99668cc68aa>@@V<lambda_9cd88cf8ad10232537feb2133f08c833>@@@?$__crt_seh_guarded_call@H@@QAEH$$QAV<lambda_61cee617f5178ae960314fd4d05640a0>@@AAV<lambda_6978c1fb23f02e42e1d9e99668cc68aa>@@$$QAV<lambda_9cd88cf8ad10232537feb2133f08c833>@@@Z 0040aea1 f i libucrt:commit.obj
 0001:00009f39       ??$__acrt_lowio_lock_fh_and_call@V<lambda_6978c1fb23f02e42e1d9e99668cc68aa>@@@@YAHH$$QAV<lambda_6978c1fb23f02e42e1d9e99668cc68aa>@@@Z 0040af39 f i libucrt:commit.obj
 0001:00009f61       __commit                   0040af61 f   libucrt:commit.obj
 0001:0000a560       __write                    0040b560 f   libucrt:write.obj
 0001:0000a64b       __write_nolock             0040b64b f   libucrt:write.obj
 0001:0000a860       _log10                     0040b860 f   libucrt:log10.obj
 0001:0000a8a0       __CIlog10                  0040b8a0 f   libucrt:log10.obj
 0001:0000a8db       __CIlog10_default          0040b8db f   libucrt:log10.obj
 0001:0000a8ef       __log10_default            0040b8ef     libucrt:log10.obj
 0001:0000a9b0       _ceil                      0040b9b0 f   libucrt:ceil_pentium4.obj
 0001:0000a9f0       __ceil_pentium4            0040b9f0 f   libucrt:ceil_pentium4.obj
 0001:0000ab4b       __lseeki64_nolock          0040bb4b f   libucrt:lseek.obj
 0001:0000ab66       __fclose_nolock            0040bb66 f   libucrt:fclose.obj
 0001:0000abdc       _fclose                    0040bbdc f   libucrt:fclose.obj
 0001:0000ac60       ___ascii_strnicmp          0040bc60 f   libucrt:_strnicm.obj
 0001:0000acc1       __putwch_nolock            0040bcc1 f   libucrt:putwch.obj
 0001:0000ad10       __CIlog10_pentium4         0040bd10 f   libucrt:log10_pentium4.obj
 0001:0000ad28       __log10_pentium4           0040bd28     libucrt:log10_pentium4.obj
 0001:0000afb1       __fFEXP                    0040bfb1     libucrt:87tran.obj
 0001:0000b008       __rtinfpopse               0040c008     libucrt:87tran.obj
 0001:0000b00a       __rtinfnpopse              0040c00a     libucrt:87tran.obj
 0001:0000b01a       __fFLN                     0040c01a     libucrt:87tran.obj
 0001:0000b0cf       __rtinfpop                 0040c0cf     libucrt:87tran.obj
 0001:0000b0d1       __rtinfnpop                0040c0d1     libucrt:87tran.obj
 0001:0000b0ee       __ffexpm1                  0040c0ee     libucrt:87tran.obj
 0001:0000b197       ___libm_error_support      0040c197 f   libucrt:libm_error.obj
 0001:0000b3af       __ceil_default             0040c3af f   libucrt:ceil.obj
 0001:0000b468       ??$?RV<lambda_123407a5e2ac06da108355a851863b7a>@@AAV<lambda_2fe9b910cf3cbf4a0ab98a02ba45b3ec>@@V<lambda_ae55bdf541ad94d75914d381c370e64d>@@@?$__crt_seh_guarded_call@H@@QAEH$$QAV<lambda_123407a5e2ac06da108355a851863b7a>@@AAV<lambda_2fe9b910cf3cbf4a0ab98a02ba45b3ec>@@$$QAV<lambda_ae55bdf541ad94d75914d381c370e64d>@@@Z 0040c468 f i libucrt:close.obj
 0001:0000b4ea       ??$__acrt_lowio_lock_fh_and_call@V<lambda_2fe9b910cf3cbf4a0ab98a02ba45b3ec>@@@@YAHH$$QAV<lambda_2fe9b910cf3cbf4a0ab98a02ba45b3ec>@@@Z 0040c4ea f i libucrt:close.obj
 0001:0000b512       __close                    0040c512 f   libucrt:close.obj
 0001:0000b591       __close_nolock             0040c591 f   libucrt:close.obj
 0001:0000b62d       ?__acrt_stdio_free_stream@@YAXV__crt_stdio_stream@@@Z 0040c62d f   libucrt:stream.obj
 0001:0000b668       ___dcrt_lowio_initialize_console_output 0040c668 f   libucrt:initcon.obj
 0001:0000b687       ___dcrt_terminate_console_output 0040c687 f   libucrt:initcon.obj
 0001:0000b69e       __d_inttype                0040c69e f   libucrt:powhlp.obj
 0001:0000b708       __powhlp                   0040c708 f   libucrt:powhlp.obj
 0001:0000b833       __frnd                     0040c833 f   libucrt:frnd.obj
 0001:0000b849       __fpclass                  0040c849 f   libucrt:ieeemisc.obj
 0001:0000b8f0       __FindPESection            0040c8f0 f   LIBCMT:pesect.obj
 0001:0000b940       __IsNonwritableInCurrentImage 0040c940 f   LIBCMT:pesect.obj
 0001:0000ba00       __ValidateImageBase        0040ca00 f   LIBCMT:pesect.obj
 0001:0000ba40       __aulldvrm                 0040ca40 f   LIBCMT:ulldvrm.obj
 0001:0000bae0       __SEH_prolog4_GS           0040cae0 f   LIBCMT:_sehprolg4gs_.obj
 0001:0000bb29       __SEH_epilog4_GS           0040cb29 f   LIBCMT:_sehprolg4gs_.obj
 0001:0000bb40       __allmul                   0040cb40 f   LIBCMT:llmul.obj
 0001:0000bb80       __alloca_probe_16          0040cb80 f   LIBCMT:alloca16.obj
 0001:0000bb96       __alloca_probe_8           0040cb96     LIBCMT:alloca16.obj
 0001:0000bbb0       __alldvrm                  0040cbb0 f   LIBCMT:lldvrm.obj
 0001:0000bc90       __aullshr                  0040cc90 f   LIBCMT:ullshr.obj
 0001:0000bcb0       __allshl                   0040ccb0 f   LIBCMT:llshl.obj
 0001:0000bcd0       __ftol2_sse                0040ccd0 f   LIBCMT:_ftol2_.obj
 0001:0000bcd9       __ftol2_pentium4           0040ccd9 f   LIBCMT:_ftol2_.obj
 0001:0000bcec       __ftol2_sse_excpt          0040ccec f   LIBCMT:_ftol2_.obj
 0001:0000bd10       __ftol2                    0040cd10 f   LIBCMT:_ftol2_.obj
 0001:0000bd90       __alloca_probe             0040cd90 f   LIBCMT:chkstk.obj
 0001:0000bd90       __chkstk                   0040cd90 f   LIBCMT:chkstk.obj
 0001:0000bdbe       _RtlUnwind@16              0040cdbe f   kernel32:KERNEL32.dll
 0001:0000bdc4       _SystemFunction036@8       0040cdc4 f   advapi32:ADVAPI32.dll
 0001:0000bdd0       _memcpy                    0040cdd0 f   libvcruntime:memcpy.obj
 0001:0000c350       _strchr                    0040d350 f   libvcruntime:strchr.obj
 0001:0000c3be       ___from_strstr_to_strchr   0040d3be     libvcruntime:strchr.obj
 0001:0000c480       _memmove                   0040d480 f   libvcruntime:memmove.obj
 0001:0000ca00       _strrchr                   0040da00 f   libvcruntime:strrchr.obj
 0002:00000000       __imp__SystemFunction036@8 0040e000     advapi32:ADVAPI32.dll
 0002:00000004       \177ADVAPI32_NULL_THUNK_DATA 0040e004     advapi32:ADVAPI32.dll
 0002:00000008       __imp__StretchDIBits@52    0040e008     gdi32:GDI32.dll
 0002:0000000c       \177GDI32_NULL_THUNK_DATA  0040e00c     gdi32:GDI32.dll
 0002:00000010       __imp__WriteConsoleW@20    0040e010     kernel32:KERNEL32.dll
 0002:00000014       __imp__DecodePointer@4     0040e014     kernel32:KERNEL32.dll
 0002:00000018       __imp__GetConsoleMode@8    0040e018     kernel32:KERNEL32.dll
 0002:0000001c       __imp__GetConsoleCP@0      0040e01c     kernel32:KERNEL32.dll
 0002:00000020       __imp__FlushFileBuffers@4  0040e020     kernel32:KERNEL32.dll
 0002:00000024       __imp__HeapReAlloc@16      0040e024     kernel32:KERNEL32.dll
 0002:00000028       __imp__CreateFileW@28      0040e028     kernel32:KERNEL32.dll
 0002:0000002c       __imp__SetFilePointerEx@20 0040e02c     kernel32:KERNEL32.dll
 0002:00000030       __imp__HeapSize@12         0040e030     kernel32:KERNEL32.dll
 0002:00000034       __imp__QueryPerformanceCounter@4 0040e034     kernel32:KERNEL32.dll
 0002:00000038       __imp__QueryPerformanceFrequency@4 0040e038     kernel32:KERNEL32.dll
 0002:0000003c       __imp__Sleep@4             0040e03c     kernel32:KERNEL32.dll
 0002:00000040       __imp__VirtualAlloc@16     0040e040     kernel32:KERNEL32.dll
 0002:00000044       __imp__VirtualFree@12      0040e044     kernel32:KERNEL32.dll
 0002:00000048       __imp__GetProcAddress@8    0040e048     kernel32:KERNEL32.dll
 0002:0000004c       __imp__LoadLibraryA@4      0040e04c     kernel32:KERNEL32.dll
 0002:00000050       __imp__UnhandledExceptionFilter@4 0040e050     kernel32:KERNEL32.dll
 0002:00000054       __imp__SetUnhandledExceptionFilter@4 0040e054     kernel32:KERNEL32.dll
 0002:00000058       __imp__GetCurrentProcess@0 0040e058     kernel32:KERNEL32.dll
 0002:0000005c       __imp__TerminateProcess@8  0040e05c     kernel32:KERNEL32.dll
 0002:00000060       __imp__IsProcessorFeaturePresent@4 0040e060     kernel32:KERNEL32.dll
 0002:00000064       __imp__GetCurrentProcessId@0 0040e064     kernel32:KERNEL32.dll
 0002:00000068       __imp__GetCurrentThreadId@0 0040e068     kernel32:KERNEL32.dll
 0002:0000006c       __imp__GetSystemTimeAsFileTime@4 0040e06c     kernel32:KERNEL32.dll
 0002:00000070       __imp__InitializeSListHead@4 0040e070     kernel32:KERNEL32.dll
 0002:00000074       __imp__IsDebuggerPresent@0 0040e074     kernel32:KERNEL32.dll
 0002:00000078       __imp__GetStartupInfoW@4   0040e078     kernel32:KERNEL32.dll
 0002:0000007c       __imp__GetModuleHandleW@4  0040e07c     kernel32:KERNEL32.dll
 0002:00000080       __imp__GetLastError@0      0040e080     kernel32:KERNEL32.dll
 0002:00000084       __imp__GetModuleFileNameW@12 0040e084     kernel32:KERNEL32.dll
 0002:00000088       __imp__InitializeCriticalSectionAndSpinCount@8 0040e088     kernel32:KERNEL32.dll
 0002:0000008c       __imp__TlsAlloc@0          0040e08c     kernel32:KERNEL32.dll
 0002:00000090       __imp__TlsGetValue@4       0040e090     kernel32:KERNEL32.dll
 0002:00000094       __imp__TlsSetValue@8       0040e094     kernel32:KERNEL32.dll
 0002:00000098       __imp__TlsFree@4           0040e098     kernel32:KERNEL32.dll
 0002:0000009c       __imp__FreeLibrary@4       0040e09c     kernel32:KERNEL32.dll
 0002:000000a0       __imp__LoadLibraryExW@12   0040e0a0     kernel32:KERNEL32.dll
 0002:000000a4       __imp__RtlUnwind@16        0040e0a4     kernel32:KERNEL32.dll
 0002:000000a8       __imp__SetLastError@4      0040e0a8     kernel32:KERNEL32.dll
 0002:000000ac       __imp__EnterCriticalSection@4 0040e0ac     kernel32:KERNEL32.dll
 0002:000000b0       __imp__LeaveCriticalSection@4 0040e0b0     kernel32:KERNEL32.dll
 0002:000000b4       __imp__DeleteCriticalSection@4 0040e0b4     kernel32:KERNEL32.dll
 0002:000000b8       __imp__RaiseException@16   0040e0b8     kernel32:KERNEL32.dll
 0002:000000bc       __imp__GetStdHandle@4      0040e0bc     kernel32:KERNEL32.dll
 0002:000000c0       __imp__WriteFile@20        0040e0c0     kernel32:KERNEL32.dll
 0002:000000c4       __imp__GetModuleFileNameA@12 0040e0c4     kernel32:KERNEL32.dll
 0002:000000c8       __imp__MultiByteToWideChar@24 0040e0c8     kernel32:KERNEL32.dll
 0002:000000cc       __imp__WideCharToMultiByte@32 0040e0cc     kernel32:KERNEL32.dll
 0002:000000d0       __imp__ExitProcess@4       0040e0d0     kernel32:KERNEL32.dll
 0002:000000d4       __imp__GetModuleHandleExW@12 0040e0d4     kernel32:KERNEL32.dll
 0002:000000d8       __imp__GetACP@0            0040e0d8     kernel32:KERNEL32.dll
 0002:000000dc       __imp__HeapFree@12         0040e0dc     kernel32:KERNEL32.dll
 0002:000000e0       __imp__HeapAlloc@12        0040e0e0     kernel32:KERNEL32.dll
 0002:000000e4       __imp__CloseHandle@4       0040e0e4     kernel32:KERNEL32.dll
 0002:000000e8       __imp__FindClose@4         0040e0e8     kernel32:KERNEL32.dll
 0002:000000ec       __imp__FindFirstFileExA@24 0040e0ec     kernel32:KERNEL32.dll
 0002:000000f0       __imp__FindNextFileA@8     0040e0f0     kernel32:KERNEL32.dll
 0002:000000f4       __imp__IsValidCodePage@4   0040e0f4     kernel32:KERNEL32.dll
 0002:000000f8       __imp__GetOEMCP@0          0040e0f8     kernel32:KERNEL32.dll
 0002:000000fc       __imp__GetCPInfo@8         0040e0fc     kernel32:KERNEL32.dll
 0002:00000100       __imp__GetCommandLineA@0   0040e100     kernel32:KERNEL32.dll
 0002:00000104       __imp__GetCommandLineW@0   0040e104     kernel32:KERNEL32.dll
 0002:00000108       __imp__GetEnvironmentStringsW@0 0040e108     kernel32:KERNEL32.dll
 0002:0000010c       __imp__FreeEnvironmentStringsW@4 0040e10c     kernel32:KERNEL32.dll
 0002:00000110       __imp__LCMapStringW@24     0040e110     kernel32:KERNEL32.dll
 0002:00000114       __imp__SetStdHandle@8      0040e114     kernel32:KERNEL32.dll
 0002:00000118       __imp__GetFileType@4       0040e118     kernel32:KERNEL32.dll
 0002:0000011c       __imp__GetStringTypeW@16   0040e11c     kernel32:KERNEL32.dll
 0002:00000120       __imp__GetProcessHeap@0    0040e120     kernel32:KERNEL32.dll
 0002:00000124       \177KERNEL32_NULL_THUNK_DATA 0040e124     kernel32:KERNEL32.dll
 0002:00000128       __imp__GetDC@4             0040e128     user32:USER32.dll
 0002:0000012c       __imp__DispatchMessageA@4  0040e12c     user32:USER32.dll
 0002:00000130       __imp__GetClientRect@8     0040e130     user32:USER32.dll
 0002:00000134       __imp__EndPaint@8          0040e134     user32:USER32.dll
 0002:00000138       __imp__BeginPaint@8        0040e138     user32:USER32.dll
 0002:0000013c       __imp__TranslateMessage@4  0040e13c     user32:USER32.dll
 0002:00000140       __imp__CreateWindowExA@48  0040e140     user32:USER32.dll
 0002:00000144       __imp__RegisterClassA@4    0040e144     user32:USER32.dll
 0002:00000148       __imp__DefWindowProcA@16   0040e148     user32:USER32.dll
 0002:0000014c       __imp__PeekMessageA@20     0040e14c     user32:USER32.dll
 0002:00000150       \177USER32_NULL_THUNK_DATA 0040e150     user32:USER32.dll
 0002:00000154       __imp__timeBeginPeriod@4   0040e154     winmm:WINMM.dll
 0002:00000158       \177WINMM_NULL_THUNK_DATA  0040e158     winmm:WINMM.dll
 0002:0000015c       ___guard_check_icall_fptr  0040e15c     LIBCMT:guard_support.obj
 0002:00000160       ___xc_a                    0040e160     LIBCMT:initializers.obj
 0002:00000168       ___xc_z                    0040e168     LIBCMT:initializers.obj
 0002:0000016c       ___xi_a                    0040e16c     LIBCMT:initializers.obj
 0002:00000178       ___acrt_multibyte_initializer 0040e178     libucrt:multibyte_initializer.obj
 0002:0000017c       ___acrt_stdio_initializer  0040e17c     libucrt:stdio_initializer.obj
 0002:00000180       ___acrt_tran_sse2_initializer 0040e180     libucrt:sse2_initializer.obj
 0002:00000184       ___xi_z                    0040e184     LIBCMT:initializers.obj
 0002:00000188       ___xp_a                    0040e188     LIBCMT:initializers.obj
 0002:0000018c       ___acrt_locale_terminator  0040e18c     libucrt:locale_initializer.obj
 0002:00000190       ___dcrt_console_output_terminator 0040e190     libucrt:console_output_initializer.obj
 0002:00000194       ___acrt_stdio_terminator   0040e194     libucrt:stdio_initializer.obj
 0002:00000198       ___xp_z                    0040e198     LIBCMT:initializers.obj
 0002:0000019c       ___xt_a                    0040e19c     LIBCMT:initializers.obj
 0002:000001a0       ___xt_z                    0040e1a0     LIBCMT:initializers.obj
 0002:00000230       __real@00000000            0040e230     win32_handmade.obj
 0002:00000234       __real@3f800000            0040e234     win32_handmade.obj
 0002:00000238       __real@40c90fdb            0040e238     win32_handmade.obj
 0002:0000023c       __real@447a0000            0040e23c     win32_handmade.obj
 0002:00000240       __real@46fffe00            0040e240     win32_handmade.obj
 0002:00000244       __real@47000000            0040e244     win32_handmade.obj
 0002:00000250       __xmm@41f00000000000000000000000000000 0040e250     win32_handmade.obj
 0002:000002ec       __Microsoft_CRTProvider    0040e2ec     libvcruntime:telemetry.obj
 0002:000002f0       ??_C@_00CNPNBAHC@?$AA@     0040e2f0     libvcruntime:telemetry.obj
 0002:000002f4       ??_C@_11LOCGONAA@?$AA?$AA@ 0040e2f4     libvcruntime:telemetry.obj
 0002:000002f8       ??_C@_0O@JEOPJOMI@Main?5Invoked?4?$AA@ 0040e2f8     libvcruntime:telemetry.obj
 0002:00000308       ??_C@_0P@NEAEIBDO@Main?5Returned?4?$AA@ 0040e308     libvcruntime:telemetry.obj
 0002:00000328       ??_C@_1BC@DNHGCMLG@?$AAa?$AAd?$AAv?$AAa?$AAp?$AAi?$AA3?$AA2?$AA?$AA@ 0040e328     libvcruntime:winapi_downlevel.obj
 0002:0000033c       ??_C@_1DM@KHCHBNEB@?$AAa?$AAp?$AAi?$AA?9?$AAm?$AAs?$AA?9?$AAw?$AAi?$AAn?$AA?9?$AAc?$AAo?$AAr?$AAe?$AA?9?$AAf?$AAi?$AAb?$AAe?$AAr?$AAs?$AA?9?$AAl?$AA1?$AA?9?$AA1?$AA?9?$AA1?$AA?$AA@ 0040e33c     libvcruntime:winapi_downlevel.obj
 0002:00000378       ??_C@_1DK@LPPGFMPP@?$AAa?$AAp?$AAi?$AA?9?$AAm?$AAs?$AA?9?$AAw?$AAi?$AAn?$AA?9?$AAc?$AAo?$AAr?$AAe?$AA?9?$AAs?$AAy?$AAn?$AAc?$AAh?$AA?9?$AAl?$AA1?$AA?9?$AA2?$AA?9?$AA0?$AA?$AA@ 0040e378     libvcruntime:winapi_downlevel.obj
 0002:000003b4       ??_C@_1BC@GDMECMAK@?$AAk?$AAe?$AAr?$AAn?$AAe?$AAl?$AA3?$AA2?$AA?$AA@ 0040e3b4     libvcruntime:winapi_downlevel.obj
 0002:000003cc       ??_C@_0O@BAMBGLIE@EventRegister?$AA@ 0040e3cc     libvcruntime:winapi_downlevel.obj
 0002:000003e0       ??_C@_0BE@BJEEGHGK@EventSetInformation?$AA@ 0040e3e0     libvcruntime:winapi_downlevel.obj
 0002:000003f8       ??_C@_0BA@FAKLIPIC@EventUnregister?$AA@ 0040e3f8     libvcruntime:winapi_downlevel.obj
 0002:0000040c       ??_C@_0BD@PKLHJPHD@EventWriteTransfer?$AA@ 0040e40c     libvcruntime:winapi_downlevel.obj
 0002:00000428       ??_C@_08KNHFBNJ@FlsAlloc?$AA@ 0040e428     libvcruntime:winapi_downlevel.obj
 0002:0000043c       ??_C@_07PEJMOBNF@FlsFree?$AA@ 0040e43c     libvcruntime:winapi_downlevel.obj
 0002:00000444       ??_C@_0M@GDNOONDI@FlsGetValue?$AA@ 0040e444     libvcruntime:winapi_downlevel.obj
 0002:00000458       ??_C@_0M@JCPCPOEF@FlsSetValue?$AA@ 0040e458     libvcruntime:winapi_downlevel.obj
 0002:0000046c       ??_C@_0BM@HCFOFFN@InitializeCriticalSectionEx?$AA@ 0040e46c     libvcruntime:winapi_downlevel.obj
 0002:00000618       ??_C@_08EHJDFFNH@__based?$CI?$AA@ 0040e618     libvcruntime:undname.obj
 0002:00000624       ??_C@_07KOLFKCDI@__cdecl?$AA@ 0040e624     libvcruntime:undname.obj
 0002:0000062c       ??_C@_08GHMPAG@__pascal?$AA@ 0040e62c     libvcruntime:undname.obj
 0002:00000638       ??_C@_09IFJBGAPI@__stdcall?$AA@ 0040e638     libvcruntime:undname.obj
 0002:00000644       ??_C@_0L@NPHFGOKO@__thiscall?$AA@ 0040e644     libvcruntime:undname.obj
 0002:00000650       ??_C@_0L@JMKHOMEK@__fastcall?$AA@ 0040e650     libvcruntime:undname.obj
 0002:0000065c       ??_C@_0N@BCKKPABJ@__vectorcall?$AA@ 0040e65c     libvcruntime:undname.obj
 0002:0000066c       ??_C@_09HIJEGCPM@__clrcall?$AA@ 0040e66c     libvcruntime:undname.obj
 0002:00000678       ??_C@_06GHPCKEAG@__eabi?$AA@ 0040e678     libvcruntime:undname.obj
 0002:00000680       ??_C@_07JOMMBBKO@__ptr64?$AA@ 0040e680     libvcruntime:undname.obj
 0002:00000688       ??_C@_0L@PILCLIHE@__restrict?$AA@ 0040e688     libvcruntime:undname.obj
 0002:00000694       ??_C@_0M@GFIIJFMG@__unaligned?$AA@ 0040e694     libvcruntime:undname.obj
 0002:000006a0       ??_C@_09DHDLOLLB@restrict?$CI?$AA@ 0040e6a0     libvcruntime:undname.obj
 0002:000006ac       ??_C@_04NIHEBCM@?5new?$AA@ 0040e6ac     libvcruntime:undname.obj
 0002:000006b4       ??_C@_07FPCDHGMM@?5delete?$AA@ 0040e6b4     libvcruntime:undname.obj
 0002:000006bc       ??_C@_01NEMOKFLO@?$DN?$AA@ 0040e6bc     libvcruntime:undname.obj
 0002:000006c0       ??_C@_02GPIOPFAK@?$DO?$DO?$AA@ 0040e6c0     libvcruntime:undname.obj
 0002:000006c4       ??_C@_02FODMEDOG@?$DM?$DM?$AA@ 0040e6c4     libvcruntime:undname.obj
 0002:000006c8       ??_C@_01DCLJPIOD@?$CB?$AA@ 0040e6c8     libvcruntime:undname.obj
 0002:000006cc       ??_C@_02EGOFBIJA@?$DN?$DN?$AA@ 0040e6cc     libvcruntime:undname.obj
 0002:000006d0       ??_C@_02FDNJECIE@?$CB?$DN?$AA@ 0040e6d0     libvcruntime:undname.obj
 0002:000006d4       ??_C@_02GPECMEKF@?$FL?$FN?$AA@ 0040e6d4     libvcruntime:undname.obj
 0002:000006d8       ??_C@_08LHJFAFGD@operator?$AA@ 0040e6d8     libvcruntime:undname.obj
 0002:000006e4       ??_C@_02HBOOOICD@?9?$DO?$AA@ 0040e6e4     libvcruntime:undname.obj
 0002:000006e8       ??_C@_01NBENCBCI@?$CK?$AA@ 0040e6e8     libvcruntime:undname.obj
 0002:000006ec       ??_C@_02ECNGHCIF@?$CL?$CL?$AA@ 0040e6ec     libvcruntime:undname.obj
 0002:000006f0       ??_C@_02BAABKJLB@?9?9?$AA@ 0040e6f0     libvcruntime:undname.obj
 0002:000006f4       ??_C@_01JOAMLHOP@?9?$AA@   0040e6f4     libvcruntime:undname.obj
 0002:000006f8       ??_C@_01MIFGBAGJ@?$CL?$AA@ 0040e6f8     libvcruntime:undname.obj
 0002:000006fc       ??_C@_01HNPIGOCE@?$CG?$AA@ 0040e6fc     libvcruntime:undname.obj
 0002:00000700       ??_C@_03MNHNFDLC@?9?$DO?$CK?$AA@ 0040e700     libvcruntime:undname.obj
 0002:00000704       ??_C@_01KMDKNFGN@?1?$AA@   0040e704     libvcruntime:undname.obj
 0002:00000708       ??_C@_01FGNFDNOH@?$CF?$AA@ 0040e708     libvcruntime:undname.obj
 0002:0000070c       ??_C@_01MNNFJEPP@?$DM?$AA@ 0040e70c     libvcruntime:undname.obj
 0002:00000710       ??_C@_02EHCHHCKH@?$DM?$DN?$AA@ 0040e710     libvcruntime:undname.obj
 0002:00000714       ??_C@_01PPODPGHN@?$DO?$AA@ 0040e714     libvcruntime:undname.obj
 0002:00000718       ??_C@_02EEKDKGMJ@?$DO?$DN?$AA@ 0040e718     libvcruntime:undname.obj
 0002:0000071c       ??_C@_01IHBHIGKO@?0?$AA@   0040e71c     libvcruntime:undname.obj
 0002:00000720       ??_C@_02HCKGKOFO@?$CI?$CJ?$AA@ 0040e720     libvcruntime:undname.obj
 0002:00000724       ??_C@_01PJKLJHI@?$HO?$AA@  0040e724     libvcruntime:undname.obj
 0002:00000728       ??_C@_01JKBOJNNK@?$FO?$AA@ 0040e728     libvcruntime:undname.obj
 0002:0000072c       ??_C@_01DNKMNLPK@?$HM?$AA@ 0040e72c     libvcruntime:undname.obj
 0002:00000730       ??_C@_02PPKAJPJL@?$CG?$CG?$AA@ 0040e730     libvcruntime:undname.obj
 0002:00000734       ??_C@_02NONPIBCD@?$HM?$HM?$AA@ 0040e734     libvcruntime:undname.obj
 0002:00000738       ??_C@_02FPIMKNGF@?$CK?$DN?$AA@ 0040e738     libvcruntime:undname.obj
 0002:0000073c       ??_C@_02FOEOMHFC@?$CL?$DN?$AA@ 0040e73c     libvcruntime:undname.obj
 0002:00000740       ??_C@_02FKMDLLOA@?9?$DN?$AA@ 0040e740     libvcruntime:undname.obj
 0002:00000744       ??_C@_02FJEHGPIO@?1?$DN?$AA@ 0040e744     libvcruntime:undname.obj
 0002:00000748       ??_C@_02FENAOKFI@?$CF?$DN?$AA@ 0040e748     libvcruntime:undname.obj
 0002:0000074c       ??_C@_03IKFCCPFF@?$DO?$DO?$DN?$AA@ 0040e74c     libvcruntime:undname.obj
 0002:00000750       ??_C@_03CDNPDDLA@?$DM?$DM?$DN?$AA@ 0040e750     libvcruntime:undname.obj
 0002:00000754       ??_C@_02FGJGFEAB@?$CG?$DN?$AA@ 0040e754     libvcruntime:undname.obj
 0002:00000758       ??_C@_02DHLNPPGH@?$HM?$DN?$AA@ 0040e758     libvcruntime:undname.obj
 0002:0000075c       ??_C@_02MHEGNOJ@?$FO?$DN?$AA@ 0040e75c     libvcruntime:undname.obj
 0002:00000760       ??_C@_09IFPLHPGF@?$GAvftable?8?$AA@ 0040e760     libvcruntime:undname.obj
 0002:0000076c       ??_C@_09BLBHBJP@?$GAvbtable?8?$AA@ 0040e76c     libvcruntime:undname.obj
 0002:00000778       ??_C@_07FEEIOKP@?$GAvcall?8?$AA@ 0040e778     libvcruntime:undname.obj
 0002:00000780       ??_C@_08LLFFHHDJ@?$GAtypeof?8?$AA@ 0040e780     libvcruntime:undname.obj
 0002:0000078c       ??_C@_0BF@KDPPACIK@?$GAlocal?5static?5guard?8?$AA@ 0040e78c     libvcruntime:undname.obj
 0002:000007a4       ??_C@_08OBABFOLI@?$GAstring?8?$AA@ 0040e7a4     libvcruntime:undname.obj
 0002:000007b0       ??_C@_0BD@JDLKDPAB@?$GAvbase?5destructor?8?$AA@ 0040e7b0     libvcruntime:undname.obj
 0002:000007c4       ??_C@_0BN@DEGPLNFK@?$GAvector?5deleting?5destructor?8?$AA@ 0040e7c4     libvcruntime:undname.obj
 0002:000007e4       ??_C@_0BO@OBMKPJIG@?$GAdefault?5constructor?5closure?8?$AA@ 0040e7e4     libvcruntime:undname.obj
 0002:00000804       ??_C@_0BN@IMDCHIKM@?$GAscalar?5deleting?5destructor?8?$AA@ 0040e804     libvcruntime:undname.obj
 0002:00000824       ??_C@_0BO@PFGOCPJJ@?$GAvector?5constructor?5iterator?8?$AA@ 0040e824     libvcruntime:undname.obj
 0002:00000844       ??_C@_0BN@LFPFMEDL@?$GAvector?5destructor?5iterator?8?$AA@ 0040e844     libvcruntime:undname.obj
 0002:00000864       ??_C@_0CE@IKBNEHA@?$GAvector?5vbase?5constructor?5iterat@ 0040e864     libvcruntime:undname.obj
 0002:00000888       ??_C@_0BL@NILFHHPC@?$GAvirtual?5displacement?5map?8?$AA@ 0040e888     libvcruntime:undname.obj
 0002:000008a4       ??_C@_0CB@JONCMFFK@?$GAeh?5vector?5constructor?5iterator?8@ 0040e8a4     libvcruntime:undname.obj
 0002:000008c8       ??_C@_0CA@GCEOPDGL@?$GAeh?5vector?5destructor?5iterator?8?$AA@ 0040e8c8     libvcruntime:undname.obj
 0002:000008e8       ??_C@_0CH@OOJPLCPH@?$GAeh?5vector?5vbase?5constructor?5ite@ 0040e8e8     libvcruntime:undname.obj
 0002:00000910       ??_C@_0BL@LLKPOHJI@?$GAcopy?5constructor?5closure?8?$AA@ 0040e910     libvcruntime:undname.obj
 0002:0000092c       ??_C@_0BA@KBCDOMBN@?$GAudt?5returning?8?$AA@ 0040e92c     libvcruntime:undname.obj
 0002:0000093c       ??_C@_03KLGMFNMG@?$GAEH?$AA@ 0040e93c     libvcruntime:undname.obj
 0002:00000940       ??_C@_05KHLCHHI@?$GARTTI?$AA@ 0040e940     libvcruntime:undname.obj
 0002:00000948       ??_C@_0BA@KKLDJDLB@?$GAlocal?5vftable?8?$AA@ 0040e948     libvcruntime:undname.obj
 0002:00000958       ??_C@_0CE@IIHCMGGL@?$GAlocal?5vftable?5constructor?5closu@ 0040e958     libvcruntime:undname.obj
 0002:0000097c       ??_C@_06FHBGPFGH@?5new?$FL?$FN?$AA@ 0040e97c     libvcruntime:undname.obj
 0002:00000984       ??_C@_09LBNFPBCA@?5delete?$FL?$FN?$AA@ 0040e984     libvcruntime:undname.obj
 0002:00000990       ??_C@_0P@HJKNJFNN@?$GAomni?5callsig?8?$AA@ 0040e990     libvcruntime:undname.obj
 0002:000009a0       ??_C@_0BL@CNOONJFP@?$GAplacement?5delete?5closure?8?$AA@ 0040e9a0     libvcruntime:undname.obj
 0002:000009bc       ??_C@_0BN@CKNJLHMB@?$GAplacement?5delete?$FL?$FN?5closure?8?$AA@ 0040e9bc     libvcruntime:undname.obj
 0002:000009dc       ??_C@_0CG@CFDHKGGD@?$GAmanaged?5vector?5constructor?5iter@ 0040e9dc     libvcruntime:undname.obj
 0002:00000a04       ??_C@_0CF@IMGKMJNO@?$GAmanaged?5vector?5destructor?5itera@ 0040ea04     libvcruntime:undname.obj
 0002:00000a2c       ??_C@_0CG@HLDDJMAG@?$GAeh?5vector?5copy?5constructor?5iter@ 0040ea2c     libvcruntime:undname.obj
 0002:00000a54       ??_C@_0CM@FCBBDIGB@?$GAeh?5vector?5vbase?5copy?5constructo@ 0040ea54     libvcruntime:undname.obj
 0002:00000a80       ??_C@_0BL@CLIPGLGB@?$GAdynamic?5initializer?5for?5?8?$AA@ 0040ea80     libvcruntime:undname.obj
 0002:00000a9c       ??_C@_0CB@PDBIFEP@?$GAdynamic?5atexit?5destructor?5for?5?8@ 0040ea9c     libvcruntime:undname.obj
 0002:00000ac0       ??_C@_0CD@CGAJBKEJ@?$GAvector?5copy?5constructor?5iterato@ 0040eac0     libvcruntime:undname.obj
 0002:00000ae4       ??_C@_0CJ@GJELGAMM@?$GAvector?5vbase?5copy?5constructor?5i@ 0040eae4     libvcruntime:undname.obj
 0002:00000b10       ??_C@_0CL@FGIJHLCE@?$GAmanaged?5vector?5copy?5constructor@ 0040eb10     libvcruntime:undname.obj
 0002:00000b3c       ??_C@_0BM@PMGGMLDN@?$GAlocal?5static?5thread?5guard?8?$AA@ 0040eb3c     libvcruntime:undname.obj
 0002:00000b58       ??_C@_0N@BDNMDMOL@operator?5?$CC?$CC?5?$AA@ 0040eb58     libvcruntime:undname.obj
 0002:00000b68       ??_C@_0BC@DAFEJGAK@?5Type?5Descriptor?8?$AA@ 0040eb68     libvcruntime:undname.obj
 0002:00000b7c       ??_C@_0BM@LDKODKLH@?5Base?5Class?5Descriptor?5at?5?$CI?$AA@ 0040eb7c     libvcruntime:undname.obj
 0002:00000b98       ??_C@_0BD@LGICGFMM@?5Base?5Class?5Array?8?$AA@ 0040eb98     libvcruntime:undname.obj
 0002:00000bac       ??_C@_0BN@MECKDCOJ@?5Class?5Hierarchy?5Descriptor?8?$AA@ 0040ebac     libvcruntime:undname.obj
 0002:00000bcc       ??_C@_0BK@CFCOFLF@?5Complete?5Object?5Locator?8?$AA@ 0040ebcc     libvcruntime:undname.obj
 0002:00000c90       ??_C@_04FJHINJAO@tanh?$AA@ 0040ec90     libucrt:fpexcept.obj
 0002:00000c98       ??_C@_04FIHNOPOL@asin?$AA@ 0040ec98     libucrt:fpexcept.obj
 0002:00000ca0       ??_C@_04PDIFKINK@acos?$AA@ 0040eca0     libucrt:fpexcept.obj
 0002:00000ca8       ??_C@_04MLLJIGOK@atan?$AA@ 0040eca8     libucrt:fpexcept.obj
 0002:00000cb0       ??_C@_05KNGEOGJB@atan2?$AA@ 0040ecb0     libucrt:fpexcept.obj
 0002:00000cb8       ??_C@_04EIAKFFMI@sqrt?$AA@ 0040ecb8     libucrt:fpexcept.obj
 0002:00000cc0       ??_C@_03BLEJJJBH@sin?$AA@  0040ecc0     libucrt:fpexcept.obj
 0002:00000cc4       ??_C@_03LALBNOCG@cos?$AA@  0040ecc4     libucrt:fpexcept.obj
 0002:00000cc8       ??_C@_03IIINPABG@tan?$AA@  0040ecc8     libucrt:fpexcept.obj
 0002:00000ccc       ??_C@_04GFPJNGEK@ceil?$AA@ 0040eccc     libucrt:fpexcept.obj
 0002:00000cd4       ??_C@_05PBJFFIGL@floor?$AA@ 0040ecd4     libucrt:fpexcept.obj
 0002:00000cdc       ??_C@_04ODHECPBC@fabs?$AA@ 0040ecdc     libucrt:fpexcept.obj
 0002:00000ce4       ??_C@_04EHEDPDJG@modf?$AA@ 0040ece4     libucrt:fpexcept.obj
 0002:00000cec       ??_C@_05CEJMAHNP@ldexp?$AA@ 0040ecec     libucrt:fpexcept.obj
 0002:00000cf4       ??_C@_05KBKMEMPO@_cabs?$AA@ 0040ecf4     libucrt:fpexcept.obj
 0002:00000cfc       ??_C@_06MEIMCGCF@_hypot?$AA@ 0040ecfc     libucrt:fpexcept.obj
 0002:00000d04       ??_C@_04KEPJIHGP@fmod?$AA@ 0040ed04     libucrt:fpexcept.obj
 0002:00000d0c       ??_C@_05GKKHEGJL@frexp?$AA@ 0040ed0c     libucrt:fpexcept.obj
 0002:00000d14       ??_C@_03MJLDFKDL@_y0?$AA@  0040ed14     libucrt:fpexcept.obj
 0002:00000d18       ??_C@_03NAKIGLHK@_y1?$AA@  0040ed18     libucrt:fpexcept.obj
 0002:00000d1c       ??_C@_03ONILCKOB@_yn?$AA@  0040ed1c     libucrt:fpexcept.obj
 0002:00000d20       ??_C@_05JGDBENOH@_logb?$AA@ 0040ed20     libucrt:fpexcept.obj
 0002:00000d28       ??_C@_0L@KDOEJCKC@_nextafter?$AA@ 0040ed28     libucrt:fpexcept.obj
 0002:00000e20       ??_C@_03KHJOGHMM@exp?$AA@  0040ee20     libucrt:fpexcept.obj
 0002:00000e24       ??_C@_03JGHBODFD@pow?$AA@  0040ee24     libucrt:fpexcept.obj
 0002:00000e28       ??_C@_03MGHMBJCF@log?$AA@  0040ee28     libucrt:fpexcept.obj
 0002:00000e2c       ??_C@_05HGHHAHAP@log10?$AA@ 0040ee2c     libucrt:fpexcept.obj
 0002:00000e34       ??_C@_04COOMCNPB@sinh?$AA@ 0040ee34     libucrt:fpexcept.obj
 0002:00000e3c       ??_C@_04HPJJNFIM@cosh?$AA@ 0040ee3c     libucrt:fpexcept.obj
 0002:00000e48       ___acrt_exception_action_table 0040ee48     libucrt:exception_filter.obj
 0002:00000ed8       ___acrt_signal_action_table_count 0040eed8     libucrt:exception_filter.obj
 0002:00000edc       ___acrt_signal_action_first_fpe_index 0040eedc     libucrt:exception_filter.obj
 0002:00000ee0       ___acrt_signal_action_fpe_count 0040eee0     libucrt:exception_filter.obj
 0002:00000ee4       ??_C@_1BI@BGOHAHKC@?$AAm?$AAs?$AAc?$AAo?$AAr?$AAe?$AAe?$AA?4?$AAd?$AAl?$AAl?$AA?$AA@ 0040eee4     libucrt:exit.obj
 0002:00000efc       ??_C@_0P@MIGLKIOC@CorExitProcess?$AA@ 0040eefc     libucrt:exit.obj
 0002:00000fa0       ___acrt_cos_sin_ctable     0040efa0     libucrt:cos_sin_ctable.obj
 0002:00001908       __d_inf                    0040f908     libucrt:util.obj
 0002:00001910       __d_max                    0040f910     libucrt:util.obj
 0002:00001918       __d_mzero                  0040f918     libucrt:util.obj
 0002:00001948       ??_C@_1M@HPNHIDJI@?$AAj?$AAa?$AA?9?$AAJ?$AAP?$AA?$AA@ 0040f948     libucrt:mbctype.obj
 0002:00001954       ??_C@_1M@BIBDDEMK@?$AAz?$AAh?$AA?9?$AAC?$AAN?$AA?$AA@ 0040f954     libucrt:mbctype.obj
 0002:00001960       ??_C@_1M@JLOOOEGK@?$AAk?$AAo?$AA?9?$AAK?$AAR?$AA?$AA@ 0040f960     libucrt:mbctype.obj
 0002:0000196c       ??_C@_1M@CLNBBOPM@?$AAz?$AAh?$AA?9?$AAT?$AAW?$AA?$AA@ 0040f96c     libucrt:mbctype.obj
 0002:000019c8       ??_C@_1EG@CNNIPFIM@?$AAa?$AAp?$AAi?$AA?9?$AAm?$AAs?$AA?9?$AAw?$AAi?$AAn?$AA?9?$AAa?$AAp?$AAp?$AAm?$AAo?$AAd?$AAe?$AAl?$AA?9?$AAr?$AAu?$AAn?$AAt?$AAi?$AAm?$AAe?$AA?9?$AAl?$AA1?$AA?9?$AA1@ 0040f9c8     libucrt:winapi_thunks.obj
 0002:00001a10       ??_C@_1EA@JGEFHKEI@?$AAa?$AAp?$AAi?$AA?9?$AAm?$AAs?$AA?9?$AAw?$AAi?$AAn?$AA?9?$AAc?$AAo?$AAr?$AAe?$AA?9?$AAd?$AAa?$AAt?$AAe?$AAt?$AAi?$AAm?$AAe?$AA?9?$AAl?$AA1?$AA?9?$AA1?$AA?9?$AA1?$AA?$AA@ 0040fa10     libucrt:winapi_thunks.obj
 0002:00001a50       ??_C@_1DI@GCIAAENM@?$AAa?$AAp?$AAi?$AA?9?$AAm?$AAs?$AA?9?$AAw?$AAi?$AAn?$AA?9?$AAc?$AAo?$AAr?$AAe?$AA?9?$AAf?$AAi?$AAl?$AAe?$AA?9?$AAl?$AA2?$AA?9?$AA1?$AA?9?$AA1?$AA?$AA@ 0040fa50     libucrt:winapi_thunks.obj
 0002:00001a88       ??_C@_1EI@MPIAOHOC@?$AAa?$AAp?$AAi?$AA?9?$AAm?$AAs?$AA?9?$AAw?$AAi?$AAn?$AA?9?$AAc?$AAo?$AAr?$AAe?$AA?9?$AAl?$AAo?$AAc?$AAa?$AAl?$AAi?$AAz?$AAa?$AAt?$AAi?$AAo?$AAn?$AA?9?$AAl?$AA1?$AA?9@ 0040fa88     libucrt:winapi_thunks.obj
 0002:00001ad0       ??_C@_1FK@FPHCKFIE@?$AAa?$AAp?$AAi?$AA?9?$AAm?$AAs?$AA?9?$AAw?$AAi?$AAn?$AA?9?$AAc?$AAo?$AAr?$AAe?$AA?9?$AAl?$AAo?$AAc?$AAa?$AAl?$AAi?$AAz?$AAa?$AAt?$AAi?$AAo?$AAn?$AA?9?$AAo?$AAb?$AAs@ 0040fad0     libucrt:winapi_thunks.obj
 0002:00001b30       ??_C@_1EM@DILCGIIO@?$AAa?$AAp?$AAi?$AA?9?$AAm?$AAs?$AA?9?$AAw?$AAi?$AAn?$AA?9?$AAc?$AAo?$AAr?$AAe?$AA?9?$AAp?$AAr?$AAo?$AAc?$AAe?$AAs?$AAs?$AAt?$AAh?$AAr?$AAe?$AAa?$AAd?$AAs?$AA?9?$AAl@ 0040fb30     libucrt:winapi_thunks.obj
 0002:00001b7c       ??_C@_1DM@LNCGDDPN@?$AAa?$AAp?$AAi?$AA?9?$AAm?$AAs?$AA?9?$AAw?$AAi?$AAn?$AA?9?$AAc?$AAo?$AAr?$AAe?$AA?9?$AAs?$AAt?$AAr?$AAi?$AAn?$AAg?$AA?9?$AAl?$AA1?$AA?9?$AA1?$AA?9?$AA0?$AA?$AA@ 0040fb7c     libucrt:winapi_thunks.obj
 0002:00001bb8       ??_C@_1DO@FPAPJEMD@?$AAa?$AAp?$AAi?$AA?9?$AAm?$AAs?$AA?9?$AAw?$AAi?$AAn?$AA?9?$AAc?$AAo?$AAr?$AAe?$AA?9?$AAs?$AAy?$AAs?$AAi?$AAn?$AAf?$AAo?$AA?9?$AAl?$AA1?$AA?9?$AA2?$AA?9?$AA1?$AA?$AA@ 0040fbb8     libucrt:winapi_thunks.obj
 0002:00001bf8       ??_C@_1DK@NDHNAHIO@?$AAa?$AAp?$AAi?$AA?9?$AAm?$AAs?$AA?9?$AAw?$AAi?$AAn?$AA?9?$AAc?$AAo?$AAr?$AAe?$AA?9?$AAw?$AAi?$AAn?$AAr?$AAt?$AA?9?$AAl?$AA1?$AA?9?$AA1?$AA?9?$AA0?$AA?$AA@ 0040fbf8     libucrt:winapi_thunks.obj
 0002:00001c34       ??_C@_1DM@KGHDGBCM@?$AAa?$AAp?$AAi?$AA?9?$AAm?$AAs?$AA?9?$AAw?$AAi?$AAn?$AA?9?$AAc?$AAo?$AAr?$AAe?$AA?9?$AAx?$AAs?$AAt?$AAa?$AAt?$AAe?$AA?9?$AAl?$AA2?$AA?9?$AA1?$AA?9?$AA0?$AA?$AA@ 0040fc34     libucrt:winapi_thunks.obj
 0002:00001c70       ??_C@_1EO@IJIOEFOH@?$AAa?$AAp?$AAi?$AA?9?$AAm?$AAs?$AA?9?$AAw?$AAi?$AAn?$AA?9?$AAr?$AAt?$AAc?$AAo?$AAr?$AAe?$AA?9?$AAn?$AAt?$AAu?$AAs?$AAe?$AAr?$AA?9?$AAw?$AAi?$AAn?$AAd?$AAo?$AAw?$AA?9@ 0040fc70     libucrt:winapi_thunks.obj
 0002:00001cc0       ??_C@_1FG@HHGEKANL@?$AAa?$AAp?$AAi?$AA?9?$AAm?$AAs?$AA?9?$AAw?$AAi?$AAn?$AA?9?$AAs?$AAe?$AAc?$AAu?$AAr?$AAi?$AAt?$AAy?$AA?9?$AAs?$AAy?$AAs?$AAt?$AAe?$AAm?$AAf?$AAu?$AAn?$AAc?$AAt?$AAi@ 0040fcc0     libucrt:winapi_thunks.obj
 0002:00001d18       ??_C@_1FG@NCKKOLKO@?$AAe?$AAx?$AAt?$AA?9?$AAm?$AAs?$AA?9?$AAw?$AAi?$AAn?$AA?9?$AAk?$AAe?$AAr?$AAn?$AAe?$AAl?$AA3?$AA2?$AA?9?$AAp?$AAa?$AAc?$AAk?$AAa?$AAg?$AAe?$AA?9?$AAc?$AAu?$AAr?$AAr@ 0040fd18     libucrt:winapi_thunks.obj
 0002:00001d70       ??_C@_1EG@DBIOJECG@?$AAe?$AAx?$AAt?$AA?9?$AAm?$AAs?$AA?9?$AAw?$AAi?$AAn?$AA?9?$AAn?$AAt?$AAu?$AAs?$AAe?$AAr?$AA?9?$AAd?$AAi?$AAa?$AAl?$AAo?$AAg?$AAb?$AAo?$AAx?$AA?9?$AAl?$AA1?$AA?9?$AA1@ 0040fd70     libucrt:winapi_thunks.obj
 0002:00001db8       ??_C@_1EO@FIHMJCLF@?$AAe?$AAx?$AAt?$AA?9?$AAm?$AAs?$AA?9?$AAw?$AAi?$AAn?$AA?9?$AAn?$AAt?$AAu?$AAs?$AAe?$AAr?$AA?9?$AAw?$AAi?$AAn?$AAd?$AAo?$AAw?$AAs?$AAt?$AAa?$AAt?$AAi?$AAo?$AAn?$AA?9@ 0040fdb8     libucrt:winapi_thunks.obj
 0002:00001e08       ??_C@_1O@BCCLBEOE@?$AAu?$AAs?$AAe?$AAr?$AA3?$AA2?$AA?$AA@ 0040fe08     libucrt:winapi_thunks.obj
 0002:00001e40       ??_C@_0BE@JOGNEJCI@GetCurrentPackageId?$AA@ 0040fe40     libucrt:winapi_thunks.obj
 0002:00001e64       ??_C@_0O@KKBNKAPF@LCMapStringEx?$AA@ 0040fe64     libucrt:winapi_thunks.obj
 0002:00001e7c       ??_C@_0BB@HBDEELFH@LocaleNameToLCID?$AA@ 0040fe7c     libucrt:winapi_thunks.obj
 0002:00001e90       ___newctype                0040fe90     libucrt:ctype.obj
 0002:00002190       ___newclmap                00410190     libucrt:ctype.obj
 0002:00002310       ___newcumap                00410310     libucrt:ctype.obj
 0002:00002490       ??_C@_03KOEHGMDN@Sun?$AA@  00410490     libucrt:nlsdata.obj
 0002:00002494       ??_C@_03PDAGKDH@Mon?$AA@   00410494     libucrt:nlsdata.obj
 0002:00002498       ??_C@_03NAGEINEP@Tue?$AA@  00410498     libucrt:nlsdata.obj
 0002:0000249c       ??_C@_03MHOMLAJA@Wed?$AA@  0041049c     libucrt:nlsdata.obj
 0002:000024a0       ??_C@_03IOFIKPDN@Thu?$AA@  004104a0     libucrt:nlsdata.obj
 0002:000024a4       ??_C@_03IDIOELNC@Fri?$AA@  004104a4     libucrt:nlsdata.obj
 0002:000024a8       ??_C@_03FEFJNEK@Sat?$AA@   004104a8     libucrt:nlsdata.obj
 0002:000024ac       ??_C@_06OOPIFAJ@Sunday?$AA@ 004104ac     libucrt:nlsdata.obj
 0002:000024b4       ??_C@_06JLEDEDGH@Monday?$AA@ 004104b4     libucrt:nlsdata.obj
 0002:000024bc       ??_C@_07BAAGCFCM@Tuesday?$AA@ 004104bc     libucrt:nlsdata.obj
 0002:000024c4       ??_C@_09DLIGFAKA@Wednesday?$AA@ 004104c4     libucrt:nlsdata.obj
 0002:000024d0       ??_C@_08HACCIKIA@Thursday?$AA@ 004104d0     libucrt:nlsdata.obj
 0002:000024dc       ??_C@_06JECMNKMI@Friday?$AA@ 004104dc     libucrt:nlsdata.obj
 0002:000024e4       ??_C@_08INBOOONO@Saturday?$AA@ 004104e4     libucrt:nlsdata.obj
 0002:000024f0       ??_C@_03JIHJHPIE@Jan?$AA@  004104f0     libucrt:nlsdata.obj
 0002:000024f4       ??_C@_03HJBDCHOM@Feb?$AA@  004104f4     libucrt:nlsdata.obj
 0002:000024f8       ??_C@_03ODNJBKGA@Mar?$AA@  004104f8     libucrt:nlsdata.obj
 0002:000024fc       ??_C@_03LEOLGMJP@Apr?$AA@  004104fc     libucrt:nlsdata.obj
 0002:00002500       ??_C@_03CNMDKL@May?$AA@    00410500     libucrt:nlsdata.obj
 0002:00002504       ??_C@_03IDFGHECI@Jun?$AA@  00410504     libucrt:nlsdata.obj
 0002:00002508       ??_C@_03LBGABGKK@Jul?$AA@  00410508     libucrt:nlsdata.obj
 0002:0000250c       ??_C@_03IFJFEIGA@Aug?$AA@  0041050c     libucrt:nlsdata.obj
 0002:00002510       ??_C@_03GGCAPAJC@Sep?$AA@  00410510     libucrt:nlsdata.obj
 0002:00002514       ??_C@_03BMAOKBAD@Oct?$AA@  00410514     libucrt:nlsdata.obj
 0002:00002518       ??_C@_03JPJOFNIA@Nov?$AA@  00410518     libucrt:nlsdata.obj
 0002:0000251c       ??_C@_03MKABNOCG@Dec?$AA@  0041051c     libucrt:nlsdata.obj
 0002:00002520       ??_C@_07CGJPFGJA@January?$AA@ 00410520     libucrt:nlsdata.obj
 0002:00002528       ??_C@_08GNJGEPFN@February?$AA@ 00410528     libucrt:nlsdata.obj
 0002:00002534       ??_C@_05HPCKOFNC@March?$AA@ 00410534     libucrt:nlsdata.obj
 0002:0000253c       ??_C@_05DMJDNLEJ@April?$AA@ 0041053c     libucrt:nlsdata.obj
 0002:00002544       ??_C@_04CNLMGBGM@June?$AA@ 00410544     libucrt:nlsdata.obj
 0002:0000254c       ??_C@_04MIEPOIFP@July?$AA@ 0041054c     libucrt:nlsdata.obj
 0002:00002554       ??_C@_06LBBHFDDG@August?$AA@ 00410554     libucrt:nlsdata.obj
 0002:0000255c       ??_C@_09BHHEALKD@September?$AA@ 0041055c     libucrt:nlsdata.obj
 0002:00002568       ??_C@_07JJNFCEND@October?$AA@ 00410568     libucrt:nlsdata.obj
 0002:00002570       ??_C@_08HCHEGEOA@November?$AA@ 00410570     libucrt:nlsdata.obj
 0002:0000257c       ??_C@_08EDHMEBNP@December?$AA@ 0041057c     libucrt:nlsdata.obj
 0002:00002588       ??_C@_02DEDBPAFC@AM?$AA@   00410588     libucrt:nlsdata.obj
 0002:0000258c       ??_C@_02CJNFDJBF@PM?$AA@   0041058c     libucrt:nlsdata.obj
 0002:00002590       ??_C@_08BPBNCDIB@MM?1dd?1yy?$AA@ 00410590     libucrt:nlsdata.obj
 0002:0000259c       ??_C@_0BE@CKGJFCPC@dddd?0?5MMMM?5dd?0?5yyyy?$AA@ 0041059c     libucrt:nlsdata.obj
 0002:000025b0       ??_C@_08JCCMCCIL@HH?3mm?3ss?$AA@ 004105b0     libucrt:nlsdata.obj
 0002:000025bc       ??_C@_17MBGCMIPB@?$AAS?$AAu?$AAn?$AA?$AA@ 004105bc     libucrt:nlsdata.obj
 0002:000025c4       ??_C@_17KBOMKBF@?$AAM?$AAo?$AAn?$AA?$AA@ 004105c4     libucrt:nlsdata.obj
 0002:000025cc       ??_C@_17BMKGEGOJ@?$AAT?$AAu?$AAe?$AA?$AA@ 004105cc     libucrt:nlsdata.obj
 0002:000025d4       ??_C@_17CJEDCEPE@?$AAW?$AAe?$AAd?$AA?$AA@ 004105d4     libucrt:nlsdata.obj
 0002:000025dc       ??_C@_17PDPHAADD@?$AAT?$AAh?$AAu?$AA?$AA@ 004105dc     libucrt:nlsdata.obj
 0002:000025e4       ??_C@_17HFOLPPLP@?$AAF?$AAr?$AAi?$AA?$AA@ 004105e4     libucrt:nlsdata.obj
 0002:000025ec       ??_C@_17GGIBDPIH@?$AAS?$AAa?$AAt?$AA?$AA@ 004105ec     libucrt:nlsdata.obj
 0002:000025f4       ??_C@_1O@IHNHDHPB@?$AAS?$AAu?$AAn?$AAd?$AAa?$AAy?$AA?$AA@ 004105f4     libucrt:nlsdata.obj
 0002:00002604       ??_C@_1O@MMNBFLIA@?$AAM?$AAo?$AAn?$AAd?$AAa?$AAy?$AA?$AA@ 00410604     libucrt:nlsdata.obj
 0002:00002614       ??_C@_1BA@ENFBFFEK@?$AAT?$AAu?$AAe?$AAs?$AAd?$AAa?$AAy?$AA?$AA@ 00410614     libucrt:nlsdata.obj
 0002:00002624       ??_C@_1BE@EBOGMDOH@?$AAW?$AAe?$AAd?$AAn?$AAe?$AAs?$AAd?$AAa?$AAy?$AA?$AA@ 00410624     libucrt:nlsdata.obj
 0002:00002638       ??_C@_1BC@HHMNLIHE@?$AAT?$AAh?$AAu?$AAr?$AAs?$AAd?$AAa?$AAy?$AA?$AA@ 00410638     libucrt:nlsdata.obj
 0002:0000264c       ??_C@_1O@PDICJHAG@?$AAF?$AAr?$AAi?$AAd?$AAa?$AAy?$AA?$AA@ 0041064c     libucrt:nlsdata.obj
 0002:0000265c       ??_C@_1BC@ENMNNPAJ@?$AAS?$AAa?$AAt?$AAu?$AAr?$AAd?$AAa?$AAy?$AA?$AA@ 0041065c     libucrt:nlsdata.obj
 0002:00002670       ??_C@_17DKNBKCHM@?$AAJ?$AAa?$AAn?$AA?$AA@ 00410670     libucrt:nlsdata.obj
 0002:00002678       ??_C@_17LMDJEKJN@?$AAF?$AAe?$AAb?$AA?$AA@ 00410678     libucrt:nlsdata.obj
 0002:00002680       ??_C@_17CKNLEDEC@?$AAM?$AAa?$AAr?$AA?$AA@ 00410680     libucrt:nlsdata.obj
 0002:00002688       ??_C@_17LFPOIHDD@?$AAA?$AAp?$AAr?$AA?$AA@ 00410688     libucrt:nlsdata.obj
 0002:00002690       ??_C@_17PNNKMEED@?$AAM?$AAa?$AAy?$AA?$AA@ 00410690     libucrt:nlsdata.obj
 0002:00002698       ??_C@_17KCJGOCPB@?$AAJ?$AAu?$AAn?$AA?$AA@ 00410698     libucrt:nlsdata.obj
 0002:000026a0       ??_C@_17IJPCKHK@?$AAJ?$AAu?$AAl?$AA?$AA@ 004106a0     libucrt:nlsdata.obj
 0002:000026a8       ??_C@_17ICPELBCN@?$AAA?$AAu?$AAg?$AA?$AA@ 004106a8     libucrt:nlsdata.obj
 0002:000026b0       ??_C@_17HCHCOKMG@?$AAS?$AAe?$AAp?$AA?$AA@ 004106b0     libucrt:nlsdata.obj
 0002:000026b8       ??_C@_17FNLKOI@?$AAO?$AAc?$AAt?$AA?$AA@ 004106b8     libucrt:nlsdata.obj
 0002:000026c0       ??_C@_17BBDMLCIG@?$AAN?$AAo?$AAv?$AA?$AA@ 004106c0     libucrt:nlsdata.obj
 0002:000026c8       ??_C@_17EGKACKIF@?$AAD?$AAe?$AAc?$AA?$AA@ 004106c8     libucrt:nlsdata.obj
 0002:000026d0       ??_C@_1BA@EFMEIEBA@?$AAJ?$AAa?$AAn?$AAu?$AAa?$AAr?$AAy?$AA?$AA@ 004106d0     libucrt:nlsdata.obj
 0002:000026e0       ??_C@_1BC@JGDDFFAM@?$AAF?$AAe?$AAb?$AAr?$AAu?$AAa?$AAr?$AAy?$AA?$AA@ 004106e0     libucrt:nlsdata.obj
 0002:000026f4       ??_C@_1M@IKEENEDF@?$AAM?$AAa?$AAr?$AAc?$AAh?$AA?$AA@ 004106f4     libucrt:nlsdata.obj
 0002:00002700       ??_C@_1M@GJNLMHFD@?$AAA?$AAp?$AAr?$AAi?$AAl?$AA?$AA@ 00410700     libucrt:nlsdata.obj
 0002:0000270c       ??_C@_19EPFLPGAP@?$AAJ?$AAu?$AAn?$AAe?$AA?$AA@ 0041070c     libucrt:nlsdata.obj
 0002:00002718       ??_C@_19BIFMLPCD@?$AAJ?$AAu?$AAl?$AAy?$AA?$AA@ 00410718     libucrt:nlsdata.obj
 0002:00002724       ??_C@_1O@PAHLKOAC@?$AAA?$AAu?$AAg?$AAu?$AAs?$AAt?$AA?$AA@ 00410724     libucrt:nlsdata.obj
 0002:00002734       ??_C@_1BE@DKAAMBJL@?$AAS?$AAe?$AAp?$AAt?$AAe?$AAm?$AAb?$AAe?$AAr?$AA?$AA@ 00410734     libucrt:nlsdata.obj
 0002:00002748       ??_C@_1BA@EPANDLNG@?$AAO?$AAc?$AAt?$AAo?$AAb?$AAe?$AAr?$AA?$AA@ 00410748     libucrt:nlsdata.obj
 0002:00002758       ??_C@_1BC@BGLIFPF@?$AAN?$AAo?$AAv?$AAe?$AAm?$AAb?$AAe?$AAr?$AA?$AA@ 00410758     libucrt:nlsdata.obj
 0002:0000276c       ??_C@_1BC@FEMKIFH@?$AAD?$AAe?$AAc?$AAe?$AAm?$AAb?$AAe?$AAr?$AA?$AA@ 0041076c     libucrt:nlsdata.obj
 0002:00002780       ??_C@_15ODEHAHHF@?$AAA?$AAM?$AA?$AA@ 00410780     libucrt:nlsdata.obj
 0002:00002788       ??_C@_15CLMNNGEL@?$AAP?$AAM?$AA?$AA@ 00410788     libucrt:nlsdata.obj
 0002:00002790       ??_C@_1BC@IEBCMHCM@?$AAM?$AAM?$AA?1?$AAd?$AAd?$AA?1?$AAy?$AAy?$AA?$AA@ 00410790     libucrt:nlsdata.obj
 0002:000027a4       ??_C@_1CI@KNAKOEBC@?$AAd?$AAd?$AAd?$AAd?$AA?0?$AA?5?$AAM?$AAM?$AAM?$AAM?$AA?5?$AAd?$AAd?$AA?0?$AA?5?$AAy?$AAy?$AAy?$AAy?$AA?$AA@ 004107a4     libucrt:nlsdata.obj
[...]
 0002:00000318       ?module_names@?A0x4d80baa5@@3QBQB_WB 0040e318     libvcruntime:winapi_downlevel.obj
 0002:000003c8       ?candidate_modules@?1??try_get_EventRegister@@YAP6GKPBU_GUID@@P6GX0KE_K1PAU_EVENT_FILTER_DESCRIPTOR@@PAX@Z3PA_K@ZXZ@4QBW4module_id@?A0x4d80baa5@@B 0040e3c8     libvcruntime:winapi_downlevel.obj
 0002:000003dc       ?candidate_modules@?1??try_get_EventSetInformation@@YAP6GK_KW4_EVENT_INFO_CLASS@@PAXK@ZXZ@4QBW4module_id@?A0x4d80baa5@@B 0040e3dc     libvcruntime:winapi_downlevel.obj
 0002:000003f4       ?candidate_modules@?1??try_get_EventUnregister@@YAP6GK_K@ZXZ@4QBW4module_id@?A0x4d80baa5@@B 0040e3f4     libvcruntime:winapi_downlevel.obj
 0002:00000408       ?candidate_modules@?1??try_get_EventWriteTransfer@@YAP6GK_KPBU_EVENT_DESCRIPTOR@@PBU_GUID@@2KPAU_EVENT_DATA_DESCRIPTOR@@@ZXZ@4QBW4module_id@?A0x4d80baa5@@B 0040e408     libvcruntime:winapi_downlevel.obj
 0002:00000420       ?candidate_modules@?1??try_get_FlsAlloc@@YAP6GKP6GXPAX@Z@ZXZ@4QBW4module_id@?A0x4d80baa5@@B 0040e420     libvcruntime:winapi_downlevel.obj
 0002:00000434       ?candidate_modules@?1??try_get_FlsFree@@YAP6GHK@ZXZ@4QBW4module_id@?A0x4d80baa5@@B 0040e434     libvcruntime:winapi_downlevel.obj
 0002:00000450       ?candidate_modules@?1??try_get_FlsSetValue@@YAP6GHKPAX@ZXZ@4QBW4module_id@?A0x4d80baa5@@B 0040e450     libvcruntime:winapi_downlevel.obj
 0002:00000464       ?candidate_modules@?1??try_get_InitializeCriticalSectionEx@@YAP6GHPAU_RTL_CRITICAL_SECTION@@KK@ZXZ@4QBW4module_id@?A0x4d80baa5@@B 0040e464     libvcruntime:winapi_downlevel.obj
 0002:00000488       ?tokenTable@@3QBQBDB       0040e488     libvcruntime:undname.obj
 0002:000004c0       ?nameTable@@3QBQBDB        0040e4c0     libvcruntime:undname.obj
 0002:00000604       ?rttiTable@@3QBQBDB        0040e604     libvcruntime:undname.obj
 0002:00000bf0       SC_1                       0040ebf0     libucrt:sin_sse2_precise.obj
 0002:00000c00       SC_2                       0040ec00     libucrt:sin_sse2_precise.obj
 0002:00000c10       SC_3                       0040ec10     libucrt:sin_sse2_precise.obj
 0002:00000c20       SC_4                       0040ec20     libucrt:sin_sse2_precise.obj
 0002:00000c30       PI32INV                    0040ec30     libucrt:sin_sse2_precise.obj
 0002:00000c38       SHIFTER                    0040ec38     libucrt:sin_sse2_precise.obj
 0002:00000c40       P_2                        0040ec40     libucrt:sin_sse2_precise.obj
 0002:00000c50       P_1                        0040ec50     libucrt:sin_sse2_precise.obj
 0002:00000c58       P_3                        0040ec58     libucrt:sin_sse2_precise.obj
 0002:00000c60       TWO_POW_55                 0040ec60     libucrt:sin_sse2_precise.obj
 0002:00000c68       TWO_POW_M55                0040ec68     libucrt:sin_sse2_precise.obj
 0002:00000c70       ALL_ONES                   0040ec70     libucrt:sin_sse2_precise.obj
 0002:00000c78       NEG_ZERO                   0040ec78     libucrt:sin_sse2_precise.obj
 0002:00000c80       ONE                        0040ec80     libucrt:sin_sse2_precise.obj
 0002:00000d38       ?_names@?1??_get_fname@@9@9 0040ed38     libucrt:fpexcept.obj
 0002:00000f10       ___acrt_initializers       0040ef10     libucrt:initialization.obj
 0002:00000f90       _NAME_                     0040ef90     libucrt:sin.obj
 0002:000017a0       _errtable                  0040f7a0     libucrt:errno.obj
 0002:00001920       _over                      0040f920     libucrt:fpctrl.obj
 0002:0000192c       _under                     0040f92c     libucrt:fpctrl.obj
 0002:00001938       __mb_locale_names          0040f938     libucrt:mbctype.obj
 0002:00001978       _module_names              0040f978     libucrt:winapi_thunks.obj
 0002:00001e18       ?candidate_modules@?1??try_get_FlsAlloc@@YAP6GKP6GXPAX@Z@ZXZ@4QBW4module_id@?A0x9b56aee1@@B 0040fe18     libucrt:winapi_thunks.obj
 0002:00001e20       ?candidate_modules@?1??try_get_FlsFree@@YAP6GHK@ZXZ@4QBW4module_id@?A0x9b56aee1@@B 0040fe20     libucrt:winapi_thunks.obj
 0002:00001e28       ?candidate_modules@?1??try_get_FlsGetValue@@YAP6GPAXK@ZXZ@4QBW4module_id@?A0x9b56aee1@@B 0040fe28     libucrt:winapi_thunks.obj
 0002:00001e30       ?candidate_modules@?1??try_get_FlsSetValue@@YAP6GHKPAX@ZXZ@4QBW4module_id@?A0x9b56aee1@@B 0040fe30     libucrt:winapi_thunks.obj
 0002:00001e38       ?candidate_modules@?1??try_get_GetCurrentPackageId@@YAP6GJPAIPAE@ZXZ@4QBW4module_id@?A0x9b56aee1@@B 0040fe38     libucrt:winapi_thunks.obj
 0002:00001e54       ?candidate_modules@?1??try_get_InitializeCriticalSectionEx@@YAP6GHPAU_RTL_CRITICAL_SECTION@@KK@ZXZ@4QBW4module_id@?A0x9b56aee1@@B 0040fe54     libucrt:winapi_thunks.obj
 0002:00001e5c       ?candidate_modules@?1??try_get_LCMapStringEx@@YAP6GHPB_WK0HPA_WHPAU_nlsversioninfo@@PAXJ@ZXZ@4QBW4module_id@?A0x9b56aee1@@B 0040fe5c     libucrt:winapi_thunks.obj
 0002:00001e74       ?candidate_modules@?1??try_get_LocaleNameToLCID@@YAP6GKPB_WK@ZXZ@4QBW4module_id@?A0x9b56aee1@@B 0040fe74     libucrt:winapi_thunks.obj
 0002:00002960       SC_1                       00410960     libucrt:sin_pentium4.obj
 0002:00002970       SC_2                       00410970     libucrt:sin_pentium4.obj
 0002:00002980       SC_3                       00410980     libucrt:sin_pentium4.obj
 0002:00002990       SC_4                       00410990     libucrt:sin_pentium4.obj
 0002:000029a0       PI32INV                    004109a0     libucrt:sin_pentium4.obj
 0002:000029a8       SHIFTER                    004109a8     libucrt:sin_pentium4.obj
 0002:000029b0       P_2                        004109b0     libucrt:sin_pentium4.obj
 0002:000029c0       P_1                        004109c0     libucrt:sin_pentium4.obj
 0002:000029c8       P_3                        004109c8     libucrt:sin_pentium4.obj
 0002:000029d0       TWO_POW_55                 004109d0     libucrt:sin_pentium4.obj
 0002:000029d8       TWO_POW_M55                004109d8     libucrt:sin_pentium4.obj
 0002:000029e0       ALL_ONES                   004109e0     libucrt:sin_pentium4.obj
 0002:000029e8       NEG_ZERO                   004109e8     libucrt:sin_pentium4.obj
 0002:000029f0       ONE                        004109f0     libucrt:sin_pentium4.obj
 0002:00002a1e       One                        00410a1e     libucrt:87disp.obj
 0002:00002a26       Three                      00410a26     libucrt:87disp.obj
 0002:00002a2e       XAMtoTagTab                00410a2e     libucrt:87disp.obj
 0002:00002a40       One                        00410a40     libucrt:common.obj
 0002:00002a54       DblMax                     00410a54     libucrt:common.obj
 0002:00002a5c       DblMin                     00410a5c     libucrt:common.obj
 0002:00002a64       IeeeAdjO                   00410a64     libucrt:common.obj
 0002:00002a6c       IeeeAdjU                   00410a6c     libucrt:common.obj
 0002:00002a74       _infinity                  00410a74     libucrt:common.obj
 0002:00002a7c       _zero                      00410a7c     libucrt:common.obj
 0002:00002a88       _LcidToLocaleNameTable     00410a88     libucrt:lcidtoname_downlevel.obj
 0002:00003ba8       _LocaleNameToIndexTable    00411ba8     libucrt:lcidtoname_downlevel.obj
 0002:00004b00       LOG_name                   00412b00     libucrt:log10.obj
 0002:00004b10       _One                       00412b10     libucrt:ceil_pentium4.obj
 0002:00004b20       _Bns                       00412b20     libucrt:ceil_pentium4.obj
 0002:00004b30       _Zero                      00412b30     libucrt:ceil_pentium4.obj
 0002:00004b40       _S                         00412b40     libucrt:ceil_pentium4.obj
 0002:00004b50       _NegZero                   00412b50     libucrt:ceil_pentium4.obj
 0002:00004b60       emask                      00412b60     libucrt:log10_pentium4.obj
 0002:00004b70       CC                         00412b70     libucrt:log10_pentium4.obj
 0002:00004b80       Magic                      00412b80     libucrt:log10_pentium4.obj
 0002:00004b90       hi_mask                    00412b90     libucrt:log10_pentium4.obj
 0002:00004ba0       LOG10_2                    00412ba0     libucrt:log10_pentium4.obj
 0002:00004bb0       place_L                    00412bb0     libucrt:log10_pentium4.obj
 0002:00004bd0       One                        00412bd0     libucrt:log10_pentium4.obj
 0002:00004be0       Zero                       00412be0     libucrt:log10_pentium4.obj
 0002:00004bf0       Two52                      00412bf0     libucrt:log10_pentium4.obj
 0002:00004c00       Infs                       00412c00     libucrt:log10_pentium4.obj
 0002:00004c10       NaN                        00412c10     libucrt:log10_pentium4.obj
 0002:00004c20       coeff                      00412c20     libucrt:log10_pentium4.obj
 0002:00004c7e       _log2max                   00412c7e     libucrt:87tran.obj
 0002:00004c88       _smallarg                  00412c88     libucrt:87tran.obj
 0002:00004c92       _half                      00412c92     libucrt:87tran.obj
 0002:000055f0       ?_TlgEvent@?3??__telemetry_main_invoke_trigger@@9@4U<unnamed-type-_TlgEvent>@?3??1@9@B 004135f0     libvcruntime:telemetry.obj
 0002:0000562c       ?_TlgEvent@?3??__telemetry_main_return_trigger@@9@4U<unnamed-type-_TlgEvent>@?3??1@9@B 0041362c     libvcruntime:telemetry.obj
 0002:00005667       ?_Tlg_Microsoft_CRTProviderProv_Meta@@3U<unnamed-type-_Tlg_Microsoft_CRTProviderProv_Meta>@@B 00413667     libvcruntime:telemetry.obj
 0002:000059c8       __sehtable$?__scrt_common_main_seh@@YAHXZ 004139c8     LIBCMT:exe_winmain.obj
 0002:000059e8       __sehtable$___scrt_is_nonwritable_in_current_image 004139e8     LIBCMT:utility.obj
 0002:00005a08       __sehtable$?common_exit@@YAXHW4_crt_exit_cleanup_mode@@W4_crt_exit_return_mode@@@Z 00413a08     libucrt:exit.obj
 0002:00005a30       __sehtable$___acrt_uninitialize_locale 00413a30     libucrt:wsetlocale.obj
 0002:00005a50       __sehtable$??$?RV<lambda_800076c951b434888f4765a74a194fcc>@@AAV<lambda_4e60a939b0d047cfe11ddc22648dfba9>@@V<lambda_6dbb1268764f43b569ce7b67e331d33a>@@@?$__crt_seh_guarded_call@H@@QAEH$$QAV<lambda_800076c951b434888f4765a74a194fcc>@@AAV<lambda_4e60a939b0d047cfe11ddc22648dfba9>@@$$QAV<lambda_6dbb1268764f43b569ce7b67e331d33a>@@@Z 00413a50     libucrt:onexit.obj
 0002:00005a70       __sehtable$??$?RV<lambda_995298e7d72eb4c2aab26c0585b3abe5>@@AAV<lambda_275893d493268fdec8709772e3fcec0e>@@V<lambda_293819299cbf9a7022e18b56a874bb5c>@@@?$__crt_seh_guarded_call@H@@QAEH$$QAV<lambda_995298e7d72eb4c2aab26c0585b3abe5>@@AAV<lambda_275893d493268fdec8709772e3fcec0e>@@$$QAV<lambda_293819299cbf9a7022e18b56a874bb5c>@@@Z 00413a70     libucrt:onexit.obj
 0002:00005a90       __sehtable$_terminate      00413a90     libucrt:terminate.obj
 0002:00005ab0       __sehtable$___set_fpsr_sse2 00413ab0     libucrt:fpctrl.obj
 0002:00005ad0       __sehtable$??$?RV<lambda_9df27f884b057bc3edfc946cb5b7cf47>@@AAV<lambda_e69574bed617af4e071282c136b37893>@@V<lambda_cc0d902bcbbeb830f749456577db4721>@@@?$__crt_seh_guarded_call@X@@QAEX$$QAV<lambda_9df27f884b057bc3edfc946cb5b7cf47>@@AAV<lambda_e69574bed617af4e071282c136b37893>@@$$QAV<lambda_cc0d902bcbbeb830f749456577db4721>@@@Z 00413ad0     libucrt:per_thread_data.obj
 0002:00005af0       __sehtable$??$?RV<lambda_3518db117f0e7cdb002338c5d3c47b6c>@@AAV<lambda_b2ea41f6bbb362cd97d94c6828d90b61>@@V<lambda_abdedf541bb04549bc734292b4a045d4>@@@?$__crt_seh_guarded_call@X@@QAEX$$QAV<lambda_3518db117f0e7cdb002338c5d3c47b6c>@@AAV<lambda_b2ea41f6bbb362cd97d94c6828d90b61>@@$$QAV<lambda_abdedf541bb04549bc734292b4a045d4>@@@Z 00413af0     libucrt:per_thread_data.obj
 0002:00005b10       __sehtable$??$?RV<lambda_51b6e8b1eb166f2a3faf91f424b38130>@@AAV<lambda_6250bd4b2a391816dd638c3bf72b0bcb>@@V<lambda_0b5a4a3e68152e1d9b943535f5f47bed>@@@?$__crt_seh_guarded_call@X@@QAEX$$QAV<lambda_51b6e8b1eb166f2a3faf91f424b38130>@@AAV<lambda_6250bd4b2a391816dd638c3bf72b0bcb>@@$$QAV<lambda_0b5a4a3e68152e1d9b943535f5f47bed>@@@Z 00413b10     libucrt:per_thread_data.obj
 0002:00005b30       __sehtable$??$?RV<lambda_5b71d36f03204c0beab531769a5b5694>@@AAV<lambda_be2b3da3f62db62e9dad5dc70221a656>@@V<lambda_8f9ce462984622f9bf76b59e2aaaf805>@@@?$__crt_seh_guarded_call@X@@QAEX$$QAV<lambda_5b71d36f03204c0beab531769a5b5694>@@AAV<lambda_be2b3da3f62db62e9dad5dc70221a656>@@$$QAV<lambda_8f9ce462984622f9bf76b59e2aaaf805>@@@Z 00413b30     libucrt:per_thread_data.obj
 0002:00005b50       __sehtable$___acrt_update_thread_multibyte_data 00413b50     libucrt:mbctype.obj
 0002:00005b70       __sehtable$??$?RV<lambda_978dc153c237d78434369da87b74ff60>@@AAV<lambda_ad1ced32f4ac17aa236e5ef05d6b3b7c>@@V<lambda_4a8533e2866a575feecb8298ce776b0d>@@@?$__crt_seh_guarded_call@X@@QAEX$$QAV<lambda_978dc153c237d78434369da87b74ff60>@@AAV<lambda_ad1ced32f4ac17aa236e5ef05d6b3b7c>@@$$QAV<lambda_4a8533e2866a575feecb8298ce776b0d>@@@Z 00413b70     libucrt:mbctype.obj
 0002:00005b90       __sehtable$___acrt_lowio_ensure_fh_exists 00413b90     libucrt:osfinfo.obj
 0002:00005bb0       __sehtable$___acrt_initialize_lowio 00413bb0     libucrt:ioinit.obj
 0002:00005bd0       __sehtable$___acrt_update_thread_locale_data 00413bd0     libucrt:locale_refcounting.obj
 0002:00005bf0       __sehtable$__query_new_handler 00413bf0     libucrt:new_handler.obj
 0002:00005c10       __sehtable$_raise          00413c10     libucrt:signal.obj
 0002:00005c30       __sehtable$??$?RV<lambda_a048d3beccc847880fc8490e18b82769>@@AAV<lambda_ec61778202f4f5fc7e7711acc23c3bca>@@V<lambda_f7496a158712204296dd6628a163878e>@@@?$__crt_seh_guarded_call@P6AXH@Z@@QAEP6AXH@Z$$QAV<lambda_a048d3beccc847880fc8490e18b82769>@@AAV<lambda_ec61778202f4f5fc7e7711acc23c3bca>@@$$QAV<lambda_f7496a158712204296dd6628a163878e>@@@Z 00413c30     libucrt:signal.obj
 0002:00005c50       __sehtable$_common_flush_all 00413c50     libucrt:fflush.obj
 0002:00005c78       __sehtable$__fcloseall     00413c78     libucrt:closeall.obj
 0002:00005c98       __sehtable$??$?RV<lambda_61cee617f5178ae960314fd4d05640a0>@@AAV<lambda_6978c1fb23f02e42e1d9e99668cc68aa>@@V<lambda_9cd88cf8ad10232537feb2133f08c833>@@@?$__crt_seh_guarded_call@H@@QAEH$$QAV<lambda_61cee617f5178ae960314fd4d05640a0>@@AAV<lambda_6978c1fb23f02e42e1d9e99668cc68aa>@@$$QAV<lambda_9cd88cf8ad10232537feb2133f08c833>@@@Z 00413c98     libucrt:commit.obj
 0002:00005cb8       __sehtable$__write         00413cb8     libucrt:write.obj
 0002:00005cd8       __sehtable$_fclose         00413cd8     libucrt:fclose.obj
 0002:00005cf8       __sehtable$??$?RV<lambda_123407a5e2ac06da108355a851863b7a>@@AAV<lambda_2fe9b910cf3cbf4a0ab98a02ba45b3ec>@@V<lambda_ae55bdf541ad94d75914d381c370e64d>@@@?$__crt_seh_guarded_call@H@@QAEH$$QAV<lambda_123407a5e2ac06da108355a851863b7a>@@AAV<lambda_2fe9b910cf3cbf4a0ab98a02ba45b3ec>@@$$QAV<lambda_ae55bdf541ad94d75914d381c370e64d>@@@Z 00413cf8     libucrt:close.obj
 0002:00005d18       __sehtable$__IsNonwritableInCurrentImage 00413d18     LIBCMT:pesect.obj
 0002:00005fa8       .idata$6                   00413fa8     user32:USER32.dll
 0002:00005fc4       .idata$6                   00413fc4     gdi32:GDI32.dll
 0002:00005fe0       .idata$6                   00413fe0     winmm:WINMM.dll
 0002:0000617c       .idata$6                   0041417c     kernel32:KERNEL32.dll
 0002:000064fc       .idata$6                   004144fc     advapi32:ADVAPI32.dll
 0003:00000000       ?XInputGetState_@@3P6GKKPAU_XINPUT_STATE@@@ZA 00415000     win32_handmade.obj
 0003:00000004       ?XInputSetState_@@3P6GKKPAU_XINPUT_VIBRATION@@@ZA 00415004     win32_handmade.obj
 0003:00000008       ?ToneVolume@?1??GameOutputSound@@YAXPAUgame_sound_output_buffer@@H@Z@4FA 00415008     win32_handmade.obj
 0003:00000040       ?_Tlg_Microsoft_CRTProviderProv@@3U_TlgProvider_t@__vcrt_trace_logging_provider@@A 00415040     libvcruntime:telemetry.obj
 0003:00000080       ?__vcrt_flsindex@@3KA      00415080     libvcruntime:per_thread_data.obj
 0003:000000b0       _errno_no_memory           004150b0     libucrt:errno.obj
 0003:000000b4       _doserrno_no_memory        004150b4     libucrt:errno.obj
 0003:000000b8       ?__DAZ_ENABLED@?1??__set_fpsr_sse2@@9@9 004150b8     libucrt:fpctrl.obj
 0003:000000bc       ___acrt_flsindex           004150bc     libucrt:per_thread_data.obj
 0003:000000c0       ___rgctypeflag             004150c0     libucrt:mbctype.obj
 0003:000000c8       ___rgcode_page_info        004150c8     libucrt:mbctype.obj
 0003:000007d0       ?tSine@?1??GameOutputSound@@YAXPAUgame_sound_output_buffer@@H@Z@4MA 004157d0     win32_handmade.obj
 0003:000007d8       ?GlobalRunning@@3_NA       004157d8     win32_handmade.obj
 0003:000007e0       ?GlobalBackBuffer@@3Uwin32_screen_buffer@@A 004157e0     win32_handmade.obj
 0003:00000820       ?GlobalSecondaryBuffer@@3PAUIDirectSoundBuffer@@A 00415820     win32_handmade.obj
 0003:00000828       ?GlobalPerfCountFrequency@@3_JA 00415828     win32_handmade.obj
 0003:00000830       _GS_ExceptionRecord        00415830     LIBCMT:gs_report.obj
 0003:00000880       _GS_ContextRecord          00415880     LIBCMT:gs_report.obj
 0003:00000b54       ?module_local_atexit_table@@3U_onexit_table_t@@A 00415b54     LIBCMT:utility.obj
 0003:00000b60       ?module_local_at_quick_exit_table@@3U_onexit_table_t@@A 00415b60     LIBCMT:utility.obj
 0003:00000b6c       ?is_initialized_as_dll@@3_NA 00415b6c     LIBCMT:utility.obj
 0003:00000b94       ?module_handles@@3PAPAUHINSTANCE__@@A 00415b94     libvcruntime:winapi_downlevel.obj
 0003:00000ba4       ?encoded_function_pointers@@3PAPAXA 00415ba4     libvcruntime:winapi_downlevel.obj
 0003:00000bc8       ?__vcrt_startup_thread_ptd@@3U__vcrt_ptd@@A 00415bc8     libvcruntime:per_thread_data.obj
 0003:00000bf0       ___vcrt_lock_table         00415bf0     libvcruntime:locks.obj
 0003:00000c08       ___vcrt_locks_initialized  00415c08     libvcruntime:locks.obj
 0003:00000c38       ?heap@@3V_HeapManager@@A   00415c38     libvcruntime:undname.obj
 0003:00000c4c       ___acrt_app_type           00415c4c     libucrt:report_runtime_error.obj
 0003:00000c50       _user_matherr              00415c50     libucrt:matherr.obj
 0003:00000c58       ?program_name@?5???$common_configure_argv@D@@YAHW4_crt_argv_mode@@@Z@4PADA 00415c58     libucrt:argv_parsing.obj
 0003:00000d70       ?empty_string@?1???$common_wincmdln@D@@YAPADXZ@4PADA 00415d70     libucrt:argv_winmain.obj
 0003:00000d74       _c_termination_complete    00415d74     libucrt:exit.obj
 0003:00000d78       _thread_local_exit_callback_func 00415d78     libucrt:exit.obj
 0003:00000d7c       ?c_exit_complete@?5??common_exit@@YAXHW4_crt_exit_cleanup_mode@@W4_crt_exit_return_mode@@@Z@4_NA 00415d7c     libucrt:exit.obj
 0003:00000d84       ___acrt_global_new_mode    00415d84     libucrt:new_mode.obj
 0003:00000da4       ___acrt_invalid_parameter_handler 00415da4     libucrt:invalid_parameter.obj
 0003:00000dc0       _fSystemSet                00415dc0     libucrt:mbctype.obj
 0003:00000dc4       ?initialized@?1??__acrt_initialize_multibyte@@9@4_NA 00415dc4     libucrt:mbctype.obj
 0003:00000de0       ___acrt_lock_table         00415de0     libucrt:locks.obj
 0003:00000f18       ___acrt_locks_initialized  00415f18     libucrt:locks.obj
 0003:00000f20       _module_handles            00415f20     libucrt:winapi_thunks.obj
 0003:00000f70       _encoded_function_pointers 00415f70     libucrt:winapi_thunks.obj
 0003:00000ff0       ?state_cache@?1??__acrt_is_packaged_app@@9@4JA 00415ff0     libucrt:winapi_thunks.obj
 0003:0000120c       ___acrt_new_handler        0041620c     libucrt:new_handler.obj
 0003:00001210       _ctrlc_action              00416210     libucrt:signal.obj
 0003:00001214       _ctrlbreak_action          00416214     libucrt:signal.obj
 0003:00001218       _abort_action              00416218     libucrt:signal.obj
 0003:0000121c       _term_action               0041621c     libucrt:signal.obj
 0003:00001234       __pmatherr_set             00416234     libucrt:libm_error.obj
