 win32_handmade

 Timestamp is 573217b7 (Tue May 10 13:17:43 2016)

 Preferred load address is 00400000

 Start         Length     Name                   Class
 0001:00000000 0000025fH .text                   CODE
 0001:00000260 0000c517H .text$mn                CODE
 0002:00000000 00000150H .idata$5                DATA
 0002:00000150 00000004H .00cfg                  DATA
 0002:00000154 00000004H .CRT$XCA                DATA
 0002:00000158 00000004H .CRT$XCAA               DATA
 0002:0000015c 00000004H .CRT$XCZ                DATA
 0002:00000160 00000004H .CRT$XIA                DATA
 0002:00000164 00000004H .CRT$XIAA               DATA
 0002:00000168 00000004H .CRT$XIAC               DATA
 0002:0000016c 0000000cH .CRT$XIC                DATA
 0002:00000178 00000004H .CRT$XIZ                DATA
 0002:0000017c 00000004H .CRT$XPA                DATA
 0002:00000180 00000008H .CRT$XPX                DATA
 0002:00000188 00000004H .CRT$XPXA               DATA
 0002:0000018c 00000004H .CRT$XPZ                DATA
 0002:00000190 00000004H .CRT$XTA                DATA
 0002:00000194 00000004H .CRT$XTZ                DATA
 0002:00000198 00000000H .gfids$x                DATA
 0002:000001a0 00005404H .rdata                  DATA
 0002:000055a4 00000000H .rdata$r                DATA
 0002:000055b0 0000000cH .rdata$sxdata           DATA
 0002:000055c0 00000010H .rdata$zETW0            DATA
 0002:000055d0 00000077H .rdata$zETW1            DATA
 0002:00005647 0000002cH .rdata$zETW2            DATA
 0002:00005673 00000001H .rdata$zETW9            DATA
 0002:00005674 0000032cH .rdata$zzzdbg           DATA
 0002:000059a0 00000004H .rtc$IAA                DATA
 0002:000059a4 00000004H .rtc$IZZ                DATA
 0002:000059a8 00000004H .rtc$TAA                DATA
 0002:000059ac 00000004H .rtc$TZZ                DATA
 0002:000059b0 0000036cH .xdata$x                DATA
 0002:00005d1c 00000000H .edata                  DATA
 0002:00005d1c 00000050H .idata$2                DATA
 0002:00005d6c 00000014H .idata$3                DATA
 0002:00005d80 00000150H .idata$4                DATA
 0002:00005ed0 000005deH .idata$6                DATA
 0003:00000000 000007d0H .data                   DATA
 0003:000007d0 00000000H .data$r                 DATA
 0003:000007d0 00000a68H .bss                    DATA

  Address         Publics by Value              Rva+Base       Lib:Object

 0000:00000000       ___guard_fids_count        00000000     <absolute>
 0000:00000000       __except_list              00000000     <absolute>
 0000:00000000       ___guard_fids_table        00000000     <absolute>
 0000:00000003       ___safe_se_handler_count   00000003     <absolute>
 0000:00000100       ___guard_flags             00000100     <absolute>
 0000:00000000       ___ImageBase               00400000     <linker-defined>
 0001:00000000       ?TraceLoggingRegister@__vcrt_trace_logging_provider@@YAJPBU_TlgProvider_t@1@PBU_GUID@@P6GX1KE_K2PAU_EVENT_FILTER_DESCRIPTOR@@PAX@Z4@Z 00401000 f i libvcruntime:telemetry.obj
 0001:0000005d       ?TraceLoggingSetInformation@__vcrt_trace_logging_provider@@YAJPBU_TlgProvider_t@1@W4_EVENT_INFO_CLASS@@PAXK@Z 0040105d f i libvcruntime:telemetry.obj
 0001:00000088       ?TraceLoggingUnregister@__vcrt_trace_logging_provider@@YAXPBU_TlgProvider_t@1@@Z 00401088 f i libvcruntime:telemetry.obj
 0001:000000a7       ?_TlgCreateSz@__vcrt_trace_logging_provider@@YAXPAU_EVENT_DATA_DESCRIPTOR@@PBD@Z 004010a7 f i libvcruntime:telemetry.obj
 0001:000000df       ?_TlgCreateWsz@__vcrt_trace_logging_provider@@YAXPAU_EVENT_DATA_DESCRIPTOR@@PB_W@Z 004010df f i libvcruntime:telemetry.obj
 0001:00000123       ?_TlgEnableCallback@__vcrt_trace_logging_provider@@YGXPBU_GUID@@KE_K1PAU_EVENT_FILTER_DESCRIPTOR@@PAX@Z 00401123 f i libvcruntime:telemetry.obj
 0001:0000019b       ?_TlgKeywordOn@__vcrt_trace_logging_provider@@YAEPBU_TlgProvider_t@1@_K@Z 0040119b f i libvcruntime:telemetry.obj
 0001:000001d7       ?_TlgWrite@__vcrt_trace_logging_provider@@YAJPBU_TlgProvider_t@1@PBXPBU_GUID@@2IPAU_EVENT_DATA_DESCRIPTOR@@@Z 004011d7 f i libvcruntime:telemetry.obj
 0001:00000260       _WinMain@16                00401260 f   win32_handmade.obj
 0001:00001000       ?XInputGetStateStub@@YGKKPAU_XINPUT_STATE@@@Z 00402000 f   win32_handmade.obj
 0001:00001010       ?XInputSetStateStub@@YGKKPAU_XINPUT_VIBRATION@@@Z 00402010 f   win32_handmade.obj
 0001:00001460       ?Win32FillSoundBuffer@@YAXPAUwin32_sound_output@@KKPAUgame_sound_output_buffer@@@Z 00402460 f   win32_handmade.obj
 0001:00001920       _sinf                      00402920 f i win32_handmade.obj
 0001:0000193e       @__security_check_cookie@4 0040293e f   LIBCMT:_secchk_.obj
 0001:00001950       __ftoui3                   00402950 f   LIBCMT:_ftol3_.obj
 0001:0000195f       __ftoul3                   0040295f f   LIBCMT:_ftol3_.obj
 0001:0000196e       __ftol3                    0040296e f   LIBCMT:_ftol3_.obj
 0001:0000197b       __ftol3_NaN                0040297b f   LIBCMT:_ftol3_.obj
 0001:00001993       __ftol3_work               00402993 f   LIBCMT:_ftol3_.obj
 0001:00001a19       __ftol3_common             00402a19 f   LIBCMT:_ftol3_.obj
 0001:00001adb       __ftol3_arg_error          00402adb f   LIBCMT:_ftol3_.obj
 0001:00001aed       __ftol3_except             00402aed f   LIBCMT:_ftol3_.obj
 0001:00001b31       __dtoui3                   00402b31 f   LIBCMT:_ftol3_.obj
 0001:00001b40       __dtoul3                   00402b40 f   LIBCMT:_ftol3_.obj
 0001:00001b4f       __dtol3                    00402b4f f   LIBCMT:_ftol3_.obj
 0001:00001b5c       __dtol3_NaN                00402b5c f   LIBCMT:_ftol3_.obj
 0001:00001b79       __dtol3_work               00402b79 f   LIBCMT:_ftol3_.obj
 0001:00001c60       __ultod3                   00402c60 f   LIBCMT:_ftol3_.obj
 0001:00001ca0       __ltod3                    00402ca0 f   LIBCMT:_ftol3_.obj
 0001:00001ef2       _WinMainCRTStartup         00402ef2 f   LIBCMT:exe_winmain.obj
 0001:00001efc       ___raise_securityfailure   00402efc f   LIBCMT:gs_report.obj
 0001:00001f24       ___report_gsfailure        00402f24 f   LIBCMT:gs_report.obj
 0001:0000201f       ??$__crt_fast_encode_pointer@PAP6AXXZ@@YAPAP6AXXZQAP6AXXZ@Z 0040301f f i LIBCMT:utility.obj
 0001:0000201f       ??$__crt_fast_encode_pointer@PAX@@YAPAXQAX@Z 0040301f f i libvcruntime:winapi_downlevel.obj
 0001:00002080       ___scrt_acquire_startup_lock 00403080 f   LIBCMT:utility.obj
 0001:000020b5       ___scrt_initialize_crt     004030b5 f   LIBCMT:utility.obj
 0001:000020ee       ___scrt_initialize_onexit_tables 004030ee f   LIBCMT:utility.obj
 0001:00002185       ___scrt_is_nonwritable_in_current_image 00403185 f   LIBCMT:utility.obj
 0001:00002212       ___scrt_release_startup_lock 00403212 f   LIBCMT:utility.obj
 0001:0000222f       ___scrt_uninitialize_crt   0040322f f   LIBCMT:utility.obj
 0001:00002257       __onexit                   00403257 f   LIBCMT:utility.obj
 0001:00002292       _atexit                    00403292 f   LIBCMT:utility.obj
 0001:000022a7       ___security_init_cookie    004032a7 f   LIBCMT:gs_support.obj
 0001:00002343       __matherr                  00403343 f   LIBCMT:matherr.obj
 0001:00002343       __get_startup_commit_mode  00403343 f   LIBCMT:commit_mode.obj
 0001:00002343       __get_startup_thread_locale_mode 00403343 f   LIBCMT:thread_locale.obj
 0001:00002343       __get_startup_new_mode     00403343 f   LIBCMT:new_mode.obj
 0001:00002343       ___scrt_initialize_winrt   00403343 f   LIBCMT:utility_desktop.obj
 0001:00002346       __get_startup_argv_mode    00403346 f   LIBCMT:argv_mode.obj
 0001:0000234a       __get_startup_file_mode    0040334a f   LIBCMT:file_mode.obj
 0001:00002350       ?__scrt_initialize_type_info@@YAXXZ 00403350 f   LIBCMT:tncleanup.obj
 0001:0000235c       __initialize_default_precision 0040335c f   LIBCMT:default_precision.obj
 0001:0000237d       ___local_stdio_printf_options 0040337d f i LIBCMT:default_local_stdio_options.obj
 0001:00002383       ___local_stdio_scanf_options 00403383 f i LIBCMT:default_local_stdio_options.obj
 0001:00002389       ___scrt_initialize_default_local_stdio_options 00403389 f   LIBCMT:default_local_stdio_options.obj
 0001:000023a6       ___scrt_is_user_matherr_present 004033a6 f   LIBCMT:matherr_detection.obj
 0001:000023b2       ___scrt_get_dyn_tls_init_callback 004033b2 f   LIBCMT:dyn_tls_init.obj
 0001:000023b8       ___scrt_get_dyn_tls_dtor_callback 004033b8 f   LIBCMT:dyn_tls_dtor.obj
 0001:000023be       ___scrt_fastfail           004033be f   LIBCMT:utility_desktop.obj
 0001:000024d9       ___scrt_get_show_window_mode 004034d9 f   LIBCMT:utility_desktop.obj
 0001:0000250c       ___scrt_set_unhandled_exception_filter 0040350c f   LIBCMT:utility_desktop.obj
 0001:00002518       ___scrt_unhandled_exception_filter@4 00403518 f   LIBCMT:utility_desktop.obj
 0001:00002559       __crt_debugger_hook        00403559 f   LIBCMT:utility_desktop.obj
 0001:00002561       __RTC_Initialize           00403561 f   LIBCMT:_initsect_.obj
 0001:0000258c       __RTC_Terminate            0040358c f   LIBCMT:_initsect_.obj
 0001:000025b7       @_guard_check_icall@4      004035b7 f i LIBCMT:checkcfg.obj
 0001:000025c0       __SEH_prolog4              004035c0 f   LIBCMT:_sehprolg4_.obj
 0001:00002606       __SEH_epilog4              00403606 f   LIBCMT:_sehprolg4_.obj
 0001:0000261b       ___isa_available_init      0040361b f   LIBCMT:_cpu_disp_.obj
 0001:000027bc       ___scrt_is_ucrt_dll_in_use 004037bc f   LIBCMT:ucrt_detection.obj
 0001:000027c8       _IsProcessorFeaturePresent@4 004037c8 f   kernel32:KERNEL32.dll
 0001:000027d0       _memset                    004037d0 f   libvcruntime:memset.obj
 0001:00002964       ___telemetry_main_invoke_trigger 00403964 f   libvcruntime:telemetry.obj
 0001:00002a00       ___telemetry_main_return_trigger 00403a00 f   libvcruntime:telemetry.obj
 0001:00002a9c       ___vcrt_initialize_telemetry_provider 00403a9c f   libvcruntime:telemetry.obj
 0001:00002aaf       ___vcrt_uninitialize_telemetry_provider 00403aaf f   libvcruntime:telemetry.obj
 0001:00002b00       __except_handler4          00403b00 f   libvcruntime:_chandler4_.obj
 0001:00002c5a       ___vcrt_initialize         00403c5a f   libvcruntime:initialization.obj
 0001:00002c88       ___vcrt_uninitialize       00403c88 f   libvcruntime:initialization.obj
 0001:00002dcd       ___vcrt_EventRegister      00403dcd f   libvcruntime:winapi_downlevel.obj
 0001:00002e0d       ___vcrt_EventSetInformation 00403e0d f   libvcruntime:winapi_downlevel.obj
 0001:00002e50       ___vcrt_EventUnregister    00403e50 f   libvcruntime:winapi_downlevel.obj
 0001:00002e8a       ___vcrt_EventWriteTransfer 00403e8a f   libvcruntime:winapi_downlevel.obj
 0001:00002ed3       ___vcrt_FlsAlloc           00403ed3 f   libvcruntime:winapi_downlevel.obj
 0001:00002f0d       ___vcrt_FlsFree            00403f0d f   libvcruntime:winapi_downlevel.obj
 0001:00002f47       ___vcrt_FlsSetValue        00403f47 f   libvcruntime:winapi_downlevel.obj
 0001:00002f84       ___vcrt_InitializeCriticalSectionEx 00403f84 f   libvcruntime:winapi_downlevel.obj
 0001:00002fca       ___vcrt_initialize_winapi_thunks 00403fca f   libvcruntime:winapi_downlevel.obj
 0001:00002fee       ___vcrt_uninitialize_winapi_thunks 00403fee f   libvcruntime:winapi_downlevel.obj
 0001:00003020       __local_unwind4            00404020 f   libvcruntime:_exsup4_.obj
 0001:000030f6       __seh_longjmp_unwind4@4    004040f6 f   libvcruntime:_exsup4_.obj
 0001:0000311e       @_EH4_CallFilterFunc@8     0040411e f   libvcruntime:_exsup4_.obj
 0001:00003135       @_EH4_TransferToHandler@8  00404135 f   libvcruntime:_exsup4_.obj
 0001:0000314e       @_EH4_GlobalUnwind2@8      0040414e f   libvcruntime:_exsup4_.obj
 0001:00003167       @_EH4_LocalUnwind@16       00404167 f   libvcruntime:_exsup4_.obj
 0001:0000317e       ___except_validate_jump_buffer 0040417e f   libvcruntime:jbcxrval.obj
 0001:0000317e       __initialize_denormal_control 0040417e f   LIBCMT:denormal_control.obj
 0001:0000317e       @_guard_check_icall_nop@4  0040417e f   LIBCMT:guard_support.obj
 0001:0000317e       ___except_validate_context_record 0040417e f   libvcruntime:jbcxrval.obj
 0001:0000317e       __initialize_invalid_parameter_handler 0040417e f   LIBCMT:invalid_parameter_handler.obj
 0001:0000317f       ___vcrt_freefls@4          0040417f f   libvcruntime:per_thread_data.obj
 0001:0000319b       ___vcrt_initialize_ptd     0040419b f   libvcruntime:per_thread_data.obj
 0001:000031ce       ___vcrt_uninitialize_ptd   004041ce f   libvcruntime:per_thread_data.obj
 0001:000031e9       ___vcrt_initialize_locks   004041e9 f   libvcruntime:locks.obj
 0001:00003225       ___vcrt_uninitialize_locks 00404225 f   libvcruntime:locks.obj
 0001:00003254       ___vcrt_initialize_pure_virtual_call_handler 00404254 f   libvcruntime:purevirt_data.obj
 0001:00003280       __global_unwind2           00404280 f   libvcruntime:_exsup_.obj
 0001:000032e5       __local_unwind2            004042e5 f   libvcruntime:_exsup_.obj
 0001:00003369       __abnormal_termination     00404369 f   libvcruntime:_exsup_.obj
 0001:0000338c       __NLG_Notify1              0040438c f   libvcruntime:_exsup_.obj
 0001:00003395       __NLG_Notify               00404395 f   libvcruntime:_exsup_.obj
 0001:000033ac       __NLG_Dispatch             004043ac     libvcruntime:_exsup_.obj
 0001:000033ac       __NLG_Dispatch2            004043ac     libvcruntime:_exsup_.obj
 0001:000033b4       __NLG_Call                 004043b4 f   libvcruntime:_exsup_.obj
 0001:000033b6       __NLG_Return2              004043b6     libvcruntime:_exsup_.obj
 0001:000033c0       __libm_sse2_sin_precise    004043c0 f   libucrt:sin_sse2_precise.obj
 0001:00003588       __errcode                  00404588 f   libucrt:fpexcept.obj
 0001:000035bc       __except1                  004045bc f   libucrt:fpexcept.obj
 0001:0000368a       __handle_exc               0040468a f   libucrt:fpexcept.obj
 0001:0000386a       __raise_exc                0040486a f   libucrt:fpexcept.obj
 0001:0000388d       __raise_exc_ex             0040488d f   libucrt:fpexcept.obj
 0001:00003b7e       __set_errno_from_matherr   00404b7e f   libucrt:fpexcept.obj
 0001:00003bad       __umatherr                 00404bad f   libucrt:fpexcept.obj
 0001:00003c4f       __seh_filter_exe           00404c4f f   libucrt:exception_filter.obj
 0001:00003dc2       __query_app_type           00404dc2 f   libucrt:report_runtime_error.obj
 0001:00003dc8       __set_app_type             00404dc8 f   libucrt:report_runtime_error.obj
 0001:00003dd7       ??$__crt_fast_encode_pointer@P6AHXZ@@YAP6AHXZQ6AHXZ@Z 00404dd7 f i libucrt:onexit.obj
 0001:00003dd7       ??$__crt_fast_encode_pointer@P6GXPAXK0@Z@@YAP6GXPAXK0@ZQ6GX0K0@Z@Z 00404dd7 f i libucrt:exit.obj
 0001:00003dd7       ??$__crt_fast_encode_pointer@P6AHPAU_exception@@@Z@@YAP6AHPAU_exception@@@ZQ6AH0@Z@Z 00404dd7 f i libucrt:matherr.obj
 0001:00003df6       ___acrt_has_user_matherr   00404df6 f   libucrt:matherr.obj
 0001:00003e0f       ___acrt_initialize_user_matherr 00404e0f f   libucrt:matherr.obj
 0001:00003e23       ___acrt_invoke_user_matherr 00404e23 f   libucrt:matherr.obj
 0001:00003e6c       ___setusermatherr          00404e6c f   libucrt:matherr.obj
 0001:0000411a       ___acrt_allocate_buffer_for_argv 0040511a f   libucrt:argv_parsing.obj
 0001:0000416f       __configure_narrow_argv    0040516f f   libucrt:argv_parsing.obj
 0001:000042d3       ??$uninitialize@A6AXAAPAPAD@Z@?$dual_state_global@PAPAD@__crt_state_management@@QAEXA6AXAAPAPAD@Z@Z 004052d3 f i libucrt:environment_initialization.obj
 0001:000042d3       ??$uninitialize@A6AXAAPAPA_W@Z@?$dual_state_global@PAPA_W@__crt_state_management@@QAEXA6AXAAPAPA_W@Z@Z 004052d3 f i libucrt:environment_initialization.obj
 0001:00004349       ___dcrt_uninitialize_environments_nolock 00405349 f   libucrt:environment_initialization.obj
 0001:00004380       __initialize_narrow_environment 00405380 f   libucrt:environment_initialization.obj
 0001:00004385       __get_narrow_winmain_command_line 00405385 f   libucrt:argv_winmain.obj
 0001:000043d8       __initterm                 004053d8 f   libucrt:initterm.obj
 0001:00004434       __initterm_e               00405434 f   libucrt:initterm.obj
 0001:000045e6       ___scrt_is_managed_app     004055e6 f   LIBCMT:utility_desktop.obj
 0001:00004694       ___acrt_initialize_thread_local_exit_callback 00405694 f   libucrt:exit.obj
 0001:000046a3       __c_exit                   004056a3 f   libucrt:exit.obj
 0001:000046b2       __cexit                    004056b2 f   libucrt:exit.obj
 0001:000046c1       __exit                     004056c1 f   libucrt:exit.obj
 0001:000046d7       __register_thread_local_exe_atexit_callback 004056d7 f   libucrt:exit.obj
 0001:0000470f       _exit                      0040570f f   libucrt:exit.obj
 0001:00004725       __set_fmode                00405725 f   libucrt:setmode.obj
 0001:00004762       ___acrt_set_locale_changed 00405762 f   libucrt:wsetlocale.obj
 0001:0000476d       ___acrt_uninitialize_locale 0040576d f   libucrt:wsetlocale.obj
 0001:000047bf       __configthreadlocale       004057bf f   libucrt:wsetlocale.obj
 0001:00004821       __query_new_mode           00405821 f   libucrt:new_mode.obj
 0001:00004827       __set_new_mode             00405827 f   libucrt:new_mode.obj
 0001:00004856       ___p__commode              00405856 f   libucrt:ncommode.obj
 0001:0000485c       ??$?RV<lambda_800076c951b434888f4765a74a194fcc>@@AAV<lambda_4e60a939b0d047cfe11ddc22648dfba9>@@V<lambda_6dbb1268764f43b569ce7b67e331d33a>@@@?$__crt_seh_guarded_call@H@@QAEH$$QAV<lambda_800076c951b434888f4765a74a194fcc>@@AAV<lambda_4e60a939b0d047cfe11ddc22648dfba9>@@$$QAV<lambda_6dbb1268764f43b569ce7b67e331d33a>@@@Z 0040585c f i libucrt:onexit.obj
 0001:000048ad       ??$?RV<lambda_995298e7d72eb4c2aab26c0585b3abe5>@@AAV<lambda_275893d493268fdec8709772e3fcec0e>@@V<lambda_293819299cbf9a7022e18b56a874bb5c>@@@?$__crt_seh_guarded_call@H@@QAEH$$QAV<lambda_995298e7d72eb4c2aab26c0585b3abe5>@@AAV<lambda_275893d493268fdec8709772e3fcec0e>@@$$QAV<lambda_293819299cbf9a7022e18b56a874bb5c>@@@Z 004058ad f i libucrt:onexit.obj
 0001:000048fe       ??$__acrt_lock_and_call@V<lambda_275893d493268fdec8709772e3fcec0e>@@@@YAHW4__acrt_lock_id@@$$QAV<lambda_275893d493268fdec8709772e3fcec0e>@@@Z 004058fe f i libucrt:onexit.obj
 0001:00004926       ??$__acrt_lock_and_call@V<lambda_4e60a939b0d047cfe11ddc22648dfba9>@@@@YAHW4__acrt_lock_id@@$$QAV<lambda_4e60a939b0d047cfe11ddc22648dfba9>@@@Z 00405926 f i libucrt:onexit.obj
 0001:00004baf       __crt_atexit               00405baf f   libucrt:onexit.obj
 0001:00004bc5       __execute_onexit_table     00405bc5 f   libucrt:onexit.obj
 0001:00004be2       __initialize_onexit_table  00405be2 f   libucrt:onexit.obj
 0001:00004c1f       __register_onexit_function 00405c1f f   libucrt:onexit.obj
 0001:00004c6f       ___acrt_uninitialize_command_line 00405c6f f   libucrt:argv_data.obj
 0001:00004d37       ___acrt_initialize         00405d37 f   libucrt:initialization.obj
 0001:00004d49       ___acrt_uninitialize       00405d49 f   libucrt:initialization.obj
 0001:00004d5b       __controlfp_s              00405d5b f   libucrt:contrlfp.obj
 0001:00004dba       _terminate                 00405dba f   libucrt:terminate.obj
 0001:00004df6       __free_base                00405df6 f   libucrt:free_base.obj
 0001:00004e30       __malloc_base              00405e30 f   libucrt:malloc_base.obj
 0001:00004e7e       _strcpy_s                  00405e7e f   libucrt:strcpy_s.obj
 0001:00004ed8       _abort                     00405ed8 f   libucrt:abort.obj
 0001:00004f1b       __calloc_base              00405f1b f   libucrt:calloc_base.obj
 0001:00004f78       ??0_LocaleUpdate@@QAE@QAU__crt_locale_pointers@@@Z 00405f78 f i libucrt:output.obj
 0001:00005000       _sin                       00406000 f   libucrt:sin.obj
 0001:00005040       __CIsin                    00406040 f   libucrt:sin.obj
 0001:0000507b       __CIsin_default            0040607b f   libucrt:sin.obj
 0001:0000508f       __sin_default              0040608f     libucrt:sin.obj
 0001:00005122       ___acrt_errno_from_os_error 00406122 f   libucrt:errno.obj
 0001:00005165       ___acrt_errno_map_os_error 00406165 f   libucrt:errno.obj
 0001:00005188       ___doserrno                00406188 f   libucrt:errno.obj
 0001:0000519b       __errno                    0040619b f   libucrt:errno.obj
 0001:000051ae       __decomp                   004061ae f   libucrt:util.obj
 0001:00005282       __set_exp                  00406282 f   libucrt:util.obj
 0001:000052b1       __sptype                   004062b1 f   libucrt:util.obj
 0001:0000530f       ___set_fpsr_sse2           0040630f f   libucrt:fpctrl.obj
 0001:00005385       __clrfp                    00406385 f   libucrt:fpctrl.obj
 0001:00005398       __ctrlfp                   00406398 f   libucrt:fpctrl.obj
 0001:000053c4       __set_statfp               004063c4 f   libucrt:fpctrl.obj
 0001:0000541f       __statfp                   0040641f f   libucrt:fpctrl.obj
 0001:00005431       ??$?RV<lambda_3518db117f0e7cdb002338c5d3c47b6c>@@AAV<lambda_b2ea41f6bbb362cd97d94c6828d90b61>@@V<lambda_abdedf541bb04549bc734292b4a045d4>@@@?$__crt_seh_guarded_call@X@@QAEX$$QAV<lambda_3518db117f0e7cdb002338c5d3c47b6c>@@AAV<lambda_b2ea41f6bbb362cd97d94c6828d90b61>@@$$QAV<lambda_abdedf541bb04549bc734292b4a045d4>@@@Z 00406431 f i libucrt:per_thread_data.obj
 0001:00005481       ??$?RV<lambda_51b6e8b1eb166f2a3faf91f424b38130>@@AAV<lambda_6250bd4b2a391816dd638c3bf72b0bcb>@@V<lambda_0b5a4a3e68152e1d9b943535f5f47bed>@@@?$__crt_seh_guarded_call@X@@QAEX$$QAV<lambda_51b6e8b1eb166f2a3faf91f424b38130>@@AAV<lambda_6250bd4b2a391816dd638c3bf72b0bcb>@@$$QAV<lambda_0b5a4a3e68152e1d9b943535f5f47bed>@@@Z 00406481 f i libucrt:per_thread_data.obj
 0001:000054e2       ??$?RV<lambda_5b71d36f03204c0beab531769a5b5694>@@AAV<lambda_be2b3da3f62db62e9dad5dc70221a656>@@V<lambda_8f9ce462984622f9bf76b59e2aaaf805>@@@?$__crt_seh_guarded_call@X@@QAEX$$QAV<lambda_5b71d36f03204c0beab531769a5b5694>@@AAV<lambda_be2b3da3f62db62e9dad5dc70221a656>@@$$QAV<lambda_8f9ce462984622f9bf76b59e2aaaf805>@@@Z 004064e2 f i libucrt:per_thread_data.obj
 0001:0000552d       ??$?RV<lambda_9df27f884b057bc3edfc946cb5b7cf47>@@AAV<lambda_e69574bed617af4e071282c136b37893>@@V<lambda_cc0d902bcbbeb830f749456577db4721>@@@?$__crt_seh_guarded_call@X@@QAEX$$QAV<lambda_9df27f884b057bc3edfc946cb5b7cf47>@@AAV<lambda_e69574bed617af4e071282c136b37893>@@$$QAV<lambda_cc0d902bcbbeb830f749456577db4721>@@@Z 0040652d f i libucrt:per_thread_data.obj
 0001:00005575       ??$__acrt_lock_and_call@V<lambda_6250bd4b2a391816dd638c3bf72b0bcb>@@@@YAXW4__acrt_lock_id@@$$QAV<lambda_6250bd4b2a391816dd638c3bf72b0bcb>@@@Z 00406575 f i libucrt:per_thread_data.obj
 0001:0000559d       ??$__acrt_lock_and_call@V<lambda_b2ea41f6bbb362cd97d94c6828d90b61>@@@@YAXW4__acrt_lock_id@@$$QAV<lambda_b2ea41f6bbb362cd97d94c6828d90b61>@@@Z 0040659d f i libucrt:per_thread_data.obj
 0001:000055c5       ??$__acrt_lock_and_call@V<lambda_be2b3da3f62db62e9dad5dc70221a656>@@@@YAXW4__acrt_lock_id@@$$QAV<lambda_be2b3da3f62db62e9dad5dc70221a656>@@@Z 004065c5 f i libucrt:per_thread_data.obj
 0001:000055ed       ??$__acrt_lock_and_call@V<lambda_e69574bed617af4e071282c136b37893>@@@@YAXW4__acrt_lock_id@@$$QAV<lambda_e69574bed617af4e071282c136b37893>@@@Z 004065ed f i libucrt:per_thread_data.obj
 0001:000057a3       ___acrt_getptd             004067a3 f   libucrt:per_thread_data.obj
 0001:00005827       ___acrt_getptd_noexit      00406827 f   libucrt:per_thread_data.obj
 0001:000058ac       ___acrt_initialize_ptd     004068ac f   libucrt:per_thread_data.obj
 0001:000058d8       ___acrt_uninitialize_ptd   004068d8 f   libucrt:per_thread_data.obj
 0001:000058f2       ?initialize@?$dual_state_global@P6AXPB_W00II@Z@__crt_state_management@@QAEXQ6AXPB_W00II@Z@Z 004068f2 f i libucrt:invalid_parameter.obj
 0001:000058f2       ?initialize@?$dual_state_global@P6AXH@Z@__crt_state_management@@QAEXQ6AXH@Z@Z 004068f2 f i libucrt:signal.obj
 0001:000058f2       ?initialize@?$dual_state_global@PAU__crt_locale_data@@@__crt_state_management@@QAEXQAU__crt_locale_data@@@Z 004068f2 f i libucrt:initialization.obj
 0001:000058f2       ?initialize@?$dual_state_global@P6AHPAU_exception@@@Z@__crt_state_management@@QAEXQ6AHPAU_exception@@@Z@Z 004068f2 f i libucrt:matherr.obj
 0001:000058f2       ?initialize@?$dual_state_global@PAPAD@__crt_state_management@@QAEXQAPAD@Z 004068f2 f i libucrt:environment_initialization.obj
 0001:000058f2       ?initialize@?$dual_state_global@P6AHI@Z@__crt_state_management@@QAEXQ6AHI@Z@Z 004068f2 f i libucrt:new_handler.obj
 0001:00005923       ___acrt_call_reportfault   00406923 f   libucrt:invalid_parameter.obj
 0001:00005a5e       ___acrt_initialize_invalid_parameter_handler 00406a5e f   libucrt:invalid_parameter.obj
 0001:00005a72       __invalid_parameter        00406a72 f   libucrt:invalid_parameter.obj
 0001:00005aed       __invalid_parameter_noinfo 00406aed f   libucrt:invalid_parameter.obj
 0001:00005afd       __invoke_watson            00406afd f   libucrt:invalid_parameter.obj
 0001:00005ef2       ??1?$argument_list@D@?A0xfd16de3c@@QAE@XZ 00406ef2 f i libucrt:argv_wildcards.obj
 0001:00005f17       ?append@?$argument_list@D@?A0xfd16de3c@@QAEHQAD@Z 00406f17 f i libucrt:argv_wildcards.obj
 0001:00005f4c       ?expand_if_necessary@?$argument_list@D@?A0xfd16de3c@@AAEHXZ 00406f4c f i libucrt:argv_wildcards.obj
 0001:00005fd3       ___acrt_expand_narrow_argv_wildcards 00406fd3 f   libucrt:argv_wildcards.obj
 0001:00005fde       ??$?RV<lambda_978dc153c237d78434369da87b74ff60>@@AAV<lambda_ad1ced32f4ac17aa236e5ef05d6b3b7c>@@V<lambda_4a8533e2866a575feecb8298ce776b0d>@@@?$__crt_seh_guarded_call@X@@QAEX$$QAV<lambda_978dc153c237d78434369da87b74ff60>@@AAV<lambda_ad1ced32f4ac17aa236e5ef05d6b3b7c>@@$$QAV<lambda_4a8533e2866a575feecb8298ce776b0d>@@@Z 00406fde f i libucrt:mbctype.obj
 0001:00006021       ??$__acrt_lock_and_call@V<lambda_ad1ced32f4ac17aa236e5ef05d6b3b7c>@@@@YAXW4__acrt_lock_id@@$$QAV<lambda_ad1ced32f4ac17aa236e5ef05d6b3b7c>@@@Z 00407021 f i libucrt:mbctype.obj
 0001:000064b8       ___acrt_initialize_multibyte 004074b8 f   libucrt:mbctype.obj
 0001:000064d6       ___acrt_update_thread_multibyte_data 004074d6 f   libucrt:mbctype.obj
 0001:00006578       __setmbcp_nolock           00407578 f   libucrt:mbctype.obj
 0001:00006843       __ismbblead                00407843 f   libucrt:ismbbyte.obj
 0001:0000685b       ___acrt_initialize_command_line 0040785b f   libucrt:argv_data.obj
 0001:000068ab       ___dcrt_get_narrow_environment_from_os 004078ab f   libucrt:get_environment_from_os.obj
 0001:0000692e       ___acrt_initialize_locks   0040792e f   libucrt:locks.obj
 0001:0000696f       ___acrt_lock               0040796f f   libucrt:locks.obj
 0001:00006986       ___acrt_uninitialize_locks 00407986 f   libucrt:locks.obj
 0001:000069b7       ___acrt_unlock             004079b7 f   libucrt:locks.obj
 0001:00006ae5       ___acrt_FlsAlloc@4         00407ae5 f   libucrt:winapi_thunks.obj
 0001:00006b3b       ___acrt_FlsFree@4          00407b3b f   libucrt:winapi_thunks.obj
 0001:00006b91       ___acrt_FlsGetValue@4      00407b91 f   libucrt:winapi_thunks.obj
 0001:00006be7       ___acrt_FlsSetValue@8      00407be7 f   libucrt:winapi_thunks.obj
 0001:00006c40       ___acrt_InitializeCriticalSectionEx@12 00407c40 f   libucrt:winapi_thunks.obj
 0001:00006ca2       ___acrt_LCMapStringEx@36   00407ca2 f   libucrt:winapi_thunks.obj
 0001:00006d2a       ___acrt_LocaleNameToLCID@8 00407d2a f   libucrt:winapi_thunks.obj
 0001:00006d86       ___acrt_initialize_winapi_thunks 00407d86 f   libucrt:winapi_thunks.obj
 0001:00006dac       ___acrt_is_packaged_app    00407dac f   libucrt:winapi_thunks.obj
 0001:00006e33       ___acrt_uninitialize_winapi_thunks 00407e33 f   libucrt:winapi_thunks.obj
 0001:00006e69       ___acrt_lowio_create_handle_array 00407e69 f   libucrt:osfinfo.obj
 0001:00006ee3       ___acrt_lowio_destroy_handle_array 00407ee3 f   libucrt:osfinfo.obj
 0001:00006f18       ___acrt_lowio_ensure_fh_exists 00407f18 f   libucrt:osfinfo.obj
 0001:00006fb0       ___acrt_lowio_lock_fh      00407fb0 f   libucrt:osfinfo.obj
 0001:00006fd3       ___acrt_lowio_unlock_fh    00407fd3 f   libucrt:osfinfo.obj
 0001:00006ff6       __free_osfhnd              00407ff6 f   libucrt:osfinfo.obj
 0001:00007087       __get_osfhandle            00408087 f   libucrt:osfinfo.obj
 0001:0000725d       ___acrt_initialize_lowio   0040825d f   libucrt:ioinit.obj
 0001:000072b3       ___acrt_uninitialize_lowio 004082b3 f   libucrt:ioinit.obj
 0001:000072df       ___pctype_func             004082df f   libucrt:ctype.obj
 0001:00007305       ___acrt_locale_free_monetary 00408305 f   libucrt:initmon.obj
 0001:00007403       ___acrt_locale_free_numeric 00408403 f   libucrt:initnum.obj
 0001:000074a8       ___acrt_locale_free_time   004084a8 f   libucrt:inittime.obj
 0001:0000758c       ___acrt_GetStringTypeA     0040858c f   libucrt:getstringtypea.obj
 0001:000076a9       __freea_crt                004086a9 f i libucrt:getstringtypea.obj
 0001:000076c9       ___acrt_add_locale_ref     004086c9 f   libucrt:locale_refcounting.obj
 0001:00007746       ___acrt_free_locale        00408746 f   libucrt:locale_refcounting.obj
 0001:00007890       ___acrt_locale_add_lc_time_reference 00408890 f   libucrt:locale_refcounting.obj
 0001:000078b9       ___acrt_locale_free_lc_time_if_unreferenced 004088b9 f   libucrt:locale_refcounting.obj
 0001:000078e9       ___acrt_locale_release_lc_time_reference 004088e9 f   libucrt:locale_refcounting.obj
 0001:00007912       ___acrt_release_locale_ref 00408912 f   libucrt:locale_refcounting.obj
 0001:00007993       ___acrt_update_thread_locale_data 00408993 f   libucrt:locale_refcounting.obj
 0001:00007a0a       __updatetlocinfoEx_nolock  00408a0a f   libucrt:locale_refcounting.obj
 0001:00007a5a       __recalloc                 00408a5a f   libucrt:recalloc.obj
 0001:00007a65       __recalloc_base            00408a65 f   libucrt:recalloc.obj
 0001:00007ad2       ___acrt_initialize_heap    00408ad2 f   libucrt:heap_handle.obj
 0001:00007ae3       ___acrt_uninitialize_heap  00408ae3 f   libucrt:heap_handle.obj
 0001:00007aed       ___acrt_execute_initializers 00408aed f   libucrt:shared_initialization.obj
 0001:00007b70       ___acrt_execute_uninitializers 00408b70 f   libucrt:shared_initialization.obj
 0001:00007bbd       ___acrt_initialize_new_handler 00408bbd f   libucrt:new_handler.obj
 0001:00007bd1       __callnewh                 00408bd1 f   libucrt:new_handler.obj
 0001:00007c15       __query_new_handler        00408c15 f   libucrt:new_handler.obj
 0001:00007c67       ??$?RV<lambda_a048d3beccc847880fc8490e18b82769>@@AAV<lambda_ec61778202f4f5fc7e7711acc23c3bca>@@V<lambda_f7496a158712204296dd6628a163878e>@@@?$__crt_seh_guarded_call@P6AXH@Z@@QAEP6AXH@Z$$QAV<lambda_a048d3beccc847880fc8490e18b82769>@@AAV<lambda_ec61778202f4f5fc7e7711acc23c3bca>@@$$QAV<lambda_f7496a158712204296dd6628a163878e>@@@Z 00408c67 f i libucrt:signal.obj
 0001:00007cc1       ??$__acrt_lock_and_call@V<lambda_ec61778202f4f5fc7e7711acc23c3bca>@@@@YAP6AXH@ZW4__acrt_lock_id@@$$QAV<lambda_ec61778202f4f5fc7e7711acc23c3bca>@@@Z 00408cc1 f i libucrt:signal.obj
 0001:00007d53       ___acrt_get_sigabrt_handler 00408d53 f   libucrt:signal.obj
 0001:00007d6a       ___acrt_initialize_signal_handlers 00408d6a f   libucrt:signal.obj
 0001:00007da5       ___fpecode                 00408da5 f   libucrt:signal.obj
 0001:00007dae       _raise                     00408dae f   libucrt:signal.obj
 0001:00008061       __control87                00409061 f   libucrt:ieee87.obj
 0001:000083fc       __mbtowc_l                 004093fc f   libucrt:mbtowc.obj
 0001:000084f6       _mbtowc                    004094f6 f   libucrt:mbtowc.obj
 0001:00008510       ___acrt_update_locale_info 00409510 f   libucrt:locale_update.obj
 0001:0000853d       ___acrt_update_multibyte_info 0040953d f   libucrt:locale_update.obj
 0001:0000856a       __fileno                   0040956a f   libucrt:fileno.obj
 0001:00008590       ___acrt_initialize_stdio   00409590 f   libucrt:_file.obj
 0001:00008658       ___acrt_uninitialize_stdio 00409658 f   libucrt:_file.obj
 0001:000086a4       __lock_file                004096a4 f   libucrt:_file.obj
 0001:000086b8       __unlock_file              004096b8 f   libucrt:_file.obj
 0001:000086cc       ___acrt_initialize_sse2    004096cc f   libucrt:mathfcns.obj
 0001:000086e0       __CIsin_pentium4           004096e0 f   libucrt:sin_pentium4.obj
 0001:000086f8       __sin_pentium4             004096f8     libucrt:sin_pentium4.obj
 0001:000088b0       __trandisp1                004098b0 f   libucrt:87disp.obj
 0001:00008917       __trandisp2                00409917 f   libucrt:87disp.obj
 0001:000089a3       __rttospopde               004099a3     libucrt:87disp.obj
 0001:000089a8       __rttospop                 004099a8     libucrt:87disp.obj
 0001:000089aa       __rtnospop                 004099aa     libucrt:87disp.obj
 0001:000089ac       __rttosnpop                004099ac     libucrt:87disp.obj
 0001:000089ad       __rtnospopde               004099ad     libucrt:87disp.obj
 0001:000089b4       __rtzeropop                004099b4     libucrt:87disp.obj
 0001:000089b6       __rtzeronpop               004099b6     libucrt:87disp.obj
 0001:000089bb       __rtzerospop               004099bb     libucrt:87disp.obj
 0001:000089c8       __rtonepop                 004099c8     libucrt:87disp.obj
 0001:000089ca       __rtonenpop                004099ca     libucrt:87disp.obj
 0001:000089cf       __tosnan1                  004099cf     libucrt:87disp.obj
 0001:000089fa       __nosnan2                  004099fa     libucrt:87disp.obj
 0001:000089fc       __tosnan2                  004099fc     libucrt:87disp.obj
 0001:00008a24       __nan2                     00409a24     libucrt:87disp.obj
 0001:00008a63       __rtindfpop                00409a63     libucrt:87disp.obj
 0001:00008a65       __rtindfnpop               00409a65     libucrt:87disp.obj
 0001:00008a76       __rttosnpopde              00409a76     libucrt:87disp.obj
 0001:00008a80       __rtatan2inf               00409a80     libucrt:87disp.obj
 0001:00008a9d       __rtchsifneg               00409a9d     libucrt:87disp.obj
 0001:00008ab0       __twoToTOS                 00409ab0 f   libucrt:common.obj
 0001:00008ac5       __load_CW                  00409ac5 f   libucrt:common.obj
 0001:00008adc       __convertTOStoQNaN         00409adc f   libucrt:common.obj
 0001:00008af5       __fload_withFB             00409af5 f   libucrt:common.obj
 0001:00008b38       __checkTOS_withFB          00409b38 f   libucrt:common.obj
 0001:00008b4e       __fast_exit                00409b4e f   libucrt:common.obj
 0001:00008b5b       __math_exit                00409b5b f   libucrt:common.obj
 0001:00008b85       __check_overflow_exit      00409b85 f   libucrt:common.obj
 0001:00008b99       __check_range_exit         00409b99 f   libucrt:common.obj
 0001:00008c40       __startTwoArgErrorHandling 00409c40 f   libucrt:genexcep.obj
 0001:00008c57       __startOneArgErrorHandling 00409c57 f   libucrt:genexcep.obj
 0001:00008d80       _qsort                     00409d80 f   libucrt:qsort.obj
 0001:000091cb       _strncpy_s                 0040a1cb f   libucrt:strncpy_s.obj
 0001:000091e0       _strpbrk                   0040a1e0 f   libucrt:strpbrk.obj
 0001:00009220       __mbsdec                   0040a220 f   libucrt:mbsdec.obj
 0001:00009237       __mbsdec_l                 0040a237 f   libucrt:mbsdec.obj
 0001:000094f0       ___acrt_LCMapStringA       0040a4f0 f   libucrt:lcmapstringa.obj
 0001:000095f7       ___acrt_DownlevelLocaleNameToLCID 0040a5f7 f   libucrt:lcidtoname_downlevel.obj
 0001:00009623       __msize                    0040a623 f   libucrt:msize.obj
 0001:00009656       __realloc_base             0040a656 f   libucrt:realloc_base.obj
 0001:000096bf       __isatty                   0040a6bf f   libucrt:isatty.obj
 0001:00009715       ___acrt_stdio_flush_nolock 0040a715 f   libucrt:fflush.obj
 0001:0000977b       __fflush_nolock            0040a77b f   libucrt:fflush.obj
 0001:000097c2       __flushall                 0040a7c2 f   libucrt:fflush.obj
 0001:000098a3       __isleadbyte_l             0040a8a3 f i libucrt:_wctype.obj
 0001:000098dc       __fcloseall                0040a8dc f   libucrt:closeall.obj
 0001:0000997c       ___acrt_stdio_free_buffer_nolock 0040a97c f   libucrt:_freebuf.obj
 0001:000099ba       __87except                 0040a9ba f   libucrt:87except.obj
 0001:00009ac5       ___strncnt                 0040aac5 f   libucrt:strncnt.obj
 0001:00009ae1       ??$?RV<lambda_61cee617f5178ae960314fd4d05640a0>@@AAV<lambda_6978c1fb23f02e42e1d9e99668cc68aa>@@V<lambda_9cd88cf8ad10232537feb2133f08c833>@@@?$__crt_seh_guarded_call@H@@QAEH$$QAV<lambda_61cee617f5178ae960314fd4d05640a0>@@AAV<lambda_6978c1fb23f02e42e1d9e99668cc68aa>@@$$QAV<lambda_9cd88cf8ad10232537feb2133f08c833>@@@Z 0040aae1 f i libucrt:commit.obj
 0001:00009b79       ??$__acrt_lowio_lock_fh_and_call@V<lambda_6978c1fb23f02e42e1d9e99668cc68aa>@@@@YAHH$$QAV<lambda_6978c1fb23f02e42e1d9e99668cc68aa>@@@Z 0040ab79 f i libucrt:commit.obj
 0001:00009ba1       __commit                   0040aba1 f   libucrt:commit.obj
 0001:0000a1a0       __write                    0040b1a0 f   libucrt:write.obj
 0001:0000a28b       __write_nolock             0040b28b f   libucrt:write.obj
 0001:0000a4a0       _log10                     0040b4a0 f   libucrt:log10.obj
 0001:0000a4e0       __CIlog10                  0040b4e0 f   libucrt:log10.obj
 0001:0000a51b       __CIlog10_default          0040b51b f   libucrt:log10.obj
 0001:0000a52f       __log10_default            0040b52f     libucrt:log10.obj
 0001:0000a5f0       _ceil                      0040b5f0 f   libucrt:ceil_pentium4.obj
 0001:0000a630       __ceil_pentium4            0040b630 f   libucrt:ceil_pentium4.obj
 0001:0000a78b       __lseeki64_nolock          0040b78b f   libucrt:lseek.obj
 0001:0000a7a6       __fclose_nolock            0040b7a6 f   libucrt:fclose.obj
 0001:0000a81c       _fclose                    0040b81c f   libucrt:fclose.obj
 0001:0000a8a0       ___ascii_strnicmp          0040b8a0 f   libucrt:_strnicm.obj
 0001:0000a901       __putwch_nolock            0040b901 f   libucrt:putwch.obj
 0001:0000a950       __CIlog10_pentium4         0040b950 f   libucrt:log10_pentium4.obj
 0001:0000a968       __log10_pentium4           0040b968     libucrt:log10_pentium4.obj
 0001:0000abf1       __fFEXP                    0040bbf1     libucrt:87tran.obj
 0001:0000ac48       __rtinfpopse               0040bc48     libucrt:87tran.obj
 0001:0000ac4a       __rtinfnpopse              0040bc4a     libucrt:87tran.obj
 0001:0000ac5a       __fFLN                     0040bc5a     libucrt:87tran.obj
 0001:0000ad0f       __rtinfpop                 0040bd0f     libucrt:87tran.obj
 0001:0000ad11       __rtinfnpop                0040bd11     libucrt:87tran.obj
 0001:0000ad2e       __ffexpm1                  0040bd2e     libucrt:87tran.obj
 0001:0000add7       ___libm_error_support      0040bdd7 f   libucrt:libm_error.obj
 0001:0000afef       __ceil_default             0040bfef f   libucrt:ceil.obj
 0001:0000b0a8       ??$?RV<lambda_123407a5e2ac06da108355a851863b7a>@@AAV<lambda_2fe9b910cf3cbf4a0ab98a02ba45b3ec>@@V<lambda_ae55bdf541ad94d75914d381c370e64d>@@@?$__crt_seh_guarded_call@H@@QAEH$$QAV<lambda_123407a5e2ac06da108355a851863b7a>@@AAV<lambda_2fe9b910cf3cbf4a0ab98a02ba45b3ec>@@$$QAV<lambda_ae55bdf541ad94d75914d381c370e64d>@@@Z 0040c0a8 f i libucrt:close.obj
 0001:0000b12a       ??$__acrt_lowio_lock_fh_and_call@V<lambda_2fe9b910cf3cbf4a0ab98a02ba45b3ec>@@@@YAHH$$QAV<lambda_2fe9b910cf3cbf4a0ab98a02ba45b3ec>@@@Z 0040c12a f i libucrt:close.obj
 0001:0000b152       __close                    0040c152 f   libucrt:close.obj
 0001:0000b1d1       __close_nolock             0040c1d1 f   libucrt:close.obj
 0001:0000b26d       ?__acrt_stdio_free_stream@@YAXV__crt_stdio_stream@@@Z 0040c26d f   libucrt:stream.obj
 0001:0000b2a8       ___dcrt_lowio_initialize_console_output 0040c2a8 f   libucrt:initcon.obj
 0001:0000b2c7       ___dcrt_terminate_console_output 0040c2c7 f   libucrt:initcon.obj
 0001:0000b2de       __d_inttype                0040c2de f   libucrt:powhlp.obj
 0001:0000b348       __powhlp                   0040c348 f   libucrt:powhlp.obj
 0001:0000b473       __frnd                     0040c473 f   libucrt:frnd.obj
 0001:0000b489       __fpclass                  0040c489 f   libucrt:ieeemisc.obj
 0001:0000b530       __FindPESection            0040c530 f   LIBCMT:pesect.obj
 0001:0000b580       __IsNonwritableInCurrentImage 0040c580 f   LIBCMT:pesect.obj
 0001:0000b640       __ValidateImageBase        0040c640 f   LIBCMT:pesect.obj
 0001:0000b680       __aulldvrm                 0040c680 f   LIBCMT:ulldvrm.obj
 0001:0000b720       __SEH_prolog4_GS           0040c720 f   LIBCMT:_sehprolg4gs_.obj
 0001:0000b769       __SEH_epilog4_GS           0040c769 f   LIBCMT:_sehprolg4gs_.obj
 0001:0000b780       __allmul                   0040c780 f   LIBCMT:llmul.obj
 0001:0000b7c0       __alloca_probe_16          0040c7c0 f   LIBCMT:alloca16.obj
 0001:0000b7d6       __alloca_probe_8           0040c7d6     LIBCMT:alloca16.obj
 0001:0000b7f0       __alldvrm                  0040c7f0 f   LIBCMT:lldvrm.obj
 0001:0000b8d0       __aullshr                  0040c8d0 f   LIBCMT:ullshr.obj
 0001:0000b8f0       __allshl                   0040c8f0 f   LIBCMT:llshl.obj
 0001:0000b910       __ftol2_sse                0040c910 f   LIBCMT:_ftol2_.obj
 0001:0000b919       __ftol2_pentium4           0040c919 f   LIBCMT:_ftol2_.obj
 0001:0000b92c       __ftol2_sse_excpt          0040c92c f   LIBCMT:_ftol2_.obj
 0001:0000b950       __ftol2                    0040c950 f   LIBCMT:_ftol2_.obj
 0001:0000b9d0       __chkstk                   0040c9d0 f   LIBCMT:chkstk.obj
 0001:0000b9d0       __alloca_probe             0040c9d0 f   LIBCMT:chkstk.obj
 0001:0000b9fe       _RtlUnwind@16              0040c9fe f   kernel32:KERNEL32.dll
 0001:0000ba04       _SystemFunction036@8       0040ca04 f   advapi32:ADVAPI32.dll
 0001:0000ba10       _memcpy                    0040ca10 f   libvcruntime:memcpy.obj
 0001:0000bf90       _strchr                    0040cf90 f   libvcruntime:strchr.obj
 0001:0000bffe       ___from_strstr_to_strchr   0040cffe     libvcruntime:strchr.obj
 0001:0000c0c0       _memmove                   0040d0c0 f   libvcruntime:memmove.obj
 0001:0000c640       _strrchr                   0040d640 f   libvcruntime:strrchr.obj
 0002:00000000       __imp__SystemFunction036@8 0040e000     advapi32:ADVAPI32.dll
 0002:00000004       \177ADVAPI32_NULL_THUNK_DATA 0040e004     advapi32:ADVAPI32.dll
 0002:00000008       __imp__StretchDIBits@52    0040e008     gdi32:GDI32.dll
 0002:0000000c       \177GDI32_NULL_THUNK_DATA  0040e00c     gdi32:GDI32.dll
 0002:00000010       __imp__WriteConsoleW@20    0040e010     kernel32:KERNEL32.dll
 0002:00000014       __imp__DecodePointer@4     0040e014     kernel32:KERNEL32.dll
 0002:00000018       __imp__GetConsoleMode@8    0040e018     kernel32:KERNEL32.dll
 0002:0000001c       __imp__GetConsoleCP@0      0040e01c     kernel32:KERNEL32.dll
 0002:00000020       __imp__FlushFileBuffers@4  0040e020     kernel32:KERNEL32.dll
 0002:00000024       __imp__HeapReAlloc@16      0040e024     kernel32:KERNEL32.dll
 0002:00000028       __imp__CreateFileW@28      0040e028     kernel32:KERNEL32.dll
 0002:0000002c       __imp__SetFilePointerEx@20 0040e02c     kernel32:KERNEL32.dll
 0002:00000030       __imp__QueryPerformanceCounter@4 0040e030     kernel32:KERNEL32.dll
 0002:00000034       __imp__QueryPerformanceFrequency@4 0040e034     kernel32:KERNEL32.dll
 0002:00000038       __imp__VirtualAlloc@16     0040e038     kernel32:KERNEL32.dll
 0002:0000003c       __imp__VirtualFree@12      0040e03c     kernel32:KERNEL32.dll
 0002:00000040       __imp__GetProcAddress@8    0040e040     kernel32:KERNEL32.dll
 0002:00000044       __imp__LoadLibraryA@4      0040e044     kernel32:KERNEL32.dll
 0002:00000048       __imp__UnhandledExceptionFilter@4 0040e048     kernel32:KERNEL32.dll
 0002:0000004c       __imp__SetUnhandledExceptionFilter@4 0040e04c     kernel32:KERNEL32.dll
 0002:00000050       __imp__GetCurrentProcess@0 0040e050     kernel32:KERNEL32.dll
 0002:00000054       __imp__TerminateProcess@8  0040e054     kernel32:KERNEL32.dll
 0002:00000058       __imp__IsProcessorFeaturePresent@4 0040e058     kernel32:KERNEL32.dll
 0002:0000005c       __imp__GetCurrentProcessId@0 0040e05c     kernel32:KERNEL32.dll
 0002:00000060       __imp__GetCurrentThreadId@0 0040e060     kernel32:KERNEL32.dll
 0002:00000064       __imp__GetSystemTimeAsFileTime@4 0040e064     kernel32:KERNEL32.dll
 0002:00000068       __imp__InitializeSListHead@4 0040e068     kernel32:KERNEL32.dll
 0002:0000006c       __imp__IsDebuggerPresent@0 0040e06c     kernel32:KERNEL32.dll
 0002:00000070       __imp__GetStartupInfoW@4   0040e070     kernel32:KERNEL32.dll
 0002:00000074       __imp__GetModuleHandleW@4  0040e074     kernel32:KERNEL32.dll
 0002:00000078       __imp__GetLastError@0      0040e078     kernel32:KERNEL32.dll
 0002:0000007c       __imp__GetModuleFileNameW@12 0040e07c     kernel32:KERNEL32.dll
 0002:00000080       __imp__InitializeCriticalSectionAndSpinCount@8 0040e080     kernel32:KERNEL32.dll
 0002:00000084       __imp__TlsAlloc@0          0040e084     kernel32:KERNEL32.dll
 0002:00000088       __imp__TlsGetValue@4       0040e088     kernel32:KERNEL32.dll
 0002:0000008c       __imp__TlsSetValue@8       0040e08c     kernel32:KERNEL32.dll
 0002:00000090       __imp__TlsFree@4           0040e090     kernel32:KERNEL32.dll
 0002:00000094       __imp__FreeLibrary@4       0040e094     kernel32:KERNEL32.dll
 0002:00000098       __imp__LoadLibraryExW@12   0040e098     kernel32:KERNEL32.dll
 0002:0000009c       __imp__RtlUnwind@16        0040e09c     kernel32:KERNEL32.dll
 0002:000000a0       __imp__SetLastError@4      0040e0a0     kernel32:KERNEL32.dll
 0002:000000a4       __imp__EnterCriticalSection@4 0040e0a4     kernel32:KERNEL32.dll
 0002:000000a8       __imp__LeaveCriticalSection@4 0040e0a8     kernel32:KERNEL32.dll
 0002:000000ac       __imp__DeleteCriticalSection@4 0040e0ac     kernel32:KERNEL32.dll
 0002:000000b0       __imp__RaiseException@16   0040e0b0     kernel32:KERNEL32.dll
 0002:000000b4       __imp__GetStdHandle@4      0040e0b4     kernel32:KERNEL32.dll
 0002:000000b8       __imp__WriteFile@20        0040e0b8     kernel32:KERNEL32.dll
 0002:000000bc       __imp__GetModuleFileNameA@12 0040e0bc     kernel32:KERNEL32.dll
 0002:000000c0       __imp__MultiByteToWideChar@24 0040e0c0     kernel32:KERNEL32.dll
 0002:000000c4       __imp__WideCharToMultiByte@32 0040e0c4     kernel32:KERNEL32.dll
 0002:000000c8       __imp__ExitProcess@4       0040e0c8     kernel32:KERNEL32.dll
 0002:000000cc       __imp__GetModuleHandleExW@12 0040e0cc     kernel32:KERNEL32.dll
 0002:000000d0       __imp__GetACP@0            0040e0d0     kernel32:KERNEL32.dll
 0002:000000d4       __imp__HeapFree@12         0040e0d4     kernel32:KERNEL32.dll
 0002:000000d8       __imp__HeapAlloc@12        0040e0d8     kernel32:KERNEL32.dll
 0002:000000dc       __imp__CloseHandle@4       0040e0dc     kernel32:KERNEL32.dll
 0002:000000e0       __imp__FindClose@4         0040e0e0     kernel32:KERNEL32.dll
 0002:000000e4       __imp__FindFirstFileExA@24 0040e0e4     kernel32:KERNEL32.dll
 0002:000000e8       __imp__FindNextFileA@8     0040e0e8     kernel32:KERNEL32.dll
 0002:000000ec       __imp__IsValidCodePage@4   0040e0ec     kernel32:KERNEL32.dll
 0002:000000f0       __imp__GetOEMCP@0          0040e0f0     kernel32:KERNEL32.dll
 0002:000000f4       __imp__GetCPInfo@8         0040e0f4     kernel32:KERNEL32.dll
 0002:000000f8       __imp__GetCommandLineA@0   0040e0f8     kernel32:KERNEL32.dll
 0002:000000fc       __imp__GetCommandLineW@0   0040e0fc     kernel32:KERNEL32.dll
 0002:00000100       __imp__GetEnvironmentStringsW@0 0040e100     kernel32:KERNEL32.dll
 0002:00000104       __imp__FreeEnvironmentStringsW@4 0040e104     kernel32:KERNEL32.dll
 0002:00000108       __imp__LCMapStringW@24     0040e108     kernel32:KERNEL32.dll
 0002:0000010c       __imp__SetStdHandle@8      0040e10c     kernel32:KERNEL32.dll
 0002:00000110       __imp__GetFileType@4       0040e110     kernel32:KERNEL32.dll
 0002:00000114       __imp__GetStringTypeW@16   0040e114     kernel32:KERNEL32.dll
 0002:00000118       __imp__GetProcessHeap@0    0040e118     kernel32:KERNEL32.dll
 0002:0000011c       __imp__HeapSize@12         0040e11c     kernel32:KERNEL32.dll
 0002:00000120       \177KERNEL32_NULL_THUNK_DATA 0040e120     kernel32:KERNEL32.dll
 0002:00000124       __imp__GetClientRect@8     0040e124     user32:USER32.dll
 0002:00000128       __imp__EndPaint@8          0040e128     user32:USER32.dll
 0002:0000012c       __imp__BeginPaint@8        0040e12c     user32:USER32.dll
 0002:00000130       __imp__GetDC@4             0040e130     user32:USER32.dll
 0002:00000134       __imp__CreateWindowExA@48  0040e134     user32:USER32.dll
 0002:00000138       __imp__RegisterClassA@4    0040e138     user32:USER32.dll
 0002:0000013c       __imp__DefWindowProcA@16   0040e13c     user32:USER32.dll
 0002:00000140       __imp__PeekMessageA@20     0040e140     user32:USER32.dll
 0002:00000144       __imp__DispatchMessageA@4  0040e144     user32:USER32.dll
 0002:00000148       __imp__TranslateMessage@4  0040e148     user32:USER32.dll
 0002:0000014c       \177USER32_NULL_THUNK_DATA 0040e14c     user32:USER32.dll
 0002:00000150       ___guard_check_icall_fptr  0040e150     LIBCMT:guard_support.obj
 0002:00000154       ___xc_a                    0040e154     LIBCMT:initializers.obj
 0002:0000015c       ___xc_z                    0040e15c     LIBCMT:initializers.obj
 0002:00000160       ___xi_a                    0040e160     LIBCMT:initializers.obj
 0002:0000016c       ___acrt_multibyte_initializer 0040e16c     libucrt:multibyte_initializer.obj
 0002:00000170       ___acrt_stdio_initializer  0040e170     libucrt:stdio_initializer.obj
 0002:00000174       ___acrt_tran_sse2_initializer 0040e174     libucrt:sse2_initializer.obj
 0002:00000178       ___xi_z                    0040e178     LIBCMT:initializers.obj
 0002:0000017c       ___xp_a                    0040e17c     LIBCMT:initializers.obj
 0002:00000180       ___acrt_locale_terminator  0040e180     libucrt:locale_initializer.obj
 0002:00000184       ___dcrt_console_output_terminator 0040e184     libucrt:console_output_initializer.obj
 0002:00000188       ___acrt_stdio_terminator   0040e188     libucrt:stdio_initializer.obj
 0002:0000018c       ___xp_z                    0040e18c     LIBCMT:initializers.obj
 0002:00000190       ___xt_a                    0040e190     LIBCMT:initializers.obj
 0002:00000194       ___xt_z                    0040e194     LIBCMT:initializers.obj
 0002:00000220       __real@00000000            0040e220     win32_handmade.obj
 0002:00000224       __real@40c90fdb            0040e224     win32_handmade.obj
 0002:00000228       __real@447a0000            0040e228     win32_handmade.obj
 0002:0000022c       __real@46fffe00            0040e22c     win32_handmade.obj
 0002:00000230       __real@47000000            0040e230     win32_handmade.obj
 0002:000002cc       __Microsoft_CRTProvider    0040e2cc     libvcruntime:telemetry.obj
 0002:000002d0       ??_C@_00CNPNBAHC@?$AA@     0040e2d0     libvcruntime:telemetry.obj
 0002:000002d4       ??_C@_11LOCGONAA@?$AA?$AA@ 0040e2d4     libvcruntime:telemetry.obj
 0002:000002d8       ??_C@_0O@JEOPJOMI@Main?5Invoked?4?$AA@ 0040e2d8     libvcruntime:telemetry.obj
 0002:000002e8       ??_C@_0P@NEAEIBDO@Main?5Returned?4?$AA@ 0040e2e8     libvcruntime:telemetry.obj
 0002:00000308       ??_C@_1BC@DNHGCMLG@?$AAa?$AAd?$AAv?$AAa?$AAp?$AAi?$AA3?$AA2?$AA?$AA@ 0040e308     libvcruntime:winapi_downlevel.obj
 0002:0000031c       ??_C@_1DM@KHCHBNEB@?$AAa?$AAp?$AAi?$AA?9?$AAm?$AAs?$AA?9?$AAw?$AAi?$AAn?$AA?9?$AAc?$AAo?$AAr?$AAe?$AA?9?$AAf?$AAi?$AAb?$AAe?$AAr?$AAs?$AA?9?$AAl?$AA1?$AA?9?$AA1?$AA?9?$AA1?$AA?$AA@ 0040e31c     libvcruntime:winapi_downlevel.obj
 0002:00000358       ??_C@_1DK@LPPGFMPP@?$AAa?$AAp?$AAi?$AA?9?$AAm?$AAs?$AA?9?$AAw?$AAi?$AAn?$AA?9?$AAc?$AAo?$AAr?$AAe?$AA?9?$AAs?$AAy?$AAn?$AAc?$AAh?$AA?9?$AAl?$AA1?$AA?9?$AA2?$AA?9?$AA0?$AA?$AA@ 0040e358     libvcruntime:winapi_downlevel.obj
 0002:00000394       ??_C@_1BC@GDMECMAK@?$AAk?$AAe?$AAr?$AAn?$AAe?$AAl?$AA3?$AA2?$AA?$AA@ 0040e394     libvcruntime:winapi_downlevel.obj
 0002:000003ac       ??_C@_0O@BAMBGLIE@EventRegister?$AA@ 0040e3ac     libvcruntime:winapi_downlevel.obj
 0002:000003c0       ??_C@_0BE@BJEEGHGK@EventSetInformation?$AA@ 0040e3c0     libvcruntime:winapi_downlevel.obj
 0002:000003d8       ??_C@_0BA@FAKLIPIC@EventUnregister?$AA@ 0040e3d8     libvcruntime:winapi_downlevel.obj
 0002:000003ec       ??_C@_0BD@PKLHJPHD@EventWriteTransfer?$AA@ 0040e3ec     libvcruntime:winapi_downlevel.obj
 0002:00000408       ??_C@_08KNHFBNJ@FlsAlloc?$AA@ 0040e408     libvcruntime:winapi_downlevel.obj
 0002:0000041c       ??_C@_07PEJMOBNF@FlsFree?$AA@ 0040e41c     libvcruntime:winapi_downlevel.obj
 0002:00000424       ??_C@_0M@GDNOONDI@FlsGetValue?$AA@ 0040e424     libvcruntime:winapi_downlevel.obj
 0002:00000438       ??_C@_0M@JCPCPOEF@FlsSetValue?$AA@ 0040e438     libvcruntime:winapi_downlevel.obj
 0002:0000044c       ??_C@_0BM@HCFOFFN@InitializeCriticalSectionEx?$AA@ 0040e44c     libvcruntime:winapi_downlevel.obj
 0002:000005f8       ??_C@_08EHJDFFNH@__based?$CI?$AA@ 0040e5f8     libvcruntime:undname.obj
 0002:00000604       ??_C@_07KOLFKCDI@__cdecl?$AA@ 0040e604     libvcruntime:undname.obj
 0002:0000060c       ??_C@_08GHMPAG@__pascal?$AA@ 0040e60c     libvcruntime:undname.obj
 0002:00000618       ??_C@_09IFJBGAPI@__stdcall?$AA@ 0040e618     libvcruntime:undname.obj
 0002:00000624       ??_C@_0L@NPHFGOKO@__thiscall?$AA@ 0040e624     libvcruntime:undname.obj
 0002:00000630       ??_C@_0L@JMKHOMEK@__fastcall?$AA@ 0040e630     libvcruntime:undname.obj
 0002:0000063c       ??_C@_0N@BCKKPABJ@__vectorcall?$AA@ 0040e63c     libvcruntime:undname.obj
 0002:0000064c       ??_C@_09HIJEGCPM@__clrcall?$AA@ 0040e64c     libvcruntime:undname.obj
 0002:00000658       ??_C@_06GHPCKEAG@__eabi?$AA@ 0040e658     libvcruntime:undname.obj
 0002:00000660       ??_C@_07JOMMBBKO@__ptr64?$AA@ 0040e660     libvcruntime:undname.obj
 0002:00000668       ??_C@_0L@PILCLIHE@__restrict?$AA@ 0040e668     libvcruntime:undname.obj
 0002:00000674       ??_C@_0M@GFIIJFMG@__unaligned?$AA@ 0040e674     libvcruntime:undname.obj
 0002:00000680       ??_C@_09DHDLOLLB@restrict?$CI?$AA@ 0040e680     libvcruntime:undname.obj
 0002:0000068c       ??_C@_04NIHEBCM@?5new?$AA@ 0040e68c     libvcruntime:undname.obj
 0002:00000694       ??_C@_07FPCDHGMM@?5delete?$AA@ 0040e694     libvcruntime:undname.obj
 0002:0000069c       ??_C@_01NEMOKFLO@?$DN?$AA@ 0040e69c     libvcruntime:undname.obj
 0002:000006a0       ??_C@_02GPIOPFAK@?$DO?$DO?$AA@ 0040e6a0     libvcruntime:undname.obj
 0002:000006a4       ??_C@_02FODMEDOG@?$DM?$DM?$AA@ 0040e6a4     libvcruntime:undname.obj
 0002:000006a8       ??_C@_01DCLJPIOD@?$CB?$AA@ 0040e6a8     libvcruntime:undname.obj
 0002:000006ac       ??_C@_02EGOFBIJA@?$DN?$DN?$AA@ 0040e6ac     libvcruntime:undname.obj
 0002:000006b0       ??_C@_02FDNJECIE@?$CB?$DN?$AA@ 0040e6b0     libvcruntime:undname.obj
 0002:000006b4       ??_C@_02GPECMEKF@?$FL?$FN?$AA@ 0040e6b4     libvcruntime:undname.obj
 0002:000006b8       ??_C@_08LHJFAFGD@operator?$AA@ 0040e6b8     libvcruntime:undname.obj
 0002:000006c4       ??_C@_02HBOOOICD@?9?$DO?$AA@ 0040e6c4     libvcruntime:undname.obj
 0002:000006c8       ??_C@_01NBENCBCI@?$CK?$AA@ 0040e6c8     libvcruntime:undname.obj
 0002:000006cc       ??_C@_02ECNGHCIF@?$CL?$CL?$AA@ 0040e6cc     libvcruntime:undname.obj
 0002:000006d0       ??_C@_02BAABKJLB@?9?9?$AA@ 0040e6d0     libvcruntime:undname.obj
 0002:000006d4       ??_C@_01JOAMLHOP@?9?$AA@   0040e6d4     libvcruntime:undname.obj
 0002:000006d8       ??_C@_01MIFGBAGJ@?$CL?$AA@ 0040e6d8     libvcruntime:undname.obj
 0002:000006dc       ??_C@_01HNPIGOCE@?$CG?$AA@ 0040e6dc     libvcruntime:undname.obj
 0002:000006e0       ??_C@_03MNHNFDLC@?9?$DO?$CK?$AA@ 0040e6e0     libvcruntime:undname.obj
 0002:000006e4       ??_C@_01KMDKNFGN@?1?$AA@   0040e6e4     libvcruntime:undname.obj
 0002:000006e8       ??_C@_01FGNFDNOH@?$CF?$AA@ 0040e6e8     libvcruntime:undname.obj
 0002:000006ec       ??_C@_01MNNFJEPP@?$DM?$AA@ 0040e6ec     libvcruntime:undname.obj
 0002:000006f0       ??_C@_02EHCHHCKH@?$DM?$DN?$AA@ 0040e6f0     libvcruntime:undname.obj
 0002:000006f4       ??_C@_01PPODPGHN@?$DO?$AA@ 0040e6f4     libvcruntime:undname.obj
 0002:000006f8       ??_C@_02EEKDKGMJ@?$DO?$DN?$AA@ 0040e6f8     libvcruntime:undname.obj
 0002:000006fc       ??_C@_01IHBHIGKO@?0?$AA@   0040e6fc     libvcruntime:undname.obj
 0002:00000700       ??_C@_02HCKGKOFO@?$CI?$CJ?$AA@ 0040e700     libvcruntime:undname.obj
 0002:00000704       ??_C@_01PJKLJHI@?$HO?$AA@  0040e704     libvcruntime:undname.obj
 0002:00000708       ??_C@_01JKBOJNNK@?$FO?$AA@ 0040e708     libvcruntime:undname.obj
 0002:0000070c       ??_C@_01DNKMNLPK@?$HM?$AA@ 0040e70c     libvcruntime:undname.obj
 0002:00000710       ??_C@_02PPKAJPJL@?$CG?$CG?$AA@ 0040e710     libvcruntime:undname.obj
 0002:00000714       ??_C@_02NONPIBCD@?$HM?$HM?$AA@ 0040e714     libvcruntime:undname.obj
 0002:00000718       ??_C@_02FPIMKNGF@?$CK?$DN?$AA@ 0040e718     libvcruntime:undname.obj
 0002:0000071c       ??_C@_02FOEOMHFC@?$CL?$DN?$AA@ 0040e71c     libvcruntime:undname.obj
 0002:00000720       ??_C@_02FKMDLLOA@?9?$DN?$AA@ 0040e720     libvcruntime:undname.obj
 0002:00000724       ??_C@_02FJEHGPIO@?1?$DN?$AA@ 0040e724     libvcruntime:undname.obj
 0002:00000728       ??_C@_02FENAOKFI@?$CF?$DN?$AA@ 0040e728     libvcruntime:undname.obj
 0002:0000072c       ??_C@_03IKFCCPFF@?$DO?$DO?$DN?$AA@ 0040e72c     libvcruntime:undname.obj
 0002:00000730       ??_C@_03CDNPDDLA@?$DM?$DM?$DN?$AA@ 0040e730     libvcruntime:undname.obj
 0002:00000734       ??_C@_02FGJGFEAB@?$CG?$DN?$AA@ 0040e734     libvcruntime:undname.obj
 0002:00000738       ??_C@_02DHLNPPGH@?$HM?$DN?$AA@ 0040e738     libvcruntime:undname.obj
 0002:0000073c       ??_C@_02MHEGNOJ@?$FO?$DN?$AA@ 0040e73c     libvcruntime:undname.obj
 0002:00000740       ??_C@_09IFPLHPGF@?$GAvftable?8?$AA@ 0040e740     libvcruntime:undname.obj
 0002:0000074c       ??_C@_09BLBHBJP@?$GAvbtable?8?$AA@ 0040e74c     libvcruntime:undname.obj
 0002:00000758       ??_C@_07FEEIOKP@?$GAvcall?8?$AA@ 0040e758     libvcruntime:undname.obj
 0002:00000760       ??_C@_08LLFFHHDJ@?$GAtypeof?8?$AA@ 0040e760     libvcruntime:undname.obj
 0002:0000076c       ??_C@_0BF@KDPPACIK@?$GAlocal?5static?5guard?8?$AA@ 0040e76c     libvcruntime:undname.obj
 0002:00000784       ??_C@_08OBABFOLI@?$GAstring?8?$AA@ 0040e784     libvcruntime:undname.obj
 0002:00000790       ??_C@_0BD@JDLKDPAB@?$GAvbase?5destructor?8?$AA@ 0040e790     libvcruntime:undname.obj
 0002:000007a4       ??_C@_0BN@DEGPLNFK@?$GAvector?5deleting?5destructor?8?$AA@ 0040e7a4     libvcruntime:undname.obj
 0002:000007c4       ??_C@_0BO@OBMKPJIG@?$GAdefault?5constructor?5closure?8?$AA@ 0040e7c4     libvcruntime:undname.obj
 0002:000007e4       ??_C@_0BN@IMDCHIKM@?$GAscalar?5deleting?5destructor?8?$AA@ 0040e7e4     libvcruntime:undname.obj
 0002:00000804       ??_C@_0BO@PFGOCPJJ@?$GAvector?5constructor?5iterator?8?$AA@ 0040e804     libvcruntime:undname.obj
 0002:00000824       ??_C@_0BN@LFPFMEDL@?$GAvector?5destructor?5iterator?8?$AA@ 0040e824     libvcruntime:undname.obj
 0002:00000844       ??_C@_0CE@IKBNEHA@?$GAvector?5vbase?5constructor?5iterat@ 0040e844     libvcruntime:undname.obj
 0002:00000868       ??_C@_0BL@NILFHHPC@?$GAvirtual?5displacement?5map?8?$AA@ 0040e868     libvcruntime:undname.obj
 0002:00000884       ??_C@_0CB@JONCMFFK@?$GAeh?5vector?5constructor?5iterator?8@ 0040e884     libvcruntime:undname.obj
 0002:000008a8       ??_C@_0CA@GCEOPDGL@?$GAeh?5vector?5destructor?5iterator?8?$AA@ 0040e8a8     libvcruntime:undname.obj
 0002:000008c8       ??_C@_0CH@OOJPLCPH@?$GAeh?5vector?5vbase?5constructor?5ite@ 0040e8c8     libvcruntime:undname.obj
 0002:000008f0       ??_C@_0BL@LLKPOHJI@?$GAcopy?5constructor?5closure?8?$AA@ 0040e8f0     libvcruntime:undname.obj
 0002:0000090c       ??_C@_0BA@KBCDOMBN@?$GAudt?5returning?8?$AA@ 0040e90c     libvcruntime:undname.obj
 0002:0000091c       ??_C@_03KLGMFNMG@?$GAEH?$AA@ 0040e91c     libvcruntime:undname.obj
 0002:00000920       ??_C@_05KHLCHHI@?$GARTTI?$AA@ 0040e920     libvcruntime:undname.obj
 0002:00000928       ??_C@_0BA@KKLDJDLB@?$GAlocal?5vftable?8?$AA@ 0040e928     libvcruntime:undname.obj
 0002:00000938       ??_C@_0CE@IIHCMGGL@?$GAlocal?5vftable?5constructor?5closu@ 0040e938     libvcruntime:undname.obj
 0002:0000095c       ??_C@_06FHBGPFGH@?5new?$FL?$FN?$AA@ 0040e95c     libvcruntime:undname.obj
 0002:00000964       ??_C@_09LBNFPBCA@?5delete?$FL?$FN?$AA@ 0040e964     libvcruntime:undname.obj
 0002:00000970       ??_C@_0P@HJKNJFNN@?$GAomni?5callsig?8?$AA@ 0040e970     libvcruntime:undname.obj
 0002:00000980       ??_C@_0BL@CNOONJFP@?$GAplacement?5delete?5closure?8?$AA@ 0040e980     libvcruntime:undname.obj
 0002:0000099c       ??_C@_0BN@CKNJLHMB@?$GAplacement?5delete?$FL?$FN?5closure?8?$AA@ 0040e99c     libvcruntime:undname.obj
 0002:000009bc       ??_C@_0CG@CFDHKGGD@?$GAmanaged?5vector?5constructor?5iter@ 0040e9bc     libvcruntime:undname.obj
 0002:000009e4       ??_C@_0CF@IMGKMJNO@?$GAmanaged?5vector?5destructor?5itera@ 0040e9e4     libvcruntime:undname.obj
 0002:00000a0c       ??_C@_0CG@HLDDJMAG@?$GAeh?5vector?5copy?5constructor?5iter@ 0040ea0c     libvcruntime:undname.obj
 0002:00000a34       ??_C@_0CM@FCBBDIGB@?$GAeh?5vector?5vbase?5copy?5constructo@ 0040ea34     libvcruntime:undname.obj
 0002:00000a60       ??_C@_0BL@CLIPGLGB@?$GAdynamic?5initializer?5for?5?8?$AA@ 0040ea60     libvcruntime:undname.obj
 0002:00000a7c       ??_C@_0CB@PDBIFEP@?$GAdynamic?5atexit?5destructor?5for?5?8@ 0040ea7c     libvcruntime:undname.obj
 0002:00000aa0       ??_C@_0CD@CGAJBKEJ@?$GAvector?5copy?5constructor?5iterato@ 0040eaa0     libvcruntime:undname.obj
 0002:00000ac4       ??_C@_0CJ@GJELGAMM@?$GAvector?5vbase?5copy?5constructor?5i@ 0040eac4     libvcruntime:undname.obj
 0002:00000af0       ??_C@_0CL@FGIJHLCE@?$GAmanaged?5vector?5copy?5constructor@ 0040eaf0     libvcruntime:undname.obj
 0002:00000b1c       ??_C@_0BM@PMGGMLDN@?$GAlocal?5static?5thread?5guard?8?$AA@ 0040eb1c     libvcruntime:undname.obj
 0002:00000b38       ??_C@_0N@BDNMDMOL@operator?5?$CC?$CC?5?$AA@ 0040eb38     libvcruntime:undname.obj
 0002:00000b48       ??_C@_0BC@DAFEJGAK@?5Type?5Descriptor?8?$AA@ 0040eb48     libvcruntime:undname.obj
 0002:00000b5c       ??_C@_0BM@LDKODKLH@?5Base?5Class?5Descriptor?5at?5?$CI?$AA@ 0040eb5c     libvcruntime:undname.obj
 0002:00000b78       ??_C@_0BD@LGICGFMM@?5Base?5Class?5Array?8?$AA@ 0040eb78     libvcruntime:undname.obj
 0002:00000b8c       ??_C@_0BN@MECKDCOJ@?5Class?5Hierarchy?5Descriptor?8?$AA@ 0040eb8c     libvcruntime:undname.obj
 0002:00000bac       ??_C@_0BK@CFCOFLF@?5Complete?5Object?5Locator?8?$AA@ 0040ebac     libvcruntime:undname.obj
 0002:00000c70       ??_C@_04FJHINJAO@tanh?$AA@ 0040ec70     libucrt:fpexcept.obj
 0002:00000c78       ??_C@_04FIHNOPOL@asin?$AA@ 0040ec78     libucrt:fpexcept.obj
 0002:00000c80       ??_C@_04PDIFKINK@acos?$AA@ 0040ec80     libucrt:fpexcept.obj
 0002:00000c88       ??_C@_04MLLJIGOK@atan?$AA@ 0040ec88     libucrt:fpexcept.obj
 0002:00000c90       ??_C@_05KNGEOGJB@atan2?$AA@ 0040ec90     libucrt:fpexcept.obj
 0002:00000c98       ??_C@_04EIAKFFMI@sqrt?$AA@ 0040ec98     libucrt:fpexcept.obj
 0002:00000ca0       ??_C@_03BLEJJJBH@sin?$AA@  0040eca0     libucrt:fpexcept.obj
 0002:00000ca4       ??_C@_03LALBNOCG@cos?$AA@  0040eca4     libucrt:fpexcept.obj
 0002:00000ca8       ??_C@_03IIINPABG@tan?$AA@  0040eca8     libucrt:fpexcept.obj
 0002:00000cac       ??_C@_04GFPJNGEK@ceil?$AA@ 0040ecac     libucrt:fpexcept.obj
 0002:00000cb4       ??_C@_05PBJFFIGL@floor?$AA@ 0040ecb4     libucrt:fpexcept.obj
 0002:00000cbc       ??_C@_04ODHECPBC@fabs?$AA@ 0040ecbc     libucrt:fpexcept.obj
 0002:00000cc4       ??_C@_04EHEDPDJG@modf?$AA@ 0040ecc4     libucrt:fpexcept.obj
 0002:00000ccc       ??_C@_05CEJMAHNP@ldexp?$AA@ 0040eccc     libucrt:fpexcept.obj
 0002:00000cd4       ??_C@_05KBKMEMPO@_cabs?$AA@ 0040ecd4     libucrt:fpexcept.obj
 0002:00000cdc       ??_C@_06MEIMCGCF@_hypot?$AA@ 0040ecdc     libucrt:fpexcept.obj
 0002:00000ce4       ??_C@_04KEPJIHGP@fmod?$AA@ 0040ece4     libucrt:fpexcept.obj
 0002:00000cec       ??_C@_05GKKHEGJL@frexp?$AA@ 0040ecec     libucrt:fpexcept.obj
 0002:00000cf4       ??_C@_03MJLDFKDL@_y0?$AA@  0040ecf4     libucrt:fpexcept.obj
 0002:00000cf8       ??_C@_03NAKIGLHK@_y1?$AA@  0040ecf8     libucrt:fpexcept.obj
 0002:00000cfc       ??_C@_03ONILCKOB@_yn?$AA@  0040ecfc     libucrt:fpexcept.obj
 0002:00000d00       ??_C@_05JGDBENOH@_logb?$AA@ 0040ed00     libucrt:fpexcept.obj
 0002:00000d08       ??_C@_0L@KDOEJCKC@_nextafter?$AA@ 0040ed08     libucrt:fpexcept.obj
 0002:00000e00       ??_C@_03KHJOGHMM@exp?$AA@  0040ee00     libucrt:fpexcept.obj
 0002:00000e04       ??_C@_03JGHBODFD@pow?$AA@  0040ee04     libucrt:fpexcept.obj
 0002:00000e08       ??_C@_03MGHMBJCF@log?$AA@  0040ee08     libucrt:fpexcept.obj
 0002:00000e0c       ??_C@_05HGHHAHAP@log10?$AA@ 0040ee0c     libucrt:fpexcept.obj
 0002:00000e14       ??_C@_04COOMCNPB@sinh?$AA@ 0040ee14     libucrt:fpexcept.obj
 0002:00000e1c       ??_C@_04HPJJNFIM@cosh?$AA@ 0040ee1c     libucrt:fpexcept.obj
 0002:00000e28       ___acrt_exception_action_table 0040ee28     libucrt:exception_filter.obj
 0002:00000eb8       ___acrt_signal_action_table_count 0040eeb8     libucrt:exception_filter.obj
 0002:00000ebc       ___acrt_signal_action_first_fpe_index 0040eebc     libucrt:exception_filter.obj
 0002:00000ec0       ___acrt_signal_action_fpe_count 0040eec0     libucrt:exception_filter.obj
 0002:00000ec4       ??_C@_1BI@BGOHAHKC@?$AAm?$AAs?$AAc?$AAo?$AAr?$AAe?$AAe?$AA?4?$AAd?$AAl?$AAl?$AA?$AA@ 0040eec4     libucrt:exit.obj
 0002:00000edc       ??_C@_0P@MIGLKIOC@CorExitProcess?$AA@ 0040eedc     libucrt:exit.obj
 0002:00000f80       ___acrt_cos_sin_ctable     0040ef80     libucrt:cos_sin_ctable.obj
 0002:000018e8       __d_inf                    0040f8e8     libucrt:util.obj
 0002:000018f0       __d_max                    0040f8f0     libucrt:util.obj
 0002:000018f8       __d_mzero                  0040f8f8     libucrt:util.obj
 0002:00001928       ??_C@_1M@HPNHIDJI@?$AAj?$AAa?$AA?9?$AAJ?$AAP?$AA?$AA@ 0040f928     libucrt:mbctype.obj
 0002:00001934       ??_C@_1M@BIBDDEMK@?$AAz?$AAh?$AA?9?$AAC?$AAN?$AA?$AA@ 0040f934     libucrt:mbctype.obj
 0002:00001940       ??_C@_1M@JLOOOEGK@?$AAk?$AAo?$AA?9?$AAK?$AAR?$AA?$AA@ 0040f940     libucrt:mbctype.obj
 0002:0000194c       ??_C@_1M@CLNBBOPM@?$AAz?$AAh?$AA?9?$AAT?$AAW?$AA?$AA@ 0040f94c     libucrt:mbctype.obj
 0002:000019a8       ??_C@_1EG@CNNIPFIM@?$AAa?$AAp?$AAi?$AA?9?$AAm?$AAs?$AA?9?$AAw?$AAi?$AAn?$AA?9?$AAa?$AAp?$AAp?$AAm?$AAo?$AAd?$AAe?$AAl?$AA?9?$AAr?$AAu?$AAn?$AAt?$AAi?$AAm?$AAe?$AA?9?$AAl?$AA1?$AA?9?$AA1@ 0040f9a8     libucrt:winapi_thunks.obj
 0002:000019f0       ??_C@_1EA@JGEFHKEI@?$AAa?$AAp?$AAi?$AA?9?$AAm?$AAs?$AA?9?$AAw?$AAi?$AAn?$AA?9?$AAc?$AAo?$AAr?$AAe?$AA?9?$AAd?$AAa?$AAt?$AAe?$AAt?$AAi?$AAm?$AAe?$AA?9?$AAl?$AA1?$AA?9?$AA1?$AA?9?$AA1?$AA?$AA@ 0040f9f0     libucrt:winapi_thunks.obj
 0002:00001a30       ??_C@_1DI@GCIAAENM@?$AAa?$AAp?$AAi?$AA?9?$AAm?$AAs?$AA?9?$AAw?$AAi?$AAn?$AA?9?$AAc?$AAo?$AAr?$AAe?$AA?9?$AAf?$AAi?$AAl?$AAe?$AA?9?$AAl?$AA2?$AA?9?$AA1?$AA?9?$AA1?$AA?$AA@ 0040fa30     libucrt:winapi_thunks.obj
 0002:00001a68       ??_C@_1EI@MPIAOHOC@?$AAa?$AAp?$AAi?$AA?9?$AAm?$AAs?$AA?9?$AAw?$AAi?$AAn?$AA?9?$AAc?$AAo?$AAr?$AAe?$AA?9?$AAl?$AAo?$AAc?$AAa?$AAl?$AAi?$AAz?$AAa?$AAt?$AAi?$AAo?$AAn?$AA?9?$AAl?$AA1?$AA?9@ 0040fa68     libucrt:winapi_thunks.obj
 0002:00001ab0       ??_C@_1FK@FPHCKFIE@?$AAa?$AAp?$AAi?$AA?9?$AAm?$AAs?$AA?9?$AAw?$AAi?$AAn?$AA?9?$AAc?$AAo?$AAr?$AAe?$AA?9?$AAl?$AAo?$AAc?$AAa?$AAl?$AAi?$AAz?$AAa?$AAt?$AAi?$AAo?$AAn?$AA?9?$AAo?$AAb?$AAs@ 0040fab0     libucrt:winapi_thunks.obj
 0002:00001b10       ??_C@_1EM@DILCGIIO@?$AAa?$AAp?$AAi?$AA?9?$AAm?$AAs?$AA?9?$AAw?$AAi?$AAn?$AA?9?$AAc?$AAo?$AAr?$AAe?$AA?9?$AAp?$AAr?$AAo?$AAc?$AAe?$AAs?$AAs?$AAt?$AAh?$AAr?$AAe?$AAa?$AAd?$AAs?$AA?9?$AAl@ 0040fb10     libucrt:winapi_thunks.obj
 0002:00001b5c       ??_C@_1DM@LNCGDDPN@?$AAa?$AAp?$AAi?$AA?9?$AAm?$AAs?$AA?9?$AAw?$AAi?$AAn?$AA?9?$AAc?$AAo?$AAr?$AAe?$AA?9?$AAs?$AAt?$AAr?$AAi?$AAn?$AAg?$AA?9?$AAl?$AA1?$AA?9?$AA1?$AA?9?$AA0?$AA?$AA@ 0040fb5c     libucrt:winapi_thunks.obj
 0002:00001b98       ??_C@_1DO@FPAPJEMD@?$AAa?$AAp?$AAi?$AA?9?$AAm?$AAs?$AA?9?$AAw?$AAi?$AAn?$AA?9?$AAc?$AAo?$AAr?$AAe?$AA?9?$AAs?$AAy?$AAs?$AAi?$AAn?$AAf?$AAo?$AA?9?$AAl?$AA1?$AA?9?$AA2?$AA?9?$AA1?$AA?$AA@ 0040fb98     libucrt:winapi_thunks.obj
 0002:00001bd8       ??_C@_1DK@NDHNAHIO@?$AAa?$AAp?$AAi?$AA?9?$AAm?$AAs?$AA?9?$AAw?$AAi?$AAn?$AA?9?$AAc?$AAo?$AAr?$AAe?$AA?9?$AAw?$AAi?$AAn?$AAr?$AAt?$AA?9?$AAl?$AA1?$AA?9?$AA1?$AA?9?$AA0?$AA?$AA@ 0040fbd8     libucrt:winapi_thunks.obj
 0002:00001c14       ??_C@_1DM@KGHDGBCM@?$AAa?$AAp?$AAi?$AA?9?$AAm?$AAs?$AA?9?$AAw?$AAi?$AAn?$AA?9?$AAc?$AAo?$AAr?$AAe?$AA?9?$AAx?$AAs?$AAt?$AAa?$AAt?$AAe?$AA?9?$AAl?$AA2?$AA?9?$AA1?$AA?9?$AA0?$AA?$AA@ 0040fc14     libucrt:winapi_thunks.obj
 0002:00001c50       ??_C@_1EO@IJIOEFOH@?$AAa?$AAp?$AAi?$AA?9?$AAm?$AAs?$AA?9?$AAw?$AAi?$AAn?$AA?9?$AAr?$AAt?$AAc?$AAo?$AAr?$AAe?$AA?9?$AAn?$AAt?$AAu?$AAs?$AAe?$AAr?$AA?9?$AAw?$AAi?$AAn?$AAd?$AAo?$AAw?$AA?9@ 0040fc50     libucrt:winapi_thunks.obj
 0002:00001ca0       ??_C@_1FG@HHGEKANL@?$AAa?$AAp?$AAi?$AA?9?$AAm?$AAs?$AA?9?$AAw?$AAi?$AAn?$AA?9?$AAs?$AAe?$AAc?$AAu?$AAr?$AAi?$AAt?$AAy?$AA?9?$AAs?$AAy?$AAs?$AAt?$AAe?$AAm?$AAf?$AAu?$AAn?$AAc?$AAt?$AAi@ 0040fca0     libucrt:winapi_thunks.obj
 0002:00001cf8       ??_C@_1FG@NCKKOLKO@?$AAe?$AAx?$AAt?$AA?9?$AAm?$AAs?$AA?9?$AAw?$AAi?$AAn?$AA?9?$AAk?$AAe?$AAr?$AAn?$AAe?$AAl?$AA3?$AA2?$AA?9?$AAp?$AAa?$AAc?$AAk?$AAa?$AAg?$AAe?$AA?9?$AAc?$AAu?$AAr?$AAr@ 0040fcf8     libucrt:winapi_thunks.obj
 0002:00001d50       ??_C@_1EG@DBIOJECG@?$AAe?$AAx?$AAt?$AA?9?$AAm?$AAs?$AA?9?$AAw?$AAi?$AAn?$AA?9?$AAn?$AAt?$AAu?$AAs?$AAe?$AAr?$AA?9?$AAd?$AAi?$AAa?$AAl?$AAo?$AAg?$AAb?$AAo?$AAx?$AA?9?$AAl?$AA1?$AA?9?$AA1@ 0040fd50     libucrt:winapi_thunks.obj
 0002:00001d98       ??_C@_1EO@FIHMJCLF@?$AAe?$AAx?$AAt?$AA?9?$AAm?$AAs?$AA?9?$AAw?$AAi?$AAn?$AA?9?$AAn?$AAt?$AAu?$AAs?$AAe?$AAr?$AA?9?$AAw?$AAi?$AAn?$AAd?$AAo?$AAw?$AAs?$AAt?$AAa?$AAt?$AAi?$AAo?$AAn?$AA?9@ 0040fd98     libucrt:winapi_thunks.obj
 0002:00001de8       ??_C@_1O@BCCLBEOE@?$AAu?$AAs?$AAe?$AAr?$AA3?$AA2?$AA?$AA@ 0040fde8     libucrt:winapi_thunks.obj
 0002:00001e20       ??_C@_0BE@JOGNEJCI@GetCurrentPackageId?$AA@ 0040fe20     libucrt:winapi_thunks.obj
 0002:00001e44       ??_C@_0O@KKBNKAPF@LCMapStringEx?$AA@ 0040fe44     libucrt:winapi_thunks.obj
 0002:00001e5c       ??_C@_0BB@HBDEELFH@LocaleNameToLCID?$AA@ 0040fe5c     libucrt:winapi_thunks.obj
 0002:00001e70       ___newctype                0040fe70     libucrt:ctype.obj
 0002:00002170       ___newclmap                00410170     libucrt:ctype.obj
 0002:000022f0       ___newcumap                004102f0     libucrt:ctype.obj
 0002:00002470       ??_C@_03KOEHGMDN@Sun?$AA@  00410470     libucrt:nlsdata.obj
 0002:00002474       ??_C@_03PDAGKDH@Mon?$AA@   00410474     libucrt:nlsdata.obj
 0002:00002478       ??_C@_03NAGEINEP@Tue?$AA@  00410478     libucrt:nlsdata.obj
 0002:0000247c       ??_C@_03MHOMLAJA@Wed?$AA@  0041047c     libucrt:nlsdata.obj
 0002:00002480       ??_C@_03IOFIKPDN@Thu?$AA@  00410480     libucrt:nlsdata.obj
 0002:00002484       ??_C@_03IDIOELNC@Fri?$AA@  00410484     libucrt:nlsdata.obj
 0002:00002488       ??_C@_03FEFJNEK@Sat?$AA@   00410488     libucrt:nlsdata.obj
 0002:0000248c       ??_C@_06OOPIFAJ@Sunday?$AA@ 0041048c     libucrt:nlsdata.obj
 0002:00002494       ??_C@_06JLEDEDGH@Monday?$AA@ 00410494     libucrt:nlsdata.obj
 0002:0000249c       ??_C@_07BAAGCFCM@Tuesday?$AA@ 0041049c     libucrt:nlsdata.obj
 0002:000024a4       ??_C@_09DLIGFAKA@Wednesday?$AA@ 004104a4     libucrt:nlsdata.obj
 0002:000024b0       ??_C@_08HACCIKIA@Thursday?$AA@ 004104b0     libucrt:nlsdata.obj
 0002:000024bc       ??_C@_06JECMNKMI@Friday?$AA@ 004104bc     libucrt:nlsdata.obj
 0002:000024c4       ??_C@_08INBOOONO@Saturday?$AA@ 004104c4     libucrt:nlsdata.obj
 0002:000024d0       ??_C@_03JIHJHPIE@Jan?$AA@  004104d0     libucrt:nlsdata.obj
 0002:000024d4       ??_C@_03HJBDCHOM@Feb?$AA@  004104d4     libucrt:nlsdata.obj
 0002:000024d8       ??_C@_03ODNJBKGA@Mar?$AA@  004104d8     libucrt:nlsdata.obj
 0002:000024dc       ??_C@_03LEOLGMJP@Apr?$AA@  004104dc     libucrt:nlsdata.obj
 0002:000024e0       ??_C@_03CNMDKL@May?$AA@    004104e0     libucrt:nlsdata.obj
 0002:000024e4       ??_C@_03IDFGHECI@Jun?$AA@  004104e4     libucrt:nlsdata.obj
 0002:000024e8       ??_C@_03LBGABGKK@Jul?$AA@  004104e8     libucrt:nlsdata.obj
 0002:000024ec       ??_C@_03IFJFEIGA@Aug?$AA@  004104ec     libucrt:nlsdata.obj
 0002:000024f0       ??_C@_03GGCAPAJC@Sep?$AA@  004104f0     libucrt:nlsdata.obj
 0002:000024f4       ??_C@_03BMAOKBAD@Oct?$AA@  004104f4     libucrt:nlsdata.obj
 0002:000024f8       ??_C@_03JPJOFNIA@Nov?$AA@  004104f8     libucrt:nlsdata.obj
 0002:000024fc       ??_C@_03MKABNOCG@Dec?$AA@  004104fc     libucrt:nlsdata.obj
 0002:00002500       ??_C@_07CGJPFGJA@January?$AA@ 00410500     libucrt:nlsdata.obj
 0002:00002508       ??_C@_08GNJGEPFN@February?$AA@ 00410508     libucrt:nlsdata.obj
 0002:00002514       ??_C@_05HPCKOFNC@March?$AA@ 00410514     libucrt:nlsdata.obj
 0002:0000251c       ??_C@_05DMJDNLEJ@April?$AA@ 0041051c     libucrt:nlsdata.obj
 0002:00002524       ??_C@_04CNLMGBGM@June?$AA@ 00410524     libucrt:nlsdata.obj
 0002:0000252c       ??_C@_04MIEPOIFP@July?$AA@ 0041052c     libucrt:nlsdata.obj
 0002:00002534       ??_C@_06LBBHFDDG@August?$AA@ 00410534     libucrt:nlsdata.obj
 0002:0000253c       ??_C@_09BHHEALKD@September?$AA@ 0041053c     libucrt:nlsdata.obj
 0002:00002548       ??_C@_07JJNFCEND@October?$AA@ 00410548     libucrt:nlsdata.obj
 0002:00002550       ??_C@_08HCHEGEOA@November?$AA@ 00410550     libucrt:nlsdata.obj
 0002:0000255c       ??_C@_08EDHMEBNP@December?$AA@ 0041055c     libucrt:nlsdata.obj
 0002:00002568       ??_C@_02DEDBPAFC@AM?$AA@   00410568     libucrt:nlsdata.obj
 0002:0000256c       ??_C@_02CJNFDJBF@PM?$AA@   0041056c     libucrt:nlsdata.obj
 0002:00002570       ??_C@_08BPBNCDIB@MM?1dd?1yy?$AA@ 00410570     libucrt:nlsdata.obj
 0002:0000257c       ??_C@_0BE@CKGJFCPC@dddd?0?5MMMM?5dd?0?5yyyy?$AA@ 0041057c     libucrt:nlsdata.obj
 0002:00002590       ??_C@_08JCCMCCIL@HH?3mm?3ss?$AA@ 00410590     libucrt:nlsdata.obj
 0002:0000259c       ??_C@_17MBGCMIPB@?$AAS?$AAu?$AAn?$AA?$AA@ 0041059c     libucrt:nlsdata.obj
 0002:000025a4       ??_C@_17KBOMKBF@?$AAM?$AAo?$AAn?$AA?$AA@ 004105a4     libucrt:nlsdata.obj
 0002:000025ac       ??_C@_17BMKGEGOJ@?$AAT?$AAu?$AAe?$AA?$AA@ 004105ac     libucrt:nlsdata.obj
 0002:000025b4       ??_C@_17CJEDCEPE@?$AAW?$AAe?$AAd?$AA?$AA@ 004105b4     libucrt:nlsdata.obj
 0002:000025bc       ??_C@_17PDPHAADD@?$AAT?$AAh?$AAu?$AA?$AA@ 004105bc     libucrt:nlsdata.obj
 0002:000025c4       ??_C@_17HFOLPPLP@?$AAF?$AAr?$AAi?$AA?$AA@ 004105c4     libucrt:nlsdata.obj
 0002:000025cc       ??_C@_17GGIBDPIH@?$AAS?$AAa?$AAt?$AA?$AA@ 004105cc     libucrt:nlsdata.obj
 0002:000025d4       ??_C@_1O@IHNHDHPB@?$AAS?$AAu?$AAn?$AAd?$AAa?$AAy?$AA?$AA@ 004105d4     libucrt:nlsdata.obj
 0002:000025e4       ??_C@_1O@MMNBFLIA@?$AAM?$AAo?$AAn?$AAd?$AAa?$AAy?$AA?$AA@ 004105e4     libucrt:nlsdata.obj
 0002:000025f4       ??_C@_1BA@ENFBFFEK@?$AAT?$AAu?$AAe?$AAs?$AAd?$AAa?$AAy?$AA?$AA@ 004105f4     libucrt:nlsdata.obj
 0002:00002604       ??_C@_1BE@EBOGMDOH@?$AAW?$AAe?$AAd?$AAn?$AAe?$AAs?$AAd?$AAa?$AAy?$AA?$AA@ 00410604     libucrt:nlsdata.obj
 0002:00002618       ??_C@_1BC@HHMNLIHE@?$AAT?$AAh?$AAu?$AAr?$AAs?$AAd?$AAa?$AAy?$AA?$AA@ 00410618     libucrt:nlsdata.obj
 0002:0000262c       ??_C@_1O@PDICJHAG@?$AAF?$AAr?$AAi?$AAd?$AAa?$AAy?$AA?$AA@ 0041062c     libucrt:nlsdata.obj
 0002:0000263c       ??_C@_1BC@ENMNNPAJ@?$AAS?$AAa?$AAt?$AAu?$AAr?$AAd?$AAa?$AAy?$AA?$AA@ 0041063c     libucrt:nlsdata.obj
 0002:00002650       ??_C@_17DKNBKCHM@?$AAJ?$AAa?$AAn?$AA?$AA@ 00410650     libucrt:nlsdata.obj
 0002:00002658       ??_C@_17LMDJEKJN@?$AAF?$AAe?$AAb?$AA?$AA@ 00410658     libucrt:nlsdata.obj
 0002:00002660       ??_C@_17CKNLEDEC@?$AAM?$AAa?$AAr?$AA?$AA@ 00410660     libucrt:nlsdata.obj
 0002:00002668       ??_C@_17LFPOIHDD@?$AAA?$AAp?$AAr?$AA?$AA@ 00410668     libucrt:nlsdata.obj
 0002:00002670       ??_C@_17PNNKMEED@?$AAM?$AAa?$AAy?$AA?$AA@ 00410670     libucrt:nlsdata.obj
 0002:00002678       ??_C@_17KCJGOCPB@?$AAJ?$AAu?$AAn?$AA?$AA@ 00410678     libucrt:nlsdata.obj
 0002:00002680       ??_C@_17IJPCKHK@?$AAJ?$AAu?$AAl?$AA?$AA@ 00410680     libucrt:nlsdata.obj
 0002:00002688       ??_C@_17ICPELBCN@?$AAA?$AAu?$AAg?$AA?$AA@ 00410688     libucrt:nlsdata.obj
 0002:00002690       ??_C@_17HCHCOKMG@?$AAS?$AAe?$AAp?$AA?$AA@ 00410690     libucrt:nlsdata.obj
 0002:00002698       ??_C@_17FNLKOI@?$AAO?$AAc?$AAt?$AA?$AA@ 00410698     libucrt:nlsdata.obj
 0002:000026a0       ??_C@_17BBDMLCIG@?$AAN?$AAo?$AAv?$AA?$AA@ 004106a0     libucrt:nlsdata.obj
 0002:000026a8       ??_C@_17EGKACKIF@?$AAD?$AAe?$AAc?$AA?$AA@ 004106a8     libucrt:nlsdata.obj
 0002:000026b0       ??_C@_1BA@EFMEIEBA@?$AAJ?$AAa?$AAn?$AAu?$AAa?$AAr?$AAy?$AA?$AA@ 004106b0     libucrt:nlsdata.obj
 0002:000026c0       ??_C@_1BC@JGDDFFAM@?$AAF?$AAe?$AAb?$AAr?$AAu?$AAa?$AAr?$AAy?$AA?$AA@ 004106c0     libucrt:nlsdata.obj
 0002:000026d4       ??_C@_1M@IKEENEDF@?$AAM?$AAa?$AAr?$AAc?$AAh?$AA?$AA@ 004106d4     libucrt:nlsdata.obj
 0002:000026e0       ??_C@_1M@GJNLMHFD@?$AAA?$AAp?$AAr?$AAi?$AAl?$AA?$AA@ 004106e0     libucrt:nlsdata.obj
 0002:000026ec       ??_C@_19EPFLPGAP@?$AAJ?$AAu?$AAn?$AAe?$AA?$AA@ 004106ec     libucrt:nlsdata.obj
 0002:000026f8       ??_C@_19BIFMLPCD@?$AAJ?$AAu?$AAl?$AAy?$AA?$AA@ 004106f8     libucrt:nlsdata.obj
 0002:00002704       ??_C@_1O@PAHLKOAC@?$AAA?$AAu?$AAg?$AAu?$AAs?$AAt?$AA?$AA@ 00410704     libucrt:nlsdata.obj
 0002:00002714       ??_C@_1BE@DKAAMBJL@?$AAS?$AAe?$AAp?$AAt?$AAe?$AAm?$AAb?$AAe?$AAr?$AA?$AA@ 00410714     libucrt:nlsdata.obj
 0002:00002728       ??_C@_1BA@EPANDLNG@?$AAO?$AAc?$AAt?$AAo?$AAb?$AAe?$AAr?$AA?$AA@ 00410728     libucrt:nlsdata.obj
 0002:00002738       ??_C@_1BC@BGLIFPF@?$AAN?$AAo?$AAv?$AAe?$AAm?$AAb?$AAe?$AAr?$AA?$AA@ 00410738     libucrt:nlsdata.obj
 0002:0000274c       ??_C@_1BC@FEMKIFH@?$AAD?$AAe?$AAc?$AAe?$AAm?$AAb?$AAe?$AAr?$AA?$AA@ 0041074c     libucrt:nlsdata.obj
 0002:00002760       ??_C@_15ODEHAHHF@?$AAA?$AAM?$AA?$AA@ 00410760     libucrt:nlsdata.obj
 0002:00002768       ??_C@_15CLMNNGEL@?$AAP?$AAM?$AA?$AA@ 00410768     libucrt:nlsdata.obj
 0002:00002770       ??_C@_1BC@IEBCMHCM@?$AAM?$AAM?$AA?1?$AAd?$AAd?$AA?1?$AAy?$AAy?$AA?$AA@ 00410770     libucrt:nlsdata.obj
 0002:00002784       ??_C@_1CI@KNAKOEBC@?$AAd?$AAd?$AAd?$AAd?$AA?0?$AA?5?$AAM?$AAM?$AAM?$AAM?$AA?5?$AAd?$AAd?$AA?0?$AA?5?$AAy?$AAy?$AAy?$AAy?$AA?$AA@ 00410784     libucrt:nlsdata.obj
 0002:000027ac       ??_C@_1BC@GDGBMEMK@?$AAH?$AAH?$AA?3?$AAm?$AAm?$AA?3?$AAs?$AAs?$AA?$AA@ 004107ac     libucrt:nlsdata.obj
 0002:000027c0       ??_C@_1M@BMHNFIME@?$AAe?$AAn?$AA?9?$AAU?$AAS?$AA?$AA@ 004107c0     libucrt:nlsdata.obj
 0002:000027d0       ___lc_time_c               004107d0     libucrt:nlsdata.obj
 0002:00002934       ??_C@_15PJPFLCCM@?$AAu?$AAk?$AA?$AA@ 00410934     libucrt:get_qualified_locale.obj
 0002:000029e0       __indefinite               004109e0     libucrt:87disp.obj
 0002:000029ea       __piby2                    004109ea     libucrt:87disp.obj
 0002:000029f4       __piby4                    004109f4     libucrt:87disp.obj
[...]
 0002:000002bc       _x17FF                     0040e2bc     LIBCMT:_ftol3_.obj
 0002:000002c0       _CWMask                    0040e2c0     LIBCMT:_ftol3_.obj
 0002:000002c4       _GS_ExceptionPointers      0040e2c4     LIBCMT:gs_report.obj
 0002:000002f8       ?module_names@?A0x4d80baa5@@3QBQB_WB 0040e2f8     libvcruntime:winapi_downlevel.obj
 0002:000003a8       ?candidate_modules@?1??try_get_EventRegister@@YAP6GKPBU_GUID@@P6GX0KE_K1PAU_EVENT_FILTER_DESCRIPTOR@@PAX@Z3PA_K@ZXZ@4QBW4module_id@?A0x4d80baa5@@B 0040e3a8     libvcruntime:winapi_downlevel.obj
 0002:000003bc       ?candidate_modules@?1??try_get_EventSetInformation@@YAP6GK_KW4_EVENT_INFO_CLASS@@PAXK@ZXZ@4QBW4module_id@?A0x4d80baa5@@B 0040e3bc     libvcruntime:winapi_downlevel.obj
 0002:000003d4       ?candidate_modules@?1??try_get_EventUnregister@@YAP6GK_K@ZXZ@4QBW4module_id@?A0x4d80baa5@@B 0040e3d4     libvcruntime:winapi_downlevel.obj
 0002:000003e8       ?candidate_modules@?1??try_get_EventWriteTransfer@@YAP6GK_KPBU_EVENT_DESCRIPTOR@@PBU_GUID@@2KPAU_EVENT_DATA_DESCRIPTOR@@@ZXZ@4QBW4module_id@?A0x4d80baa5@@B 0040e3e8     libvcruntime:winapi_downlevel.obj
 0002:00000400       ?candidate_modules@?1??try_get_FlsAlloc@@YAP6GKP6GXPAX@Z@ZXZ@4QBW4module_id@?A0x4d80baa5@@B 0040e400     libvcruntime:winapi_downlevel.obj
 0002:00000414       ?candidate_modules@?1??try_get_FlsFree@@YAP6GHK@ZXZ@4QBW4module_id@?A0x4d80baa5@@B 0040e414     libvcruntime:winapi_downlevel.obj
 0002:00000430       ?candidate_modules@?1??try_get_FlsSetValue@@YAP6GHKPAX@ZXZ@4QBW4module_id@?A0x4d80baa5@@B 0040e430     libvcruntime:winapi_downlevel.obj
 0002:00000444       ?candidate_modules@?1??try_get_InitializeCriticalSectionEx@@YAP6GHPAU_RTL_CRITICAL_SECTION@@KK@ZXZ@4QBW4module_id@?A0x4d80baa5@@B 0040e444     libvcruntime:winapi_downlevel.obj
 0002:00000468       ?tokenTable@@3QBQBDB       0040e468     libvcruntime:undname.obj
 0002:000004a0       ?nameTable@@3QBQBDB        0040e4a0     libvcruntime:undname.obj
 0002:000005e4       ?rttiTable@@3QBQBDB        0040e5e4     libvcruntime:undname.obj
 0002:00000bd0       SC_1                       0040ebd0     libucrt:sin_sse2_precise.obj
 0002:00000be0       SC_2                       0040ebe0     libucrt:sin_sse2_precise.obj
 0002:00000bf0       SC_3                       0040ebf0     libucrt:sin_sse2_precise.obj
 0002:00000c00       SC_4                       0040ec00     libucrt:sin_sse2_precise.obj
 0002:00000c10       PI32INV                    0040ec10     libucrt:sin_sse2_precise.obj
 0002:00000c18       SHIFTER                    0040ec18     libucrt:sin_sse2_precise.obj
 0002:00000c20       P_2                        0040ec20     libucrt:sin_sse2_precise.obj
 0002:00000c30       P_1                        0040ec30     libucrt:sin_sse2_precise.obj
 0002:00000c38       P_3                        0040ec38     libucrt:sin_sse2_precise.obj
 0002:00000c40       TWO_POW_55                 0040ec40     libucrt:sin_sse2_precise.obj
 0002:00000c48       TWO_POW_M55                0040ec48     libucrt:sin_sse2_precise.obj
 0002:00000c50       ALL_ONES                   0040ec50     libucrt:sin_sse2_precise.obj
 0002:00000c58       NEG_ZERO                   0040ec58     libucrt:sin_sse2_precise.obj
 0002:00000c60       ONE                        0040ec60     libucrt:sin_sse2_precise.obj
 0002:00000d18       ?_names@?1??_get_fname@@9@9 0040ed18     libucrt:fpexcept.obj
 0002:00000ef0       ___acrt_initializers       0040eef0     libucrt:initialization.obj
 0002:00000f70       _NAME_                     0040ef70     libucrt:sin.obj
 0002:00001780       _errtable                  0040f780     libucrt:errno.obj
 0002:00001900       _over                      0040f900     libucrt:fpctrl.obj
 0002:0000190c       _under                     0040f90c     libucrt:fpctrl.obj
 0002:00001918       __mb_locale_names          0040f918     libucrt:mbctype.obj
 0002:00001958       _module_names              0040f958     libucrt:winapi_thunks.obj
 0002:00001df8       ?candidate_modules@?1??try_get_FlsAlloc@@YAP6GKP6GXPAX@Z@ZXZ@4QBW4module_id@?A0x9b56aee1@@B 0040fdf8     libucrt:winapi_thunks.obj
 0002:00001e00       ?candidate_modules@?1??try_get_FlsFree@@YAP6GHK@ZXZ@4QBW4module_id@?A0x9b56aee1@@B 0040fe00     libucrt:winapi_thunks.obj
 0002:00001e08       ?candidate_modules@?1??try_get_FlsGetValue@@YAP6GPAXK@ZXZ@4QBW4module_id@?A0x9b56aee1@@B 0040fe08     libucrt:winapi_thunks.obj
 0002:00001e10       ?candidate_modules@?1??try_get_FlsSetValue@@YAP6GHKPAX@ZXZ@4QBW4module_id@?A0x9b56aee1@@B 0040fe10     libucrt:winapi_thunks.obj
 0002:00001e18       ?candidate_modules@?1??try_get_GetCurrentPackageId@@YAP6GJPAIPAE@ZXZ@4QBW4module_id@?A0x9b56aee1@@B 0040fe18     libucrt:winapi_thunks.obj
 0002:00001e34       ?candidate_modules@?1??try_get_InitializeCriticalSectionEx@@YAP6GHPAU_RTL_CRITICAL_SECTION@@KK@ZXZ@4QBW4module_id@?A0x9b56aee1@@B 0040fe34     libucrt:winapi_thunks.obj
 0002:00001e3c       ?candidate_modules@?1??try_get_LCMapStringEx@@YAP6GHPB_WK0HPA_WHPAU_nlsversioninfo@@PAXJ@ZXZ@4QBW4module_id@?A0x9b56aee1@@B 0040fe3c     libucrt:winapi_thunks.obj
 0002:00001e54       ?candidate_modules@?1??try_get_LocaleNameToLCID@@YAP6GKPB_WK@ZXZ@4QBW4module_id@?A0x9b56aee1@@B 0040fe54     libucrt:winapi_thunks.obj
 0002:00002940       SC_1                       00410940     libucrt:sin_pentium4.obj
 0002:00002950       SC_2                       00410950     libucrt:sin_pentium4.obj
 0002:00002960       SC_3                       00410960     libucrt:sin_pentium4.obj
 0002:00002970       SC_4                       00410970     libucrt:sin_pentium4.obj
 0002:00002980       PI32INV                    00410980     libucrt:sin_pentium4.obj
 0002:00002988       SHIFTER                    00410988     libucrt:sin_pentium4.obj
 0002:00002990       P_2                        00410990     libucrt:sin_pentium4.obj
 0002:000029a0       P_1                        004109a0     libucrt:sin_pentium4.obj
 0002:000029a8       P_3                        004109a8     libucrt:sin_pentium4.obj
 0002:000029b0       TWO_POW_55                 004109b0     libucrt:sin_pentium4.obj
 0002:000029b8       TWO_POW_M55                004109b8     libucrt:sin_pentium4.obj
 0002:000029c0       ALL_ONES                   004109c0     libucrt:sin_pentium4.obj
 0002:000029c8       NEG_ZERO                   004109c8     libucrt:sin_pentium4.obj
 0002:000029d0       ONE                        004109d0     libucrt:sin_pentium4.obj
 0002:000029fe       One                        004109fe     libucrt:87disp.obj
 0002:00002a06       Three                      00410a06     libucrt:87disp.obj
 0002:00002a0e       XAMtoTagTab                00410a0e     libucrt:87disp.obj
 0002:00002a20       One                        00410a20     libucrt:common.obj
 0002:00002a34       DblMax                     00410a34     libucrt:common.obj
 0002:00002a3c       DblMin                     00410a3c     libucrt:common.obj
 0002:00002a44       IeeeAdjO                   00410a44     libucrt:common.obj
 0002:00002a4c       IeeeAdjU                   00410a4c     libucrt:common.obj
 0002:00002a54       _infinity                  00410a54     libucrt:common.obj
 0002:00002a5c       _zero                      00410a5c     libucrt:common.obj
 0002:00002a68       _LcidToLocaleNameTable     00410a68     libucrt:lcidtoname_downlevel.obj
 0002:00003b88       _LocaleNameToIndexTable    00411b88     libucrt:lcidtoname_downlevel.obj
 0002:00004ae0       LOG_name                   00412ae0     libucrt:log10.obj
 0002:00004af0       _One                       00412af0     libucrt:ceil_pentium4.obj
 0002:00004b00       _Bns                       00412b00     libucrt:ceil_pentium4.obj
 0002:00004b10       _Zero                      00412b10     libucrt:ceil_pentium4.obj
 0002:00004b20       _S                         00412b20     libucrt:ceil_pentium4.obj
 0002:00004b30       _NegZero                   00412b30     libucrt:ceil_pentium4.obj
 0002:00004b40       emask                      00412b40     libucrt:log10_pentium4.obj
 0002:00004b50       CC                         00412b50     libucrt:log10_pentium4.obj
 0002:00004b60       Magic                      00412b60     libucrt:log10_pentium4.obj
 0002:00004b70       hi_mask                    00412b70     libucrt:log10_pentium4.obj
 0002:00004b80       LOG10_2                    00412b80     libucrt:log10_pentium4.obj
 0002:00004b90       place_L                    00412b90     libucrt:log10_pentium4.obj
 0002:00004bb0       One                        00412bb0     libucrt:log10_pentium4.obj
 0002:00004bc0       Zero                       00412bc0     libucrt:log10_pentium4.obj
 0002:00004bd0       Two52                      00412bd0     libucrt:log10_pentium4.obj
 0002:00004be0       Infs                       00412be0     libucrt:log10_pentium4.obj
 0002:00004bf0       NaN                        00412bf0     libucrt:log10_pentium4.obj
 0002:00004c00       coeff                      00412c00     libucrt:log10_pentium4.obj
 0002:00004c5e       _log2max                   00412c5e     libucrt:87tran.obj
 0002:00004c68       _smallarg                  00412c68     libucrt:87tran.obj
 0002:00004c72       _half                      00412c72     libucrt:87tran.obj
 0002:000055d0       ?_TlgEvent@?3??__telemetry_main_invoke_trigger@@9@4U<unnamed-type-_TlgEvent>@?3??1@9@B 004135d0     libvcruntime:telemetry.obj
 0002:0000560c       ?_TlgEvent@?3??__telemetry_main_return_trigger@@9@4U<unnamed-type-_TlgEvent>@?3??1@9@B 0041360c     libvcruntime:telemetry.obj
 0002:00005647       ?_Tlg_Microsoft_CRTProviderProv_Meta@@3U<unnamed-type-_Tlg_Microsoft_CRTProviderProv_Meta>@@B 00413647     libvcruntime:telemetry.obj
 0002:000059b0       __sehtable$?__scrt_common_main_seh@@YAHXZ 004139b0     LIBCMT:exe_winmain.obj
 0002:000059d0       __sehtable$___scrt_is_nonwritable_in_current_image 004139d0     LIBCMT:utility.obj
 0002:000059f0       __sehtable$?common_exit@@YAXHW4_crt_exit_cleanup_mode@@W4_crt_exit_return_mode@@@Z 004139f0     libucrt:exit.obj
 0002:00005a18       __sehtable$___acrt_uninitialize_locale 00413a18     libucrt:wsetlocale.obj
 0002:00005a38       __sehtable$??$?RV<lambda_800076c951b434888f4765a74a194fcc>@@AAV<lambda_4e60a939b0d047cfe11ddc22648dfba9>@@V<lambda_6dbb1268764f43b569ce7b67e331d33a>@@@?$__crt_seh_guarded_call@H@@QAEH$$QAV<lambda_800076c951b434888f4765a74a194fcc>@@AAV<lambda_4e60a939b0d047cfe11ddc22648dfba9>@@$$QAV<lambda_6dbb1268764f43b569ce7b67e331d33a>@@@Z 00413a38     libucrt:onexit.obj
 0002:00005a58       __sehtable$??$?RV<lambda_995298e7d72eb4c2aab26c0585b3abe5>@@AAV<lambda_275893d493268fdec8709772e3fcec0e>@@V<lambda_293819299cbf9a7022e18b56a874bb5c>@@@?$__crt_seh_guarded_call@H@@QAEH$$QAV<lambda_995298e7d72eb4c2aab26c0585b3abe5>@@AAV<lambda_275893d493268fdec8709772e3fcec0e>@@$$QAV<lambda_293819299cbf9a7022e18b56a874bb5c>@@@Z 00413a58     libucrt:onexit.obj
 0002:00005a78       __sehtable$_terminate      00413a78     libucrt:terminate.obj
 0002:00005a98       __sehtable$___set_fpsr_sse2 00413a98     libucrt:fpctrl.obj
 0002:00005ab8       __sehtable$??$?RV<lambda_9df27f884b057bc3edfc946cb5b7cf47>@@AAV<lambda_e69574bed617af4e071282c136b37893>@@V<lambda_cc0d902bcbbeb830f749456577db4721>@@@?$__crt_seh_guarded_call@X@@QAEX$$QAV<lambda_9df27f884b057bc3edfc946cb5b7cf47>@@AAV<lambda_e69574bed617af4e071282c136b37893>@@$$QAV<lambda_cc0d902bcbbeb830f749456577db4721>@@@Z 00413ab8     libucrt:per_thread_data.obj
 0002:00005ad8       __sehtable$??$?RV<lambda_3518db117f0e7cdb002338c5d3c47b6c>@@AAV<lambda_b2ea41f6bbb362cd97d94c6828d90b61>@@V<lambda_abdedf541bb04549bc734292b4a045d4>@@@?$__crt_seh_guarded_call@X@@QAEX$$QAV<lambda_3518db117f0e7cdb002338c5d3c47b6c>@@AAV<lambda_b2ea41f6bbb362cd97d94c6828d90b61>@@$$QAV<lambda_abdedf541bb04549bc734292b4a045d4>@@@Z 00413ad8     libucrt:per_thread_data.obj
 0002:00005af8       __sehtable$??$?RV<lambda_51b6e8b1eb166f2a3faf91f424b38130>@@AAV<lambda_6250bd4b2a391816dd638c3bf72b0bcb>@@V<lambda_0b5a4a3e68152e1d9b943535f5f47bed>@@@?$__crt_seh_guarded_call@X@@QAEX$$QAV<lambda_51b6e8b1eb166f2a3faf91f424b38130>@@AAV<lambda_6250bd4b2a391816dd638c3bf72b0bcb>@@$$QAV<lambda_0b5a4a3e68152e1d9b943535f5f47bed>@@@Z 00413af8     libucrt:per_thread_data.obj
 0002:00005b18       __sehtable$??$?RV<lambda_5b71d36f03204c0beab531769a5b5694>@@AAV<lambda_be2b3da3f62db62e9dad5dc70221a656>@@V<lambda_8f9ce462984622f9bf76b59e2aaaf805>@@@?$__crt_seh_guarded_call@X@@QAEX$$QAV<lambda_5b71d36f03204c0beab531769a5b5694>@@AAV<lambda_be2b3da3f62db62e9dad5dc70221a656>@@$$QAV<lambda_8f9ce462984622f9bf76b59e2aaaf805>@@@Z 00413b18     libucrt:per_thread_data.obj
 0002:00005b38       __sehtable$___acrt_update_thread_multibyte_data 00413b38     libucrt:mbctype.obj
 0002:00005b58       __sehtable$??$?RV<lambda_978dc153c237d78434369da87b74ff60>@@AAV<lambda_ad1ced32f4ac17aa236e5ef05d6b3b7c>@@V<lambda_4a8533e2866a575feecb8298ce776b0d>@@@?$__crt_seh_guarded_call@X@@QAEX$$QAV<lambda_978dc153c237d78434369da87b74ff60>@@AAV<lambda_ad1ced32f4ac17aa236e5ef05d6b3b7c>@@$$QAV<lambda_4a8533e2866a575feecb8298ce776b0d>@@@Z 00413b58     libucrt:mbctype.obj
 0002:00005b78       __sehtable$___acrt_lowio_ensure_fh_exists 00413b78     libucrt:osfinfo.obj
 0002:00005b98       __sehtable$___acrt_initialize_lowio 00413b98     libucrt:ioinit.obj
 0002:00005bb8       __sehtable$___acrt_update_thread_locale_data 00413bb8     libucrt:locale_refcounting.obj
 0002:00005bd8       __sehtable$__query_new_handler 00413bd8     libucrt:new_handler.obj
 0002:00005bf8       __sehtable$_raise          00413bf8     libucrt:signal.obj
 0002:00005c18       __sehtable$??$?RV<lambda_a048d3beccc847880fc8490e18b82769>@@AAV<lambda_ec61778202f4f5fc7e7711acc23c3bca>@@V<lambda_f7496a158712204296dd6628a163878e>@@@?$__crt_seh_guarded_call@P6AXH@Z@@QAEP6AXH@Z$$QAV<lambda_a048d3beccc847880fc8490e18b82769>@@AAV<lambda_ec61778202f4f5fc7e7711acc23c3bca>@@$$QAV<lambda_f7496a158712204296dd6628a163878e>@@@Z 00413c18     libucrt:signal.obj
 0002:00005c38       __sehtable$_common_flush_all 00413c38     libucrt:fflush.obj
 0002:00005c60       __sehtable$__fcloseall     00413c60     libucrt:closeall.obj
 0002:00005c80       __sehtable$??$?RV<lambda_61cee617f5178ae960314fd4d05640a0>@@AAV<lambda_6978c1fb23f02e42e1d9e99668cc68aa>@@V<lambda_9cd88cf8ad10232537feb2133f08c833>@@@?$__crt_seh_guarded_call@H@@QAEH$$QAV<lambda_61cee617f5178ae960314fd4d05640a0>@@AAV<lambda_6978c1fb23f02e42e1d9e99668cc68aa>@@$$QAV<lambda_9cd88cf8ad10232537feb2133f08c833>@@@Z 00413c80     libucrt:commit.obj
 0002:00005ca0       __sehtable$__write         00413ca0     libucrt:write.obj
 0002:00005cc0       __sehtable$_fclose         00413cc0     libucrt:fclose.obj
 0002:00005ce0       __sehtable$??$?RV<lambda_123407a5e2ac06da108355a851863b7a>@@AAV<lambda_2fe9b910cf3cbf4a0ab98a02ba45b3ec>@@V<lambda_ae55bdf541ad94d75914d381c370e64d>@@@?$__crt_seh_guarded_call@H@@QAEH$$QAV<lambda_123407a5e2ac06da108355a851863b7a>@@AAV<lambda_2fe9b910cf3cbf4a0ab98a02ba45b3ec>@@$$QAV<lambda_ae55bdf541ad94d75914d381c370e64d>@@@Z 00413ce0     libucrt:close.obj
 0002:00005d00       __sehtable$__IsNonwritableInCurrentImage 00413d00     LIBCMT:pesect.obj
 0002:00005f70       .idata$6                   00413f70     user32:USER32.dll
 0002:00005f8c       .idata$6                   00413f8c     gdi32:GDI32.dll
 0002:00006120       .idata$6                   00414120     kernel32:KERNEL32.dll
 0002:000064a0       .idata$6                   004144a0     advapi32:ADVAPI32.dll
 0003:00000000       ?XInputGetState_@@3P6GKKPAU_XINPUT_STATE@@@ZA 00415000     win32_handmade.obj
 0003:00000004       ?XInputSetState_@@3P6GKKPAU_XINPUT_VIBRATION@@@ZA 00415004     win32_handmade.obj
 0003:00000008       ?ToneVolume@?1??GameOutputSound@@YAXPAUgame_sound_output_buffer@@H@Z@4FA 00415008     win32_handmade.obj
 0003:00000040       ?_Tlg_Microsoft_CRTProviderProv@@3U_TlgProvider_t@__vcrt_trace_logging_provider@@A 00415040     libvcruntime:telemetry.obj
 0003:00000080       ?__vcrt_flsindex@@3KA      00415080     libvcruntime:per_thread_data.obj
 0003:000000b0       _errno_no_memory           004150b0     libucrt:errno.obj
 0003:000000b4       _doserrno_no_memory        004150b4     libucrt:errno.obj
 0003:000000b8       ?__DAZ_ENABLED@?1??__set_fpsr_sse2@@9@9 004150b8     libucrt:fpctrl.obj
 0003:000000bc       ___acrt_flsindex           004150bc     libucrt:per_thread_data.obj
 0003:000000c0       ___rgctypeflag             004150c0     libucrt:mbctype.obj
 0003:000000c8       ___rgcode_page_info        004150c8     libucrt:mbctype.obj
 0003:000007d0       ?tSine@?1??GameOutputSound@@YAXPAUgame_sound_output_buffer@@H@Z@4MA 004157d0     win32_handmade.obj
 0003:000007d4       ?GlobalRunning@@3_NA       004157d4     win32_handmade.obj
 0003:000007d8       ?GlobalBackBuffer@@3Uwin32_screen_buffer@@A 004157d8     win32_handmade.obj
 0003:00000810       ?GlobalSecondaryBuffer@@3PAUIDirectSoundBuffer@@A 00415810     win32_handmade.obj
 0003:00000818       _GS_ExceptionRecord        00415818     LIBCMT:gs_report.obj
 0003:00000868       _GS_ContextRecord          00415868     LIBCMT:gs_report.obj
 0003:00000b3c       ?module_local_atexit_table@@3U_onexit_table_t@@A 00415b3c     LIBCMT:utility.obj
 0003:00000b48       ?module_local_at_quick_exit_table@@3U_onexit_table_t@@A 00415b48     LIBCMT:utility.obj
 0003:00000b54       ?is_initialized_as_dll@@3_NA 00415b54     LIBCMT:utility.obj
 0003:00000b7c       ?module_handles@@3PAPAUHINSTANCE__@@A 00415b7c     libvcruntime:winapi_downlevel.obj
 0003:00000b8c       ?encoded_function_pointers@@3PAPAXA 00415b8c     libvcruntime:winapi_downlevel.obj
 0003:00000bb0       ?__vcrt_startup_thread_ptd@@3U__vcrt_ptd@@A 00415bb0     libvcruntime:per_thread_data.obj
 0003:00000bd8       ___vcrt_lock_table         00415bd8     libvcruntime:locks.obj
 0003:00000bf0       ___vcrt_locks_initialized  00415bf0     libvcruntime:locks.obj
 0003:00000c20       ?heap@@3V_HeapManager@@A   00415c20     libvcruntime:undname.obj
 0003:00000c34       ___acrt_app_type           00415c34     libucrt:report_runtime_error.obj
 0003:00000c38       _user_matherr              00415c38     libucrt:matherr.obj
 0003:00000c40       ?program_name@?5???$common_configure_argv@D@@YAHW4_crt_argv_mode@@@Z@4PADA 00415c40     libucrt:argv_parsing.obj
 0003:00000d58       ?empty_string@?1???$common_wincmdln@D@@YAPADXZ@4PADA 00415d58     libucrt:argv_winmain.obj
 0003:00000d5c       _c_termination_complete    00415d5c     libucrt:exit.obj
 0003:00000d60       _thread_local_exit_callback_func 00415d60     libucrt:exit.obj
 0003:00000d64       ?c_exit_complete@?5??common_exit@@YAXHW4_crt_exit_cleanup_mode@@W4_crt_exit_return_mode@@@Z@4_NA 00415d64     libucrt:exit.obj
 0003:00000d6c       ___acrt_global_new_mode    00415d6c     libucrt:new_mode.obj
 0003:00000d8c       ___acrt_invalid_parameter_handler 00415d8c     libucrt:invalid_parameter.obj
 0003:00000da8       _fSystemSet                00415da8     libucrt:mbctype.obj
 0003:00000dac       ?initialized@?1??__acrt_initialize_multibyte@@9@4_NA 00415dac     libucrt:mbctype.obj
 0003:00000dc8       ___acrt_lock_table         00415dc8     libucrt:locks.obj
 0003:00000f00       ___acrt_locks_initialized  00415f00     libucrt:locks.obj
 0003:00000f08       _module_handles            00415f08     libucrt:winapi_thunks.obj
 0003:00000f58       _encoded_function_pointers 00415f58     libucrt:winapi_thunks.obj
 0003:00000fd8       ?state_cache@?1??__acrt_is_packaged_app@@9@4JA 00415fd8     libucrt:winapi_thunks.obj
 0003:000011f4       ___acrt_new_handler        004161f4     libucrt:new_handler.obj
 0003:000011f8       _ctrlc_action              004161f8     libucrt:signal.obj
 0003:000011fc       _ctrlbreak_action          004161fc     libucrt:signal.obj
 0003:00001200       _abort_action              00416200     libucrt:signal.obj
 0003:00001204       _term_action               00416204     libucrt:signal.obj
 0003:0000121c       __pmatherr_set             0041621c     libucrt:libm_error.obj
